Archive member included to satisfy reference by file (symbol)

/home/chibbol/Ac6/SystemWorkbench/plugins/fr.ac6.mcu.externaltools.arm-none.linux64_1.13.1.201707031232/tools/compiler/bin/../lib/gcc/arm-none-eabi/5.4.1/armv7e-m/fpu/fpv5-sp-d16/libgcc.a(_arm_addsubdf3.o)
                              CtrlLoop/User/main.o (__aeabi_f2d)
/home/chibbol/Ac6/SystemWorkbench/plugins/fr.ac6.mcu.externaltools.arm-none.linux64_1.13.1.201707031232/tools/compiler/bin/../lib/gcc/arm-none-eabi/5.4.1/../../../../arm-none-eabi/lib/armv7e-m/fpu/fpv5-sp-d16/libc_nano.a(lib_a-exit.o)
                              /home/chibbol/Ac6/SystemWorkbench/plugins/fr.ac6.mcu.externaltools.arm-none.linux64_1.13.1.201707031232/tools/compiler/bin/../lib/gcc/arm-none-eabi/5.4.1/../../../../arm-none-eabi/lib/armv7e-m/fpu/fpv5-sp-d16/crt0.o (exit)
/home/chibbol/Ac6/SystemWorkbench/plugins/fr.ac6.mcu.externaltools.arm-none.linux64_1.13.1.201707031232/tools/compiler/bin/../lib/gcc/arm-none-eabi/5.4.1/../../../../arm-none-eabi/lib/armv7e-m/fpu/fpv5-sp-d16/libc_nano.a(lib_a-impure.o)
                              /home/chibbol/Ac6/SystemWorkbench/plugins/fr.ac6.mcu.externaltools.arm-none.linux64_1.13.1.201707031232/tools/compiler/bin/../lib/gcc/arm-none-eabi/5.4.1/../../../../arm-none-eabi/lib/armv7e-m/fpu/fpv5-sp-d16/libc_nano.a(lib_a-exit.o) (_global_impure_ptr)
/home/chibbol/Ac6/SystemWorkbench/plugins/fr.ac6.mcu.externaltools.arm-none.linux64_1.13.1.201707031232/tools/compiler/bin/../lib/gcc/arm-none-eabi/5.4.1/../../../../arm-none-eabi/lib/armv7e-m/fpu/fpv5-sp-d16/libc_nano.a(lib_a-init.o)
                              /home/chibbol/Ac6/SystemWorkbench/plugins/fr.ac6.mcu.externaltools.arm-none.linux64_1.13.1.201707031232/tools/compiler/bin/../lib/gcc/arm-none-eabi/5.4.1/../../../../arm-none-eabi/lib/armv7e-m/fpu/fpv5-sp-d16/crt0.o (__libc_init_array)
/home/chibbol/Ac6/SystemWorkbench/plugins/fr.ac6.mcu.externaltools.arm-none.linux64_1.13.1.201707031232/tools/compiler/bin/../lib/gcc/arm-none-eabi/5.4.1/../../../../arm-none-eabi/lib/armv7e-m/fpu/fpv5-sp-d16/libc_nano.a(lib_a-memset.o)
                              /home/chibbol/Ac6/SystemWorkbench/plugins/fr.ac6.mcu.externaltools.arm-none.linux64_1.13.1.201707031232/tools/compiler/bin/../lib/gcc/arm-none-eabi/5.4.1/../../../../arm-none-eabi/lib/armv7e-m/fpu/fpv5-sp-d16/crt0.o (memset)
/home/chibbol/Ac6/SystemWorkbench/plugins/fr.ac6.mcu.externaltools.arm-none.linux64_1.13.1.201707031232/tools/compiler/bin/../lib/gcc/arm-none-eabi/5.4.1/../../../../arm-none-eabi/lib/armv7e-m/fpu/fpv5-sp-d16/libc_nano.a(lib_a-nano-vfprintf_float.o)
                              (_printf_float)
/home/chibbol/Ac6/SystemWorkbench/plugins/fr.ac6.mcu.externaltools.arm-none.linux64_1.13.1.201707031232/tools/compiler/bin/../lib/gcc/arm-none-eabi/5.4.1/../../../../arm-none-eabi/lib/armv7e-m/fpu/fpv5-sp-d16/libc_nano.a(lib_a-nano-vfprintf_i.o)
                              /home/chibbol/Ac6/SystemWorkbench/plugins/fr.ac6.mcu.externaltools.arm-none.linux64_1.13.1.201707031232/tools/compiler/bin/../lib/gcc/arm-none-eabi/5.4.1/../../../../arm-none-eabi/lib/armv7e-m/fpu/fpv5-sp-d16/libc_nano.a(lib_a-nano-vfprintf_float.o) (_printf_common)
/home/chibbol/Ac6/SystemWorkbench/plugins/fr.ac6.mcu.externaltools.arm-none.linux64_1.13.1.201707031232/tools/compiler/bin/../lib/gcc/arm-none-eabi/5.4.1/../../../../arm-none-eabi/lib/armv7e-m/fpu/fpv5-sp-d16/libc_nano.a(lib_a-sprintf.o)
                              CtrlLoop/User/main.o (sprintf)
/home/chibbol/Ac6/SystemWorkbench/plugins/fr.ac6.mcu.externaltools.arm-none.linux64_1.13.1.201707031232/tools/compiler/bin/../lib/gcc/arm-none-eabi/5.4.1/../../../../arm-none-eabi/lib/armv7e-m/fpu/fpv5-sp-d16/libc_nano.a(lib_a-strlen.o)
                              /home/chibbol/Ac6/SystemWorkbench/plugins/fr.ac6.mcu.externaltools.arm-none.linux64_1.13.1.201707031232/tools/compiler/bin/../lib/gcc/arm-none-eabi/5.4.1/../../../../arm-none-eabi/lib/armv7e-m/fpu/fpv5-sp-d16/libc_nano.a(lib_a-nano-vfprintf_float.o) (strlen)
/home/chibbol/Ac6/SystemWorkbench/plugins/fr.ac6.mcu.externaltools.arm-none.linux64_1.13.1.201707031232/tools/compiler/bin/../lib/gcc/arm-none-eabi/5.4.1/../../../../arm-none-eabi/lib/armv7e-m/fpu/fpv5-sp-d16/libc_nano.a(lib_a-dtoa.o)
                              /home/chibbol/Ac6/SystemWorkbench/plugins/fr.ac6.mcu.externaltools.arm-none.linux64_1.13.1.201707031232/tools/compiler/bin/../lib/gcc/arm-none-eabi/5.4.1/../../../../arm-none-eabi/lib/armv7e-m/fpu/fpv5-sp-d16/libc_nano.a(lib_a-nano-vfprintf_float.o) (_dtoa_r)
/home/chibbol/Ac6/SystemWorkbench/plugins/fr.ac6.mcu.externaltools.arm-none.linux64_1.13.1.201707031232/tools/compiler/bin/../lib/gcc/arm-none-eabi/5.4.1/../../../../arm-none-eabi/lib/armv7e-m/fpu/fpv5-sp-d16/libc_nano.a(lib_a-localeconv.o)
[...]
Memory Configuration

Name             Origin             Length             Attributes
FLASH            0x08000000         0x00100000         xr
RAM              0x20000000         0x00050000         xrw
*default*        0x00000000         0xffffffff

Linker script and memory map

LOAD /home/chibbol/Ac6/SystemWorkbench/plugins/fr.ac6.mcu.externaltools.arm-none.linux64_1.13.1.201707031232/tools/compiler/bin/../lib/gcc/arm-none-eabi/5.4.1/armv7e-m/fpu/fpv5-sp-d16/crti.o
LOAD /home/chibbol/Ac6/SystemWorkbench/plugins/fr.ac6.mcu.externaltools.arm-none.linux64_1.13.1.201707031232/tools/compiler/bin/../lib/gcc/arm-none-eabi/5.4.1/armv7e-m/fpu/fpv5-sp-d16/crtbegin.o
LOAD /home/chibbol/Ac6/SystemWorkbench/plugins/fr.ac6.mcu.externaltools.arm-none.linux64_1.13.1.201707031232/tools/compiler/bin/../lib/gcc/arm-none-eabi/5.4.1/../../../../arm-none-eabi/lib/armv7e-m/fpu/fpv5-sp-d16/crt0.o
LOAD CtrlLoop/SW4STM32/startup_stm32f746xx.o
LOAD CtrlLoop/User/control.o
LOAD CtrlLoop/User/main.o
LOAD CtrlLoop/User/stm32f7xx_hal_msp.o
LOAD CtrlLoop/User/stm32f7xx_it.o
LOAD Drivers/BSP/Components/ft5336.o
LOAD Drivers/BSP/STM32746G_Discovery/stm32746g_discovery.o
LOAD Drivers/BSP/STM32746G_Discovery/stm32746g_discovery_lcd.o
LOAD Drivers/BSP/STM32746G_Discovery/stm32746g_discovery_sdram.o
LOAD Drivers/BSP/STM32746G_Discovery/stm32746g_discovery_ts.o
LOAD Drivers/CMSIS/system_stm32f7xx.o
LOAD Drivers/STM32F7xx_HAL_Driver/stm32f7xx_hal.o
LOAD Drivers/STM32F7xx_HAL_Driver/stm32f7xx_hal_adc.o
LOAD Drivers/STM32F7xx_HAL_Driver/stm32f7xx_hal_adc_ex.o
LOAD Drivers/STM32F7xx_HAL_Driver/stm32f7xx_hal_cortex.o
LOAD Drivers/STM32F7xx_HAL_Driver/stm32f7xx_hal_dma.o
LOAD Drivers/STM32F7xx_HAL_Driver/stm32f7xx_hal_dma2d.o
LOAD Drivers/STM32F7xx_HAL_Driver/stm32f7xx_hal_dma_ex.o
LOAD Drivers/STM32F7xx_HAL_Driver/stm32f7xx_hal_flash.o
LOAD Drivers/STM32F7xx_HAL_Driver/stm32f7xx_hal_flash_ex.o
LOAD Drivers/STM32F7xx_HAL_Driver/stm32f7xx_hal_gpio.o
LOAD Drivers/STM32F7xx_HAL_Driver/stm32f7xx_hal_i2c.o
LOAD Drivers/STM32F7xx_HAL_Driver/stm32f7xx_hal_i2c_ex.o
LOAD Drivers/STM32F7xx_HAL_Driver/stm32f7xx_hal_ltdc.o
LOAD Drivers/STM32F7xx_HAL_Driver/stm32f7xx_hal_ltdc_ex.o
LOAD Drivers/STM32F7xx_HAL_Driver/stm32f7xx_hal_pwr.o
LOAD Drivers/STM32F7xx_HAL_Driver/stm32f7xx_hal_pwr_ex.o
LOAD Drivers/STM32F7xx_HAL_Driver/stm32f7xx_hal_rcc.o
LOAD Drivers/STM32F7xx_HAL_Driver/stm32f7xx_hal_rcc_ex.o
LOAD Drivers/STM32F7xx_HAL_Driver/stm32f7xx_hal_sdram.o
LOAD Drivers/STM32F7xx_HAL_Driver/stm32f7xx_hal_tim.o
LOAD Drivers/STM32F7xx_HAL_Driver/stm32f7xx_hal_tim_ex.o
LOAD Drivers/STM32F7xx_HAL_Driver/stm32f7xx_hal_uart.o
LOAD Drivers/STM32F7xx_HAL_Driver/stm32f7xx_ll_fmc.o
LOAD /home/chibbol/Ac6/SystemWorkbench/plugins/fr.ac6.mcu.externaltools.arm-none.linux64_1.13.1.201707031232/tools/compiler/bin/../lib/gcc/arm-none-eabi/5.4.1/../../../../arm-none-eabi/lib/armv7e-m/fpu/fpv5-sp-d16/libm.a
START GROUP
LOAD /home/chibbol/Ac6/SystemWorkbench/plugins/fr.ac6.mcu.externaltools.arm-none.linux64_1.13.1.201707031232/tools/compiler/bin/../lib/gcc/arm-none-eabi/5.4.1/armv7e-m/fpu/fpv5-sp-d16/libgcc.a
LOAD /home/chibbol/Ac6/SystemWorkbench/plugins/fr.ac6.mcu.externaltools.arm-none.linux64_1.13.1.201707031232/tools/compiler/bin/../lib/gcc/arm-none-eabi/5.4.1/../../../../arm-none-eabi/lib/armv7e-m/fpu/fpv5-sp-d16/libc_nano.a
END GROUP
START GROUP
LOAD /home/chibbol/Ac6/SystemWorkbench/plugins/fr.ac6.mcu.externaltools.arm-none.linux64_1.13.1.201707031232/tools/compiler/bin/../lib/gcc/arm-none-eabi/5.4.1/armv7e-m/fpu/fpv5-sp-d16/libgcc.a
LOAD /home/chibbol/Ac6/SystemWorkbench/plugins/fr.ac6.mcu.externaltools.arm-none.linux64_1.13.1.201707031232/tools/compiler/bin/../lib/gcc/arm-none-eabi/5.4.1/../../../../arm-none-eabi/lib/armv7e-m/fpu/fpv5-sp-d16/libc_nano.a
LOAD /home/chibbol/Ac6/SystemWorkbench/plugins/fr.ac6.mcu.externaltools.arm-none.linux64_1.13.1.201707031232/tools/compiler/bin/../lib/gcc/arm-none-eabi/5.4.1/../../../../arm-none-eabi/lib/armv7e-m/fpu/fpv5-sp-d16/libnosys.a
END GROUP
START GROUP
LOAD /home/chibbol/Ac6/SystemWorkbench/plugins/fr.ac6.mcu.externaltools.arm-none.linux64_1.13.1.201707031232/tools/compiler/bin/../lib/gcc/arm-none-eabi/5.4.1/armv7e-m/fpu/fpv5-sp-d16/libgcc.a
LOAD /home/chibbol/Ac6/SystemWorkbench/plugins/fr.ac6.mcu.externaltools.arm-none.linux64_1.13.1.201707031232/tools/compiler/bin/../lib/gcc/arm-none-eabi/5.4.1/../../../../arm-none-eabi/lib/armv7e-m/fpu/fpv5-sp-d16/libc_nano.a
LOAD /home/chibbol/Ac6/SystemWorkbench/plugins/fr.ac6.mcu.externaltools.arm-none.linux64_1.13.1.201707031232/tools/compiler/bin/../lib/gcc/arm-none-eabi/5.4.1/../../../../arm-none-eabi/lib/armv7e-m/fpu/fpv5-sp-d16/libnosys.a
END GROUP
LOAD /home/chibbol/Ac6/SystemWorkbench/plugins/fr.ac6.mcu.externaltools.arm-none.linux64_1.13.1.201707031232/tools/compiler/bin/../lib/gcc/arm-none-eabi/5.4.1/armv7e-m/fpu/fpv5-sp-d16/crtend.o
LOAD /home/chibbol/Ac6/SystemWorkbench/plugins/fr.ac6.mcu.externaltools.arm-none.linux64_1.13.1.201707031232/tools/compiler/bin/../lib/gcc/arm-none-eabi/5.4.1/armv7e-m/fpu/fpv5-sp-d16/crtn.o
                0x20050000                _estack = 0x20050000
                0x00000200                _Min_Heap_Size = 0x200
                0x00000400                _Min_Stack_Size = 0x400

.isr_vector     0x08000000      0x1c8
                0x08000000                . = ALIGN (0x4)
 *(.isr_vector)
 .isr_vector    0x08000000      0x1c8 CtrlLoop/SW4STM32/startup_stm32f746xx.o
                0x08000000                g_pfnVectors
                0x080001c8                . = ALIGN (0x4)

.text           0x080001d0     0x7704
                0x080001d0                . = ALIGN (0x4)
 *(.text)
 .text          0x080001d0       0x5c /home/chibbol/Ac6/SystemWorkbench/plugins/fr.ac6.mcu.externaltools.arm-none.linux64_1.13.1.201707031232/tools/compiler/bin/../lib/gcc/arm-none-eabi/5.4.1/armv7e-m/fpu/fpv5-sp-d16/crtbegin.o
 .text          0x0800022c      0x370 /home/chibbol/Ac6/SystemWorkbench/plugins/fr.ac6.mcu.externaltools.arm-none.linux64_1.13.1.201707031232/tools/compiler/bin/../lib/gcc/arm-none-eabi/5.4.1/armv7e-m/fpu/fpv5-sp-d16/libgcc.a(_arm_addsubdf3.o)
                0x0800022c                __aeabi_drsub
                0x08000234                __aeabi_dsub
                0x08000234                __subdf3
                0x08000238                __adddf3
                0x08000238                __aeabi_dadd
                0x080004b0                __aeabi_ui2d
                0x080004b0                __floatunsidf
                0x080004d0                __floatsidf
                0x080004d0                __aeabi_i2d
                0x080004f4                __extendsfdf2
                0x080004f4                __aeabi_f2d
                0x08000530                __aeabi_ul2d
                0x08000530                __floatundidf
                0x08000540                __floatdidf
                0x08000540                __aeabi_l2d
 .text          0x0800059c       0x10 /home/chibbol/Ac6/SystemWorkbench/plugins/fr.ac6.mcu.externaltools.arm-none.linux64_1.13.1.201707031232/tools/compiler/bin/../lib/gcc/arm-none-eabi/5.4.1/../../../../arm-none-eabi/lib/armv7e-m/fpu/fpv5-sp-d16/libc_nano.a(lib_a-strlen.o)
                0x0800059c                strlen
 *fill*         0x080005ac        0x4 
 .text          0x080005b0       0xa0 /home/chibbol/Ac6/SystemWorkbench/plugins/fr.ac6.mcu.externaltools.arm-none.linux64_1.13.1.201707031232/tools/compiler/bin/../lib/gcc/arm-none-eabi/5.4.1/../../../../arm-none-eabi/lib/armv7e-m/fpu/fpv5-sp-d16/libc_nano.a(lib_a-memchr.o)
                0x080005b0                memchr
 .text          0x08000650      0x424 /home/chibbol/Ac6/SystemWorkbench/plugins/fr.ac6.mcu.externaltools.arm-none.linux64_1.13.1.201707031232/tools/compiler/bin/../lib/gcc/arm-none-eabi/5.4.1/armv7e-m/fpu/fpv5-sp-d16/libgcc.a(_arm_muldivdf3.o)
                0x08000650                __aeabi_dmul
                0x08000650                __muldf3
                0x080008a4                __aeabi_ddiv
                0x080008a4                __divdf3
 .text          0x08000a74      0x110 /home/chibbol/Ac6/SystemWorkbench/plugins/fr.ac6.mcu.externaltools.arm-none.linux64_1.13.1.201707031232/tools/compiler/bin/../lib/gcc/arm-none-eabi/5.4.1/armv7e-m/fpu/fpv5-sp-d16/libgcc.a(_arm_cmpdf2.o)
                0x08000a74                __gtdf2
                0x08000a74                __gedf2
                0x08000a7c                __ltdf2
                0x08000a7c                __ledf2
                0x08000a84                __cmpdf2
                0x08000a84                __eqdf2
                0x08000a84                __nedf2
                0x08000b00                __aeabi_cdrcmple
                0x08000b10                __aeabi_cdcmple
                0x08000b10                __aeabi_cdcmpeq
                0x08000b20                __aeabi_dcmpeq
                0x08000b34                __aeabi_dcmplt
                0x08000b48                __aeabi_dcmple
                0x08000b5c                __aeabi_dcmpge
                0x08000b70                __aeabi_dcmpgt
 .text          0x08000b84       0x2c /home/chibbol/Ac6/SystemWorkbench/plugins/fr.ac6.mcu.externaltools.arm-none.linux64_1.13.1.201707031232/tools/compiler/bin/../lib/gcc/arm-none-eabi/5.4.1/armv7e-m/fpu/fpv5-sp-d16/libgcc.a(_arm_unorddf2.o)
                0x08000b84                __aeabi_dcmpun
                0x08000b84                __unorddf2
 .text          0x08000bb0       0x50 /home/chibbol/Ac6/SystemWorkbench/plugins/fr.ac6.mcu.externaltools.arm-none.linux64_1.13.1.201707031232/tools/compiler/bin/../lib/gcc/arm-none-eabi/5.4.1/armv7e-m/fpu/fpv5-sp-d16/libgcc.a(_arm_fixdfsi.o)
                0x08000bb0                __fixdfsi
                0x08000bb0                __aeabi_d2iz
 *(.text*)
 .text.Reset_Handler
                0x08000c00       0x50 CtrlLoop/SW4STM32/startup_stm32f746xx.o
                0x08000c00                Reset_Handler
 .text.Default_Handler
                0x08000c50        0x2 CtrlLoop/SW4STM32/startup_stm32f746xx.o
                0x08000c50                RTC_Alarm_IRQHandler
                0x08000c50                EXTI2_IRQHandler
                0x08000c50                TIM8_CC_IRQHandler
                0x08000c50                UART8_IRQHandler
                0x08000c50                SPI4_IRQHandler
                0x08000c50                TIM1_CC_IRQHandler
                0x08000c50                DMA2_Stream5_IRQHandler
                0x08000c50                DMA1_Stream5_IRQHandler
                0x08000c50                PVD_IRQHandler
                0x08000c50                TAMP_STAMP_IRQHandler
                0x08000c50                CAN2_RX1_IRQHandler
                0x08000c50                EXTI3_IRQHandler
                0x08000c50                TIM8_TRG_COM_TIM14_IRQHandler
                0x08000c50                TIM1_UP_TIM10_IRQHandler
                0x08000c50                TIM8_UP_TIM13_IRQHandler
                0x08000c50                I2C3_ER_IRQHandler
                0x08000c50                EXTI0_IRQHandler
                0x08000c50                I2C2_EV_IRQHandler
                0x08000c50                DMA1_Stream2_IRQHandler
                0x08000c50                CAN1_RX0_IRQHandler
                0x08000c50                FPU_IRQHandler
                0x08000c50                OTG_HS_WKUP_IRQHandler
                0x08000c50                LTDC_ER_IRQHandler
                0x08000c50                CAN2_SCE_IRQHandler
                0x08000c50                DMA2_Stream2_IRQHandler
                0x08000c50                SPI1_IRQHandler
                0x08000c50                TIM6_DAC_IRQHandler
                0x08000c50                TIM1_BRK_TIM9_IRQHandler
                0x08000c50                DCMI_IRQHandler
                0x08000c50                CAN2_RX0_IRQHandler
                0x08000c50                DMA2_Stream3_IRQHandler
                0x08000c50                SAI2_IRQHandler
                0x08000c50                USART6_IRQHandler
                0x08000c50                USART3_IRQHandler
                0x08000c50                CAN1_RX1_IRQHandler
                0x08000c50                UART5_IRQHandler
                0x08000c50                DMA2_Stream0_IRQHandler
                0x08000c50                TIM4_IRQHandler
                0x08000c50                QUADSPI_IRQHandler
                0x08000c50                I2C1_EV_IRQHandler
                0x08000c50                DMA1_Stream6_IRQHandler
                0x08000c50                DMA1_Stream1_IRQHandler
                0x08000c50                UART4_IRQHandler
                0x08000c50                TIM3_IRQHandler
                0x08000c50                RCC_IRQHandler
                0x08000c50                TIM8_BRK_TIM12_IRQHandler
                0x08000c50                Default_Handler
                0x08000c50                CEC_IRQHandler
                0x08000c50                EXTI15_10_IRQHandler
                0x08000c50                ADC_IRQHandler
                0x08000c50                DMA1_Stream7_IRQHandler
                0x08000c50                SPI5_IRQHandler
                0x08000c50                TIM7_IRQHandler
                0x08000c50                SDMMC1_IRQHandler
                0x08000c50                CAN2_TX_IRQHandler
                0x08000c50                TIM5_IRQHandler
                0x08000c50                DMA2_Stream7_IRQHandler
                0x08000c50                I2C3_EV_IRQHandler
                0x08000c50                EXTI9_5_IRQHandler
                0x08000c50                RTC_WKUP_IRQHandler
                0x08000c50                LTDC_IRQHandler
                0x08000c50                ETH_WKUP_IRQHandler
                0x08000c50                SPDIF_RX_IRQHandler
                0x08000c50                SPI2_IRQHandler
                0x08000c50                OTG_HS_EP1_IN_IRQHandler
                0x08000c50                DMA1_Stream0_IRQHandler
                0x08000c50                CAN1_TX_IRQHandler
                0x08000c50                EXTI4_IRQHandler
                0x08000c50                RNG_IRQHandler
                0x08000c50                ETH_IRQHandler
                0x08000c50                OTG_HS_EP1_OUT_IRQHandler
                0x08000c50                WWDG_IRQHandler
                0x08000c50                SPI6_IRQHandler
                0x08000c50                I2C4_EV_IRQHandler
                0x08000c50                TIM2_IRQHandler
                0x08000c50                OTG_FS_WKUP_IRQHandler
                0x08000c50                TIM1_TRG_COM_TIM11_IRQHandler
                0x08000c50                OTG_HS_IRQHandler
                0x08000c50                DMA2D_IRQHandler
                0x08000c50                EXTI1_IRQHandler
                0x08000c50                UART7_IRQHandler
                0x08000c50                USART2_IRQHandler
                0x08000c50                I2C2_ER_IRQHandler
                0x08000c50                DMA2_Stream1_IRQHandler
                0x08000c50                CAN1_SCE_IRQHandler
                0x08000c50                FLASH_IRQHandler
                0x08000c50                DMA2_Stream4_IRQHandler
                0x08000c50                USART1_IRQHandler
                0x08000c50                OTG_FS_IRQHandler
                0x08000c50                SPI3_IRQHandler
                0x08000c50                DMA1_Stream4_IRQHandler
                0x08000c50                I2C1_ER_IRQHandler
                0x08000c50                FMC_IRQHandler
                0x08000c50                LPTIM1_IRQHandler
                0x08000c50                I2C4_ER_IRQHandler
                0x08000c50                DMA2_Stream6_IRQHandler
                0x08000c50                SAI1_IRQHandler
                0x08000c50                DMA1_Stream3_IRQHandler
 *fill*         0x08000c52        0x2 
 .text.SCB_EnableICache
                0x08000c54       0x38 CtrlLoop/User/main.o
 .text.SCB_EnableDCache
                0x08000c8c       0x80 CtrlLoop/User/main.o
 .text.main     0x08000d0c       0xa4 CtrlLoop/User/main.o
                0x08000d0c                main
 .text.SystemClock_Config
                0x08000db0       0x88 CtrlLoop/User/main.o
 .text.Error_Handler
                0x08000e38        0x8 CtrlLoop/User/main.o
 .text.MPU_Config
                0x08000e40       0x50 CtrlLoop/User/main.o
 .text.CPU_CACHE_Enable
                0x08000e90       0x10 CtrlLoop/User/main.o
 .text.adc_init
                0x08000ea0       0x78 CtrlLoop/User/main.o
                0x08000ea0                adc_init
 .text.adc_measure
                0x08000f18       0x28 CtrlLoop/User/main.o
                0x08000f18                adc_measure
 .text.HAL_MspInit
                0x08000f40       0x10 CtrlLoop/User/stm32f7xx_hal_msp.o
                0x08000f40                HAL_MspInit
 .text.HAL_ADC_MspInit
                0x08000f50       0x64 CtrlLoop/User/stm32f7xx_hal_msp.o
                0x08000f50                HAL_ADC_MspInit
 .text.NMI_Handler
                0x08000fb4       0x10 CtrlLoop/User/stm32f7xx_it.o
                0x08000fb4                NMI_Handler
 .text.HardFault_Handler
                0x08000fc4        0x8 CtrlLoop/User/stm32f7xx_it.o
                0x08000fc4                HardFault_Handler
 .text.MemManage_Handler
                0x08000fcc        0x8 CtrlLoop/User/stm32f7xx_it.o
                0x08000fcc                MemManage_Handler
 .text.BusFault_Handler
                0x08000fd4        0x8 CtrlLoop/User/stm32f7xx_it.o
                0x08000fd4                BusFault_Handler
 .text.UsageFault_Handler
                0x08000fdc        0x8 CtrlLoop/User/stm32f7xx_it.o
                0x08000fdc                UsageFault_Handler
 .text.SVC_Handler
                0x08000fe4       0x10 CtrlLoop/User/stm32f7xx_it.o
                0x08000fe4                SVC_Handler
 .text.DebugMon_Handler
                0x08000ff4       0x10 CtrlLoop/User/stm32f7xx_it.o
                0x08000ff4                DebugMon_Handler
 .text.PendSV_Handler
                0x08001004       0x10 CtrlLoop/User/stm32f7xx_it.o
                0x08001004                PendSV_Handler
 .text.SysTick_Handler
                0x08001014        0xc CtrlLoop/User/stm32f7xx_it.o
                0x08001014                SysTick_Handler
 .text.BSP_LED_Toggle
                0x08001020       0x2c Drivers/BSP/STM32746G_Discovery/stm32746g_discovery.o
                0x08001020                BSP_LED_Toggle
 .text.BSP_LCD_Init
                0x0800104c       0xe0 Drivers/BSP/STM32746G_Discovery/stm32746g_discovery_lcd.o
                0x0800104c                BSP_LCD_Init
 .text.BSP_LCD_GetXSize
                0x0800112c       0x28 Drivers/BSP/STM32746G_Discovery/stm32746g_discovery_lcd.o
                0x0800112c                BSP_LCD_GetXSize
 .text.BSP_LCD_GetYSize
                0x08001154       0x28 Drivers/BSP/STM32746G_Discovery/stm32746g_discovery_lcd.o
                0x08001154                BSP_LCD_GetYSize
 .text.BSP_LCD_LayerDefaultInit
                0x0800117c       0xc0 Drivers/BSP/STM32746G_Discovery/stm32746g_discovery_lcd.o
                0x0800117c                BSP_LCD_LayerDefaultInit
 .text.BSP_LCD_SelectLayer
                0x0800123c       0x20 Drivers/BSP/STM32746G_Discovery/stm32746g_discovery_lcd.o
                0x0800123c                BSP_LCD_SelectLayer
 .text.BSP_LCD_SetTextColor
                0x0800125c       0x30 Drivers/BSP/STM32746G_Discovery/stm32746g_discovery_lcd.o
                0x0800125c                BSP_LCD_SetTextColor
 .text.BSP_LCD_SetFont
                0x0800128c       0x34 Drivers/BSP/STM32746G_Discovery/stm32746g_discovery_lcd.o
                0x0800128c                BSP_LCD_SetFont
 .text.BSP_LCD_GetFont
                0x080012c0       0x2c Drivers/BSP/STM32746G_Discovery/stm32746g_discovery_lcd.o
                0x080012c0                BSP_LCD_GetFont
 .text.BSP_LCD_Clear
                0x080012ec       0x50 Drivers/BSP/STM32746G_Discovery/stm32746g_discovery_lcd.o
                0x080012ec                BSP_LCD_Clear
 .text.BSP_LCD_ClearStringLine
                0x0800133c       0xc8 Drivers/BSP/STM32746G_Discovery/stm32746g_discovery_lcd.o
                0x0800133c                BSP_LCD_ClearStringLine
 .text.BSP_LCD_DisplayChar
                0x08001404       0x88 Drivers/BSP/STM32746G_Discovery/stm32746g_discovery_lcd.o
                0x08001404                BSP_LCD_DisplayChar
 .text.BSP_LCD_DisplayStringAt
                0x0800148c      0x188 Drivers/BSP/STM32746G_Discovery/stm32746g_discovery_lcd.o
                0x0800148c                BSP_LCD_DisplayStringAt
 .text.BSP_LCD_DisplayStringAtLine
                0x08001614       0x30 Drivers/BSP/STM32746G_Discovery/stm32746g_discovery_lcd.o
                0x08001614                BSP_LCD_DisplayStringAtLine
 .text.BSP_LCD_DrawPixel
                0x08001644       0x90 Drivers/BSP/STM32746G_Discovery/stm32746g_discovery_lcd.o
                0x08001644                BSP_LCD_DrawPixel
 .text.BSP_LCD_FillRect
                0x080016d4       0xf4 Drivers/BSP/STM32746G_Discovery/stm32746g_discovery_lcd.o
                0x080016d4                BSP_LCD_FillRect
 .text.BSP_LCD_DisplayOn
                0x080017c8       0x3c Drivers/BSP/STM32746G_Discovery/stm32746g_discovery_lcd.o
                0x080017c8                BSP_LCD_DisplayOn
 .text.BSP_LCD_MspInit
                0x08001804      0x1b4 Drivers/BSP/STM32746G_Discovery/stm32746g_discovery_lcd.o
                0x08001804                BSP_LCD_MspInit
 .text.BSP_LCD_ClockConfig
                0x080019b8       0x38 Drivers/BSP/STM32746G_Discovery/stm32746g_discovery_lcd.o
                0x080019b8                BSP_LCD_ClockConfig
 .text.DrawChar
                0x080019f0      0x170 Drivers/BSP/STM32746G_Discovery/stm32746g_discovery_lcd.o
 .text.LL_FillBuffer
                0x08001b60       0x98 Drivers/BSP/STM32746G_Discovery/stm32746g_discovery_lcd.o
 .text.BSP_SDRAM_Init
                0x08001bf8       0xbc Drivers/BSP/STM32746G_Discovery/stm32746g_discovery_sdram.o
                0x08001bf8                BSP_SDRAM_Init
 .text.BSP_SDRAM_Initialization_sequence
                0x08001cb4       0xc0 Drivers/BSP/STM32746G_Discovery/stm32746g_discovery_sdram.o
                0x08001cb4                BSP_SDRAM_Initialization_sequence
 .text.BSP_SDRAM_MspInit
                0x08001d74      0x1f0 Drivers/BSP/STM32746G_Discovery/stm32746g_discovery_sdram.o
                0x08001d74                BSP_SDRAM_MspInit
 .text.SystemInit
                0x08001f64       0x6c Drivers/CMSIS/system_stm32f7xx.o
                0x08001f64                SystemInit
 .text.HAL_Init
                0x08001fd0       0x2c Drivers/STM32F7xx_HAL_Driver/stm32f7xx_hal.o
                0x08001fd0                HAL_Init
 .text.HAL_InitTick
                0x08001ffc       0x38 Drivers/STM32F7xx_HAL_Driver/stm32f7xx_hal.o
                0x08001ffc                HAL_InitTick
 .text.HAL_IncTick
                0x08002034       0x1c Drivers/STM32F7xx_HAL_Driver/stm32f7xx_hal.o
                0x08002034                HAL_IncTick
 .text.HAL_GetTick
                0x08002050       0x18 Drivers/STM32F7xx_HAL_Driver/stm32f7xx_hal.o
                0x08002050                HAL_GetTick
 .text.HAL_Delay
                0x08002068       0x2c Drivers/STM32F7xx_HAL_Driver/stm32f7xx_hal.o
                0x08002068                HAL_Delay
 .text.HAL_ADC_Init
                0x08002094       0x88 Drivers/STM32F7xx_HAL_Driver/stm32f7xx_hal_adc.o
                0x08002094                HAL_ADC_Init
 .text.HAL_ADC_Start
                0x0800211c      0x148 Drivers/STM32F7xx_HAL_Driver/stm32f7xx_hal_adc.o
                0x0800211c                HAL_ADC_Start
 .text.HAL_ADC_PollForConversion
                0x08002264      0x104 Drivers/STM32F7xx_HAL_Driver/stm32f7xx_hal_adc.o
                0x08002264                HAL_ADC_PollForConversion
 .text.HAL_ADC_GetValue
                0x08002368       0x1c Drivers/STM32F7xx_HAL_Driver/stm32f7xx_hal_adc.o
                0x08002368                HAL_ADC_GetValue
 .text.HAL_ADC_ConfigChannel
                0x08002384      0x26c Drivers/STM32F7xx_HAL_Driver/stm32f7xx_hal_adc.o
                0x08002384                HAL_ADC_ConfigChannel
 .text.ADC_Init
                0x080025f0      0x204 Drivers/STM32F7xx_HAL_Driver/stm32f7xx_hal_adc.o
 .text.NVIC_SetPriorityGrouping
                0x080027f4       0x48 Drivers/STM32F7xx_HAL_Driver/stm32f7xx_hal_cortex.o
 .text.NVIC_GetPriorityGrouping
                0x0800283c       0x1c Drivers/STM32F7xx_HAL_Driver/stm32f7xx_hal_cortex.o
 .text.NVIC_EnableIRQ
                0x08002858       0x34 Drivers/STM32F7xx_HAL_Driver/stm32f7xx_hal_cortex.o
 .text.NVIC_SetPriority
                0x0800288c       0x54 Drivers/STM32F7xx_HAL_Driver/stm32f7xx_hal_cortex.o
 .text.NVIC_EncodePriority
                0x080028e0       0x64 Drivers/STM32F7xx_HAL_Driver/stm32f7xx_hal_cortex.o
 .text.SysTick_Config
                0x08002944       0x44 Drivers/STM32F7xx_HAL_Driver/stm32f7xx_hal_cortex.o
 .text.HAL_NVIC_SetPriorityGrouping
                0x08002988       0x18 Drivers/STM32F7xx_HAL_Driver/stm32f7xx_hal_cortex.o
                0x08002988                HAL_NVIC_SetPriorityGrouping
 .text.HAL_NVIC_SetPriority
                0x080029a0       0x38 Drivers/STM32F7xx_HAL_Driver/stm32f7xx_hal_cortex.o
                0x080029a0                HAL_NVIC_SetPriority
 .text.HAL_NVIC_EnableIRQ
                0x080029d8       0x1c Drivers/STM32F7xx_HAL_Driver/stm32f7xx_hal_cortex.o
                0x080029d8                HAL_NVIC_EnableIRQ
 .text.HAL_SYSTICK_Config
                0x080029f4       0x18 Drivers/STM32F7xx_HAL_Driver/stm32f7xx_hal_cortex.o
                0x080029f4                HAL_SYSTICK_Config
 .text.HAL_MPU_Disable
                0x08002a0c       0x2c Drivers/STM32F7xx_HAL_Driver/stm32f7xx_hal_cortex.o
                0x08002a0c                HAL_MPU_Disable
 .text.HAL_MPU_Enable
                0x08002a38       0x3c Drivers/STM32F7xx_HAL_Driver/stm32f7xx_hal_cortex.o
                0x08002a38                HAL_MPU_Enable
 .text.HAL_MPU_ConfigRegion
                0x08002a74       0x88 Drivers/STM32F7xx_HAL_Driver/stm32f7xx_hal_cortex.o
                0x08002a74                HAL_MPU_ConfigRegion
 .text.HAL_DMA_Init
                0x08002afc      0x15c Drivers/STM32F7xx_HAL_Driver/stm32f7xx_hal_dma.o
                0x08002afc                HAL_DMA_Init
 .text.HAL_DMA_DeInit
                0x08002c58       0x98 Drivers/STM32F7xx_HAL_Driver/stm32f7xx_hal_dma.o
                0x08002c58                HAL_DMA_DeInit
 .text.DMA_CalcBaseAndBitshift
                0x08002cf0       0x6c Drivers/STM32F7xx_HAL_Driver/stm32f7xx_hal_dma.o
 .text.DMA_CheckFifoParam
                0x08002d5c       0xf4 Drivers/STM32F7xx_HAL_Driver/stm32f7xx_hal_dma.o
 .text.HAL_DMA2D_Init
                0x08002e50       0x94 Drivers/STM32F7xx_HAL_Driver/stm32f7xx_hal_dma2d.o
                0x08002e50                HAL_DMA2D_Init
 .text.HAL_DMA2D_MspInit
                0x08002ee4       0x14 Drivers/STM32F7xx_HAL_Driver/stm32f7xx_hal_dma2d.o
                0x08002ee4                HAL_DMA2D_MspInit
 .text.HAL_DMA2D_Start
                0x08002ef8       0x58 Drivers/STM32F7xx_HAL_Driver/stm32f7xx_hal_dma2d.o
                0x08002ef8                HAL_DMA2D_Start
 .text.HAL_DMA2D_PollForTransfer
                0x08002f50      0x1d0 Drivers/STM32F7xx_HAL_Driver/stm32f7xx_hal_dma2d.o
                0x08002f50                HAL_DMA2D_PollForTransfer
 .text.HAL_DMA2D_ConfigLayer
                0x08003120      0x150 Drivers/STM32F7xx_HAL_Driver/stm32f7xx_hal_dma2d.o
                0x08003120                HAL_DMA2D_ConfigLayer
 .text.DMA2D_SetConfig
                0x08003270      0x168 Drivers/STM32F7xx_HAL_Driver/stm32f7xx_hal_dma2d.o
 .text.HAL_GPIO_Init
                0x080033d8      0x354 Drivers/STM32F7xx_HAL_Driver/stm32f7xx_hal_gpio.o
                0x080033d8                HAL_GPIO_Init
 .text.HAL_GPIO_WritePin
                0x0800372c       0x34 Drivers/STM32F7xx_HAL_Driver/stm32f7xx_hal_gpio.o
                0x0800372c                HAL_GPIO_WritePin
 .text.HAL_GPIO_TogglePin
                0x08003760       0x24 Drivers/STM32F7xx_HAL_Driver/stm32f7xx_hal_gpio.o
                0x08003760                HAL_GPIO_TogglePin
 .text.HAL_LTDC_Init
                0x08003784      0x1b8 Drivers/STM32F7xx_HAL_Driver/stm32f7xx_hal_ltdc.o
                0x08003784                HAL_LTDC_Init
 .text.HAL_LTDC_MspInit
                0x0800393c       0x14 Drivers/STM32F7xx_HAL_Driver/stm32f7xx_hal_ltdc.o
                0x0800393c                HAL_LTDC_MspInit
 .text.HAL_LTDC_ConfigLayer
                0x08003950       0x7c Drivers/STM32F7xx_HAL_Driver/stm32f7xx_hal_ltdc.o
                0x08003950                HAL_LTDC_ConfigLayer
 .text.HAL_LTDC_GetState
                0x080039cc       0x1c Drivers/STM32F7xx_HAL_Driver/stm32f7xx_hal_ltdc.o
                0x080039cc                HAL_LTDC_GetState
 .text.LTDC_SetConfig
                0x080039e8      0x354 Drivers/STM32F7xx_HAL_Driver/stm32f7xx_hal_ltdc.o
 .text.HAL_PWREx_EnableOverDrive
                0x08003d3c       0x9c Drivers/STM32F7xx_HAL_Driver/stm32f7xx_hal_pwr_ex.o
                0x08003d3c                HAL_PWREx_EnableOverDrive
 .text.HAL_RCC_OscConfig
                0x08003dd8      0x550 Drivers/STM32F7xx_HAL_Driver/stm32f7xx_hal_rcc.o
                0x08003dd8                HAL_RCC_OscConfig
 .text.HAL_RCC_ClockConfig
                0x08004328      0x1fc Drivers/STM32F7xx_HAL_Driver/stm32f7xx_hal_rcc.o
                0x08004328                HAL_RCC_ClockConfig
 .text.HAL_RCC_GetSysClockFreq
                0x08004524       0xfc Drivers/STM32F7xx_HAL_Driver/stm32f7xx_hal_rcc.o
                0x08004524                HAL_RCC_GetSysClockFreq
 .text.HAL_RCCEx_PeriphCLKConfig
                0x08004620      0xe10 Drivers/STM32F7xx_HAL_Driver/stm32f7xx_hal_rcc_ex.o
                0x08004620                HAL_RCCEx_PeriphCLKConfig
 .text.HAL_SDRAM_Init
                0x08005430       0x68 Drivers/STM32F7xx_HAL_Driver/stm32f7xx_hal_sdram.o
                0x08005430                HAL_SDRAM_Init
 .text.HAL_SDRAM_MspInit
                0x08005498       0x14 Drivers/STM32F7xx_HAL_Driver/stm32f7xx_hal_sdram.o
                0x08005498                HAL_SDRAM_MspInit
 .text.HAL_SDRAM_SendCommand
                0x080054ac       0x58 Drivers/STM32F7xx_HAL_Driver/stm32f7xx_hal_sdram.o
                0x080054ac                HAL_SDRAM_SendCommand
 .text.HAL_SDRAM_ProgramRefreshRate
                0x08005504       0x40 Drivers/STM32F7xx_HAL_Driver/stm32f7xx_hal_sdram.o
                0x08005504                HAL_SDRAM_ProgramRefreshRate
 .text.FMC_SDRAM_Init
                0x08005544       0xe4 Drivers/STM32F7xx_HAL_Driver/stm32f7xx_ll_fmc.o
                0x08005544                FMC_SDRAM_Init
 .text.FMC_SDRAM_Timing_Init
                0x08005628      0x100 Drivers/STM32F7xx_HAL_Driver/stm32f7xx_ll_fmc.o
                0x08005628                FMC_SDRAM_Timing_Init
 .text.FMC_SDRAM_SendCommand
                0x08005728       0x78 Drivers/STM32F7xx_HAL_Driver/stm32f7xx_ll_fmc.o
                0x08005728                FMC_SDRAM_SendCommand
 .text.FMC_SDRAM_ProgramRefreshRate
                0x080057a0       0x28 Drivers/STM32F7xx_HAL_Driver/stm32f7xx_ll_fmc.o
                0x080057a0                FMC_SDRAM_ProgramRefreshRate
 .text.__libc_init_array
                0x080057c8       0x4c /home/chibbol/Ac6/SystemWorkbench/plugins/fr.ac6.mcu.externaltools.arm-none.linux64_1.13.1.201707031232/tools/compiler/bin/../lib/gcc/arm-none-eabi/5.4.1/../../../../arm-none-eabi/lib/armv7e-m/fpu/fpv5-sp-d16/libc_nano.a(lib_a-init.o)
                0x080057c8                __libc_init_array
 .text.memset   0x08005814       0x10 /home/chibbol/Ac6/SystemWorkbench/plugins/fr.ac6.mcu.externaltools.arm-none.linux64_1.13.1.201707031232/tools/compiler/bin/../lib/gcc/arm-none-eabi/5.4.1/../../../../arm-none-eabi/lib/armv7e-m/fpu/fpv5-sp-d16/libc_nano.a(lib_a-memset.o)
                0x08005814                memset
 .text.__cvt    0x08005824       0xc8 /home/chibbol/Ac6/SystemWorkbench/plugins/fr.ac6.mcu.externaltools.arm-none.linux64_1.13.1.201707031232/tools/compiler/bin/../lib/gcc/arm-none-eabi/5.4.1/../../../../arm-none-eabi/lib/armv7e-m/fpu/fpv5-sp-d16/libc_nano.a(lib_a-nano-vfprintf_float.o)
                0x08005824                __cvt
 .text.__exponent
                0x080058ec       0x60 /home/chibbol/Ac6/SystemWorkbench/plugins/fr.ac6.mcu.externaltools.arm-none.linux64_1.13.1.201707031232/tools/compiler/bin/../lib/gcc/arm-none-eabi/5.4.1/../../../../arm-none-eabi/lib/armv7e-m/fpu/fpv5-sp-d16/libc_nano.a(lib_a-nano-vfprintf_float.o)
                0x080058ec                __exponent
 .text._printf_float
                0x0800594c      0x47c /home/chibbol/Ac6/SystemWorkbench/plugins/fr.ac6.mcu.externaltools.arm-none.linux64_1.13.1.201707031232/tools/compiler/bin/../lib/gcc/arm-none-eabi/5.4.1/../../../../arm-none-eabi/lib/armv7e-m/fpu/fpv5-sp-d16/libc_nano.a(lib_a-nano-vfprintf_float.o)
                0x0800594c                _printf_float
 .text._printf_common
                0x08005dc8       0xec /home/chibbol/Ac6/SystemWorkbench/plugins/fr.ac6.mcu.externaltools.arm-none.linux64_1.13.1.201707031232/tools/compiler/bin/../lib/gcc/arm-none-eabi/5.4.1/../../../../arm-none-eabi/lib/armv7e-m/fpu/fpv5-sp-d16/libc_nano.a(lib_a-nano-vfprintf_i.o)
                0x08005dc8                _printf_common
 .text._printf_i
                0x08005eb4      0x24c /home/chibbol/Ac6/SystemWorkbench/plugins/fr.ac6.mcu.externaltools.arm-none.linux64_1.13.1.201707031232/tools/compiler/bin/../lib/gcc/arm-none-eabi/5.4.1/../../../../arm-none-eabi/lib/armv7e-m/fpu/fpv5-sp-d16/libc_nano.a(lib_a-nano-vfprintf_i.o)
                0x08005eb4                _printf_i
 .text.sprintf  0x08006100       0x48 /home/chibbol/Ac6/SystemWorkbench/plugins/fr.ac6.mcu.externaltools.arm-none.linux64_1.13.1.201707031232/tools/compiler/bin/../lib/gcc/arm-none-eabi/5.4.1/../../../../arm-none-eabi/lib/armv7e-m/fpu/fpv5-sp-d16/libc_nano.a(lib_a-sprintf.o)
                0x08006100                sprintf
                0x08006100                siprintf
 .text.quorem   0x08006148      0x11e /home/chibbol/Ac6/SystemWorkbench/plugins/fr.ac6.mcu.externaltools.arm-none.linux64_1.13.1.201707031232/tools/compiler/bin/../lib/gcc/arm-none-eabi/5.4.1/../../../../arm-none-eabi/lib/armv7e-m/fpu/fpv5-sp-d16/libc_nano.a(lib_a-dtoa.o)
 *fill*         0x08006266        0x2 
 .text._dtoa_r  0x08006268      0xb40 /home/chibbol/Ac6/SystemWorkbench/plugins/fr.ac6.mcu.externaltools.arm-none.linux64_1.13.1.201707031232/tools/compiler/bin/../lib/gcc/arm-none-eabi/5.4.1/../../../../arm-none-eabi/lib/armv7e-m/fpu/fpv5-sp-d16/libc_nano.a(lib_a-dtoa.o)
                0x08006268                _dtoa_r
 .text._localeconv_r
                0x08006da8       0x1c /home/chibbol/Ac6/SystemWorkbench/plugins/fr.ac6.mcu.externaltools.arm-none.linux64_1.13.1.201707031232/tools/compiler/bin/../lib/gcc/arm-none-eabi/5.4.1/../../../../arm-none-eabi/lib/armv7e-m/fpu/fpv5-sp-d16/libc_nano.a(lib_a-localeconv.o)
                0x08006da8                _localeconv_r
 .text.malloc   0x08006dc4       0x10 /home/chibbol/Ac6/SystemWorkbench/plugins/fr.ac6.mcu.externaltools.arm-none.linux64_1.13.1.201707031232/tools/compiler/bin/../lib/gcc/arm-none-eabi/5.4.1/../../../../arm-none-eabi/lib/armv7e-m/fpu/fpv5-sp-d16/libc_nano.a(lib_a-malloc.o)
                0x08006dc4                malloc
 .text.memcpy   0x08006dd4       0x16 /home/chibbol/Ac6/SystemWorkbench/plugins/fr.ac6.mcu.externaltools.arm-none.linux64_1.13.1.201707031232/tools/compiler/bin/../lib/gcc/arm-none-eabi/5.4.1/../../../../arm-none-eabi/lib/armv7e-m/fpu/fpv5-sp-d16/libc_nano.a(lib_a-memcpy-stub.o)
                0x08006dd4                memcpy
 .text._Balloc  0x08006dea       0x6a /home/chibbol/Ac6/SystemWorkbench/plugins/fr.ac6.mcu.externaltools.arm-none.linux64_1.13.1.201707031232/tools/compiler/bin/../lib/gcc/arm-none-eabi/5.4.1/../../../../arm-none-eabi/lib/armv7e-m/fpu/fpv5-sp-d16/libc_nano.a(lib_a-mprec.o)
                0x08006dea                _Balloc
 .text._Bfree   0x08006e54       0x2e /home/chibbol/Ac6/SystemWorkbench/plugins/fr.ac6.mcu.externaltools.arm-none.linux64_1.13.1.201707031232/tools/compiler/bin/../lib/gcc/arm-none-eabi/5.4.1/../../../../arm-none-eabi/lib/armv7e-m/fpu/fpv5-sp-d16/libc_nano.a(lib_a-mprec.o)
                0x08006e54                _Bfree
 .text.__multadd
                0x08006e82       0x76 /home/chibbol/Ac6/SystemWorkbench/plugins/fr.ac6.mcu.externaltools.arm-none.linux64_1.13.1.201707031232/tools/compiler/bin/../lib/gcc/arm-none-eabi/5.4.1/../../../../arm-none-eabi/lib/armv7e-m/fpu/fpv5-sp-d16/libc_nano.a(lib_a-mprec.o)
                0x08006e82                __multadd
 .text.__hi0bits
                0x08006ef8       0x40 /home/chibbol/Ac6/SystemWorkbench/plugins/fr.ac6.mcu.externaltools.arm-none.linux64_1.13.1.201707031232/tools/compiler/bin/../lib/gcc/arm-none-eabi/5.4.1/../../../../arm-none-eabi/lib/armv7e-m/fpu/fpv5-sp-d16/libc_nano.a(lib_a-mprec.o)
                0x08006ef8                __hi0bits
 .text.__lo0bits
                0x08006f38       0x5a /home/chibbol/Ac6/SystemWorkbench/plugins/fr.ac6.mcu.externaltools.arm-none.linux64_1.13.1.201707031232/tools/compiler/bin/../lib/gcc/arm-none-eabi/5.4.1/../../../../arm-none-eabi/lib/armv7e-m/fpu/fpv5-sp-d16/libc_nano.a(lib_a-mprec.o)
                0x08006f38                __lo0bits
 .text.__i2b    0x08006f92       0x12 /home/chibbol/Ac6/SystemWorkbench/plugins/fr.ac6.mcu.externaltools.arm-none.linux64_1.13.1.201707031232/tools/compiler/bin/../lib/gcc/arm-none-eabi/5.4.1/../../../../arm-none-eabi/lib/armv7e-m/fpu/fpv5-sp-d16/libc_nano.a(lib_a-mprec.o)
                0x08006f92                __i2b
 .text.__multiply
                0x08006fa4      0x122 /home/chibbol/Ac6/SystemWorkbench/plugins/fr.ac6.mcu.externaltools.arm-none.linux64_1.13.1.201707031232/tools/compiler/bin/../lib/gcc/arm-none-eabi/5.4.1/../../../../arm-none-eabi/lib/armv7e-m/fpu/fpv5-sp-d16/libc_nano.a(lib_a-mprec.o)
                0x08006fa4                __multiply
 *fill*         0x080070c6        0x2 
 .text.__pow5mult
                0x080070c8       0x9c /home/chibbol/Ac6/SystemWorkbench/plugins/fr.ac6.mcu.externaltools.arm-none.linux64_1.13.1.201707031232/tools/compiler/bin/../lib/gcc/arm-none-eabi/5.4.1/../../../../arm-none-eabi/lib/armv7e-m/fpu/fpv5-sp-d16/libc_nano.a(lib_a-mprec.o)
                0x080070c8                __pow5mult
 .text.__lshift
                0x08007164       0xa2 /home/chibbol/Ac6/SystemWorkbench/plugins/fr.ac6.mcu.externaltools.arm-none.linux64_1.13.1.201707031232/tools/compiler/bin/../lib/gcc/arm-none-eabi/5.4.1/../../../../arm-none-eabi/lib/armv7e-m/fpu/fpv5-sp-d16/libc_nano.a(lib_a-mprec.o)
                0x08007164                __lshift
 .text.__mcmp   0x08007206       0x38 /home/chibbol/Ac6/SystemWorkbench/plugins/fr.ac6.mcu.externaltools.arm-none.linux64_1.13.1.201707031232/tools/compiler/bin/../lib/gcc/arm-none-eabi/5.4.1/../../../../arm-none-eabi/lib/armv7e-m/fpu/fpv5-sp-d16/libc_nano.a(lib_a-mprec.o)
                0x08007206                __mcmp
 .text.__mdiff  0x0800723e       0xbe /home/chibbol/Ac6/SystemWorkbench/plugins/fr.ac6.mcu.externaltools.arm-none.linux64_1.13.1.201707031232/tools/compiler/bin/../lib/gcc/arm-none-eabi/5.4.1/../../../../arm-none-eabi/lib/armv7e-m/fpu/fpv5-sp-d16/libc_nano.a(lib_a-mprec.o)
                0x0800723e                __mdiff
 .text.__d2b    0x080072fc       0x9c /home/chibbol/Ac6/SystemWorkbench/plugins/fr.ac6.mcu.externaltools.arm-none.linux64_1.13.1.201707031232/tools/compiler/bin/../lib/gcc/arm-none-eabi/5.4.1/../../../../arm-none-eabi/lib/armv7e-m/fpu/fpv5-sp-d16/libc_nano.a(lib_a-mprec.o)
                0x080072fc                __d2b
 .text._calloc_r
                0x08007398       0x1c /home/chibbol/Ac6/SystemWorkbench/plugins/fr.ac6.mcu.externaltools.arm-none.linux64_1.13.1.201707031232/tools/compiler/bin/../lib/gcc/arm-none-eabi/5.4.1/../../../../arm-none-eabi/lib/armv7e-m/fpu/fpv5-sp-d16/libc_nano.a(lib_a-nano-callocr.o)
                0x08007398                _calloc_r
 .text._free_r  0x080073b4       0x9c /home/chibbol/Ac6/SystemWorkbench/plugins/fr.ac6.mcu.externaltools.arm-none.linux64_1.13.1.201707031232/tools/compiler/bin/../lib/gcc/arm-none-eabi/5.4.1/../../../../arm-none-eabi/lib/armv7e-m/fpu/fpv5-sp-d16/libc_nano.a(lib_a-nano-freer.o)
                0x080073b4                _free_r
 .text._malloc_r
                0x08007450       0xbc /home/chibbol/Ac6/SystemWorkbench/plugins/fr.ac6.mcu.externaltools.arm-none.linux64_1.13.1.201707031232/tools/compiler/bin/../lib/gcc/arm-none-eabi/5.4.1/../../../../arm-none-eabi/lib/armv7e-m/fpu/fpv5-sp-d16/libc_nano.a(lib_a-nano-mallocr.o)
                0x08007450                _malloc_r
 .text.__ssputs_r
                0x0800750c       0xb2 /home/chibbol/Ac6/SystemWorkbench/plugins/fr.ac6.mcu.externaltools.arm-none.linux64_1.13.1.201707031232/tools/compiler/bin/../lib/gcc/arm-none-eabi/5.4.1/../../../../arm-none-eabi/lib/armv7e-m/fpu/fpv5-sp-d16/libc_nano.a(lib_a-nano-svfprintf.o)
                0x0800750c                __ssputs_r
 *fill*         0x080075be        0x2 
 .text._svfprintf_r
                0x080075c0      0x1e8 /home/chibbol/Ac6/SystemWorkbench/plugins/fr.ac6.mcu.externaltools.arm-none.linux64_1.13.1.201707031232/tools/compiler/bin/../lib/gcc/arm-none-eabi/5.4.1/../../../../arm-none-eabi/lib/armv7e-m/fpu/fpv5-sp-d16/libc_nano.a(lib_a-nano-svfprintf.o)
                0x080075c0                _svfprintf_r
                0x080075c0                _svfiprintf_r
 .text._sbrk_r  0x080077a8       0x20 /home/chibbol/Ac6/SystemWorkbench/plugins/fr.ac6.mcu.externaltools.arm-none.linux64_1.13.1.201707031232/tools/compiler/bin/../lib/gcc/arm-none-eabi/5.4.1/../../../../arm-none-eabi/lib/armv7e-m/fpu/fpv5-sp-d16/libc_nano.a(lib_a-sbrkr.o)
                0x080077a8                _sbrk_r
 .text.__ascii_mbtowc
                0x080077c8       0x24 /home/chibbol/Ac6/SystemWorkbench/plugins/fr.ac6.mcu.externaltools.arm-none.linux64_1.13.1.201707031232/tools/compiler/bin/../lib/gcc/arm-none-eabi/5.4.1/../../../../arm-none-eabi/lib/armv7e-m/fpu/fpv5-sp-d16/libc_nano.a(lib_a-mbtowc_r.o)
                0x080077c8                __ascii_mbtowc
 .text.memmove  0x080077ec       0x36 /home/chibbol/Ac6/SystemWorkbench/plugins/fr.ac6.mcu.externaltools.arm-none.linux64_1.13.1.201707031232/tools/compiler/bin/../lib/gcc/arm-none-eabi/5.4.1/../../../../arm-none-eabi/lib/armv7e-m/fpu/fpv5-sp-d16/libc_nano.a(lib_a-memmove.o)
                0x080077ec                memmove
 .text.__malloc_lock
                0x08007822        0x2 /home/chibbol/Ac6/SystemWorkbench/plugins/fr.ac6.mcu.externaltools.arm-none.linux64_1.13.1.201707031232/tools/compiler/bin/../lib/gcc/arm-none-eabi/5.4.1/../../../../arm-none-eabi/lib/armv7e-m/fpu/fpv5-sp-d16/libc_nano.a(lib_a-mlock.o)
                0x08007822                __malloc_lock
 .text.__malloc_unlock
                0x08007824        0x2 /home/chibbol/Ac6/SystemWorkbench/plugins/fr.ac6.mcu.externaltools.arm-none.linux64_1.13.1.201707031232/tools/compiler/bin/../lib/gcc/arm-none-eabi/5.4.1/../../../../arm-none-eabi/lib/armv7e-m/fpu/fpv5-sp-d16/libc_nano.a(lib_a-mlock.o)
                0x08007824                __malloc_unlock
 .text._realloc_r
                0x08007826       0x4c /home/chibbol/Ac6/SystemWorkbench/plugins/fr.ac6.mcu.externaltools.arm-none.linux64_1.13.1.201707031232/tools/compiler/bin/../lib/gcc/arm-none-eabi/5.4.1/../../../../arm-none-eabi/lib/armv7e-m/fpu/fpv5-sp-d16/libc_nano.a(lib_a-nano-reallocr.o)
                0x08007826                _realloc_r
 .text.__ascii_wctomb
                0x08007872       0x1a /home/chibbol/Ac6/SystemWorkbench/plugins/fr.ac6.mcu.externaltools.arm-none.linux64_1.13.1.201707031232/tools/compiler/bin/../lib/gcc/arm-none-eabi/5.4.1/../../../../arm-none-eabi/lib/armv7e-m/fpu/fpv5-sp-d16/libc_nano.a(lib_a-wctomb_r.o)
                0x08007872                __ascii_wctomb
 .text._malloc_usable_size_r
                0x0800788c       0x14 /home/chibbol/Ac6/SystemWorkbench/plugins/fr.ac6.mcu.externaltools.arm-none.linux64_1.13.1.201707031232/tools/compiler/bin/../lib/gcc/arm-none-eabi/5.4.1/../../../../arm-none-eabi/lib/armv7e-m/fpu/fpv5-sp-d16/libc_nano.a(lib_a-nano-msizer.o)
                0x0800788c                _malloc_usable_size_r
 .text._sbrk    0x080078a0       0x1c /home/chibbol/Ac6/SystemWorkbench/plugins/fr.ac6.mcu.externaltools.arm-none.linux64_1.13.1.201707031232/tools/compiler/bin/../lib/gcc/arm-none-eabi/5.4.1/../../../../arm-none-eabi/lib/armv7e-m/fpu/fpv5-sp-d16/libnosys.a(sbrk.o)
                0x080078a0                _sbrk
 *(.glue_7)
 .glue_7        0x080078bc        0x0 linker stubs
 *(.glue_7t)
 .glue_7t       0x080078bc        0x0 linker stubs
 *(.eh_frame)
 .eh_frame      0x080078bc        0x0 /home/chibbol/Ac6/SystemWorkbench/plugins/fr.ac6.mcu.externaltools.arm-none.linux64_1.13.1.201707031232/tools/compiler/bin/../lib/gcc/arm-none-eabi/5.4.1/armv7e-m/fpu/fpv5-sp-d16/crtbegin.o
 *(.init)
 .init          0x080078bc        0x4 /home/chibbol/Ac6/SystemWorkbench/plugins/fr.ac6.mcu.externaltools.arm-none.linux64_1.13.1.201707031232/tools/compiler/bin/../lib/gcc/arm-none-eabi/5.4.1/armv7e-m/fpu/fpv5-sp-d16/crti.o
                0x080078bc                _init
 .init          0x080078c0        0x8 /home/chibbol/Ac6/SystemWorkbench/plugins/fr.ac6.mcu.externaltools.arm-none.linux64_1.13.1.201707031232/tools/compiler/bin/../lib/gcc/arm-none-eabi/5.4.1/armv7e-m/fpu/fpv5-sp-d16/crtn.o
 *(.fini)
 .fini          0x080078c8        0x4 /home/chibbol/Ac6/SystemWorkbench/plugins/fr.ac6.mcu.externaltools.arm-none.linux64_1.13.1.201707031232/tools/compiler/bin/../lib/gcc/arm-none-eabi/5.4.1/armv7e-m/fpu/fpv5-sp-d16/crti.o
                0x080078c8                _fini
 .fini          0x080078cc        0x8 /home/chibbol/Ac6/SystemWorkbench/plugins/fr.ac6.mcu.externaltools.arm-none.linux64_1.13.1.201707031232/tools/compiler/bin/../lib/gcc/arm-none-eabi/5.4.1/armv7e-m/fpu/fpv5-sp-d16/crtn.o
                0x080078d4                . = ALIGN (0x4)
                0x080078d4                _etext = .

.vfp11_veneer   0x080078d4        0x0
 .vfp11_veneer  0x080078d4        0x0 linker stubs

.v4_bx          0x080078d4        0x0
 .v4_bx         0x080078d4        0x0 linker stubs

.iplt           0x080078d4        0x0
 .iplt          0x080078d4        0x0 /home/chibbol/Ac6/SystemWorkbench/plugins/fr.ac6.mcu.externaltools.arm-none.linux64_1.13.1.201707031232/tools/compiler/bin/../lib/gcc/arm-none-eabi/5.4.1/armv7e-m/fpu/fpv5-sp-d16/crtbegin.o

.rodata         0x080078d8     0x3f68
                0x080078d8                . = ALIGN (0x4)
 *(.rodata)
 .rodata        0x080078d8        0xb CtrlLoop/User/main.o
 *fill*         0x080078e3        0x1 
 .rodata        0x080078e4     0x3cdc Drivers/BSP/STM32746G_Discovery/stm32746g_discovery_lcd.o
                0x080078e4                Font24_Table
                0x0800939c                Font20_Table
                0x0800a274                Font16_Table
                0x0800ae54                Font12_Table
                0x0800b2c8                Font8_Table
 .rodata        0x0800b5c0       0x18 Drivers/CMSIS/system_stm32f7xx.o
                0x0800b5c0                AHBPrescTable
                0x0800b5d0                APBPrescTable
 .rodata        0x0800b5d8        0x8 Drivers/STM32F7xx_HAL_Driver/stm32f7xx_hal_dma.o
 *(.rodata*)
 .rodata.str1.1
                0x0800b5e0       0x12 /home/chibbol/Ac6/SystemWorkbench/plugins/fr.ac6.mcu.externaltools.arm-none.linux64_1.13.1.201707031232/tools/compiler/bin/../lib/gcc/arm-none-eabi/5.4.1/../../../../arm-none-eabi/lib/armv7e-m/fpu/fpv5-sp-d16/libc_nano.a(lib_a-nano-vfprintf_float.o)
 .rodata.str1.1
                0x0800b5f2       0x22 /home/chibbol/Ac6/SystemWorkbench/plugins/fr.ac6.mcu.externaltools.arm-none.linux64_1.13.1.201707031232/tools/compiler/bin/../lib/gcc/arm-none-eabi/5.4.1/../../../../arm-none-eabi/lib/armv7e-m/fpu/fpv5-sp-d16/libc_nano.a(lib_a-nano-vfprintf_i.o)
 .rodata.str1.1
                0x0800b614        0xd /home/chibbol/Ac6/SystemWorkbench/plugins/fr.ac6.mcu.externaltools.arm-none.linux64_1.13.1.201707031232/tools/compiler/bin/../lib/gcc/arm-none-eabi/5.4.1/../../../../arm-none-eabi/lib/armv7e-m/fpu/fpv5-sp-d16/libc_nano.a(lib_a-dtoa.o)
                                  0xf (size before relaxing)
 *fill*         0x0800b621        0x7 
 .rodata.__mprec_tens
                0x0800b628       0xc8 /home/chibbol/Ac6/SystemWorkbench/plugins/fr.ac6.mcu.externaltools.arm-none.linux64_1.13.1.201707031232/tools/compiler/bin/../lib/gcc/arm-none-eabi/5.4.1/../../../../arm-none-eabi/lib/armv7e-m/fpu/fpv5-sp-d16/libc_nano.a(lib_a-mprec.o)
                0x0800b628                __mprec_tens
 .rodata.__mprec_bigtens
                0x0800b6f0       0x28 /home/chibbol/Ac6/SystemWorkbench/plugins/fr.ac6.mcu.externaltools.arm-none.linux64_1.13.1.201707031232/tools/compiler/bin/../lib/gcc/arm-none-eabi/5.4.1/../../../../arm-none-eabi/lib/armv7e-m/fpu/fpv5-sp-d16/libc_nano.a(lib_a-mprec.o)
                0x0800b6f0                __mprec_bigtens
 .rodata.p05.6099
                0x0800b718        0xc /home/chibbol/Ac6/SystemWorkbench/plugins/fr.ac6.mcu.externaltools.arm-none.linux64_1.13.1.201707031232/tools/compiler/bin/../lib/gcc/arm-none-eabi/5.4.1/../../../../arm-none-eabi/lib/armv7e-m/fpu/fpv5-sp-d16/libc_nano.a(lib_a-mprec.o)
 .rodata.str1.1
                0x0800b724       0x11 /home/chibbol/Ac6/SystemWorkbench/plugins/fr.ac6.mcu.externaltools.arm-none.linux64_1.13.1.201707031232/tools/compiler/bin/../lib/gcc/arm-none-eabi/5.4.1/../../../../arm-none-eabi/lib/armv7e-m/fpu/fpv5-sp-d16/libc_nano.a(lib_a-nano-svfprintf.o)
 .rodata.str1.1
                0x0800b735        0xa /home/chibbol/Ac6/SystemWorkbench/plugins/fr.ac6.mcu.externaltools.arm-none.linux64_1.13.1.201707031232/tools/compiler/bin/../lib/gcc/arm-none-eabi/5.4.1/../../../../arm-none-eabi/lib/armv7e-m/fpu/fpv5-sp-d16/libc_nano.a(lib_a-locale.o)
                                  0xb (size before relaxing)
 .rodata._ctype_
                0x0800b73f      0x101 /home/chibbol/Ac6/SystemWorkbench/plugins/fr.ac6.mcu.externaltools.arm-none.linux64_1.13.1.201707031232/tools/compiler/bin/../lib/gcc/arm-none-eabi/5.4.1/../../../../arm-none-eabi/lib/armv7e-m/fpu/fpv5-sp-d16/libc_nano.a(lib_a-ctype_.o)
                0x0800b73f                _ctype_
                0x0800b840                . = ALIGN (0x4)

.rel.dyn        0x0800b840        0x0
 .rel.iplt      0x0800b840        0x0 /home/chibbol/Ac6/SystemWorkbench/plugins/fr.ac6.mcu.externaltools.arm-none.linux64_1.13.1.201707031232/tools/compiler/bin/../lib/gcc/arm-none-eabi/5.4.1/armv7e-m/fpu/fpv5-sp-d16/crtbegin.o

.ARM.extab
 *(.ARM.extab* .gnu.linkonce.armextab.*)

.ARM            0x0800b840        0x0
                0x0800b840                __exidx_start = .
 *(.ARM.exidx*)
                0x0800b840                __exidx_end = .

.preinit_array  0x0800b840        0x0
                0x0800b840                PROVIDE (__preinit_array_start, .)
 *(.preinit_array*)
                0x0800b840                PROVIDE (__preinit_array_end, .)

.init_array     0x0800b840        0x4
                0x0800b840                PROVIDE (__init_array_start, .)
 *(SORT(.init_array.*))
 *(.init_array*)
 .init_array    0x0800b840        0x4 /home/chibbol/Ac6/SystemWorkbench/plugins/fr.ac6.mcu.externaltools.arm-none.linux64_1.13.1.201707031232/tools/compiler/bin/../lib/gcc/arm-none-eabi/5.4.1/armv7e-m/fpu/fpv5-sp-d16/crtbegin.o
                0x0800b844                PROVIDE (__init_array_end, .)

.fini_array     0x0800b844        0x4
                [!provide]                PROVIDE (__fini_array_start, .)
 *(SORT(.fini_array.*))
 *(.fini_array*)
 .fini_array    0x0800b844        0x4 /home/chibbol/Ac6/SystemWorkbench/plugins/fr.ac6.mcu.externaltools.arm-none.linux64_1.13.1.201707031232/tools/compiler/bin/../lib/gcc/arm-none-eabi/5.4.1/armv7e-m/fpu/fpv5-sp-d16/crtbegin.o
                [!provide]                PROVIDE (__fini_array_end, .)
                0x0800b848                _sidata = LOADADDR (.data)

.data           0x20000000      0x200 load address 0x0800b848
                0x20000000                . = ALIGN (0x4)
                0x20000000                _sdata = .
 *(.data)
 .data          0x20000000       0x28 Drivers/BSP/STM32746G_Discovery/stm32746g_discovery_lcd.o
                0x20000000                Font24
                0x20000008                Font20
                0x20000010                Font16
                0x20000018                Font12
                0x20000020                Font8
 .data          0x20000028        0x2 Drivers/BSP/STM32746G_Discovery/stm32746g_discovery_sdram.o
 *fill*         0x2000002a        0x2 
 .data          0x2000002c        0x4 Drivers/CMSIS/system_stm32f7xx.o
                0x2000002c                SystemCoreClock
 *(.data*)
 .data.impure_data
                0x20000030       0x60 /home/chibbol/Ac6/SystemWorkbench/plugins/fr.ac6.mcu.externaltools.arm-none.linux64_1.13.1.201707031232/tools/compiler/bin/../lib/gcc/arm-none-eabi/5.4.1/../../../../arm-none-eabi/lib/armv7e-m/fpu/fpv5-sp-d16/libc_nano.a(lib_a-impure.o)
 .data._impure_ptr
                0x20000090        0x4 /home/chibbol/Ac6/SystemWorkbench/plugins/fr.ac6.mcu.externaltools.arm-none.linux64_1.13.1.201707031232/tools/compiler/bin/../lib/gcc/arm-none-eabi/5.4.1/../../../../arm-none-eabi/lib/armv7e-m/fpu/fpv5-sp-d16/libc_nano.a(lib_a-impure.o)
                0x20000090                _impure_ptr
 .data.__global_locale
                0x20000094      0x16c /home/chibbol/Ac6/SystemWorkbench/plugins/fr.ac6.mcu.externaltools.arm-none.linux64_1.13.1.201707031232/tools/compiler/bin/../lib/gcc/arm-none-eabi/5.4.1/../../../../arm-none-eabi/lib/armv7e-m/fpu/fpv5-sp-d16/libc_nano.a(lib_a-locale.o)
                0x20000094                __global_locale
                0x20000200                . = ALIGN (0x4)
                0x20000200                _edata = .

.jcr            0x20000200        0x0 load address 0x0800ba48
 .jcr           0x20000200        0x0 /home/chibbol/Ac6/SystemWorkbench/plugins/fr.ac6.mcu.externaltools.arm-none.linux64_1.13.1.201707031232/tools/compiler/bin/../lib/gcc/arm-none-eabi/5.4.1/armv7e-m/fpu/fpv5-sp-d16/crtbegin.o

.igot.plt       0x20000200        0x0 load address 0x0800ba48
 .igot.plt      0x20000200        0x0 /home/chibbol/Ac6/SystemWorkbench/plugins/fr.ac6.mcu.externaltools.arm-none.linux64_1.13.1.201707031232/tools/compiler/bin/../lib/gcc/arm-none-eabi/5.4.1/armv7e-m/fpu/fpv5-sp-d16/crtbegin.o
                0x20000200                . = ALIGN (0x4)

.bss            0x20000200      0x330 load address 0x0800ba48
                0x20000200                _sbss = .
                0x20000200                __bss_start__ = _sbss
 *(.bss)
 .bss           0x20000200       0x1c /home/chibbol/Ac6/SystemWorkbench/plugins/fr.ac6.mcu.externaltools.arm-none.linux64_1.13.1.201707031232/tools/compiler/bin/../lib/gcc/arm-none-eabi/5.4.1/armv7e-m/fpu/fpv5-sp-d16/crtbegin.o
 .bss           0x2000021c       0xe0 Drivers/BSP/STM32746G_Discovery/stm32746g_discovery_lcd.o
 .bss           0x200002fc       0xec Drivers/BSP/STM32746G_Discovery/stm32746g_discovery_sdram.o
 *(.bss*)
 .bss.__malloc_sbrk_start
                0x200003e8        0x4 /home/chibbol/Ac6/SystemWorkbench/plugins/fr.ac6.mcu.externaltools.arm-none.linux64_1.13.1.201707031232/tools/compiler/bin/../lib/gcc/arm-none-eabi/5.4.1/../../../../arm-none-eabi/lib/armv7e-m/fpu/fpv5-sp-d16/libc_nano.a(lib_a-nano-mallocr.o)
                0x200003e8                __malloc_sbrk_start
 .bss.__malloc_free_list
                0x200003ec        0x4 /home/chibbol/Ac6/SystemWorkbench/plugins/fr.ac6.mcu.externaltools.arm-none.linux64_1.13.1.201707031232/tools/compiler/bin/../lib/gcc/arm-none-eabi/5.4.1/../../../../arm-none-eabi/lib/armv7e-m/fpu/fpv5-sp-d16/libc_nano.a(lib_a-nano-mallocr.o)
                0x200003ec                __malloc_free_list
 .bss.heap_end.4169
                0x200003f0        0x4 /home/chibbol/Ac6/SystemWorkbench/plugins/fr.ac6.mcu.externaltools.arm-none.linux64_1.13.1.201707031232/tools/compiler/bin/../lib/gcc/arm-none-eabi/5.4.1/../../../../arm-none-eabi/lib/armv7e-m/fpu/fpv5-sp-d16/libnosys.a(sbrk.o)
 *(COMMON)
 COMMON         0x200003f4       0x58 CtrlLoop/User/main.o
                0x200003f4                adc_handle
                0x2000043c                adc_ch_conf
 COMMON         0x2000044c       0xa8 Drivers/BSP/STM32746G_Discovery/stm32746g_discovery_lcd.o
                0x2000044c                hLtdcHandler
 COMMON         0x200004f4       0x34 Drivers/BSP/STM32746G_Discovery/stm32746g_discovery_sdram.o
                0x200004f4                sdramHandle
 COMMON         0x20000528        0x4 Drivers/STM32F7xx_HAL_Driver/stm32f7xx_hal.o
                0x20000528                uwTick
 COMMON         0x2000052c        0x4 /home/chibbol/Ac6/SystemWorkbench/plugins/fr.ac6.mcu.externaltools.arm-none.linux64_1.13.1.201707031232/tools/compiler/bin/../lib/gcc/arm-none-eabi/5.4.1/../../../../arm-none-eabi/lib/armv7e-m/fpu/fpv5-sp-d16/libc_nano.a(lib_a-reent.o)
                0x2000052c                errno
                0x20000530                . = ALIGN (0x4)
                0x20000530                _ebss = .
                0x20000530                __bss_end__ = _ebss

._user_heap_stack
                0x20000530      0x600 load address 0x0800ba48
                0x20000530                . = ALIGN (0x8)
                0x20000530                PROVIDE (end, .)
                [!provide]                PROVIDE (_end, .)
                0x20000730                . = (. + _Min_Heap_Size)
 *fill*         0x20000530      0x200 
                0x20000b30                . = (. + _Min_Stack_Size)
 *fill*         0x20000730      0x400 
                0x20000b30                . = ALIGN (0x8)

/DISCARD/
 libc.a(*)
 libm.a(*)
 libgcc.a(*)

.ARM.attributes
                0x00000000       0x30
 *(.ARM.attributes)
 .ARM.attributes
                0x00000000       0x22 /home/chibbol/Ac6/SystemWorkbench/plugins/fr.ac6.mcu.externaltools.arm-none.linux64_1.13.1.201707031232/tools/compiler/bin/../lib/gcc/arm-none-eabi/5.4.1/armv7e-m/fpu/fpv5-sp-d16/crti.o
 .ARM.attributes
                0x00000022       0x34 /home/chibbol/Ac6/SystemWorkbench/plugins/fr.ac6.mcu.externaltools.arm-none.linux64_1.13.1.201707031232/tools/compiler/bin/../lib/gcc/arm-none-eabi/5.4.1/armv7e-m/fpu/fpv5-sp-d16/crtbegin.o
 .ARM.attributes
                0x00000056       0x21 CtrlLoop/SW4STM32/startup_stm32f746xx.o
 .ARM.attributes
                0x00000077       0x39 CtrlLoop/User/main.o
 .ARM.attributes
                0x000000b0       0x39 CtrlLoop/User/stm32f7xx_hal_msp.o
 .ARM.attributes
                0x000000e9       0x39 CtrlLoop/User/stm32f7xx_it.o
 .ARM.attributes
                0x00000122       0x39 Drivers/BSP/STM32746G_Discovery/stm32746g_discovery.o
 .ARM.attributes
                0x0000015b       0x39 Drivers/BSP/STM32746G_Discovery/stm32746g_discovery_lcd.o
 .ARM.attributes
                0x00000194       0x39 Drivers/BSP/STM32746G_Discovery/stm32746g_discovery_sdram.o
 .ARM.attributes
                0x000001cd       0x39 Drivers/CMSIS/system_stm32f7xx.o
 .ARM.attributes
                0x00000206       0x39 Drivers/STM32F7xx_HAL_Driver/stm32f7xx_hal.o
 .ARM.attributes
                0x0000023f       0x39 Drivers/STM32F7xx_HAL_Driver/stm32f7xx_hal_adc.o
 .ARM.attributes
                0x00000278       0x39 Drivers/STM32F7xx_HAL_Driver/stm32f7xx_hal_cortex.o
 .ARM.attributes
                0x000002b1       0x39 Drivers/STM32F7xx_HAL_Driver/stm32f7xx_hal_dma.o
 .ARM.attributes
                0x000002ea       0x39 Drivers/STM32F7xx_HAL_Driver/stm32f7xx_hal_dma2d.o
 .ARM.attributes
                0x00000323       0x39 Drivers/STM32F7xx_HAL_Driver/stm32f7xx_hal_gpio.o
 .ARM.attributes
                0x0000035c       0x39 Drivers/STM32F7xx_HAL_Driver/stm32f7xx_hal_ltdc.o
 .ARM.attributes
                0x00000395       0x39 Drivers/STM32F7xx_HAL_Driver/stm32f7xx_hal_pwr_ex.o
 .ARM.attributes
                0x000003ce       0x39 Drivers/STM32F7xx_HAL_Driver/stm32f7xx_hal_rcc.o
 .ARM.attributes
                0x00000407       0x39 Drivers/STM32F7xx_HAL_Driver/stm32f7xx_hal_rcc_ex.o
 .ARM.attributes
                0x00000440       0x39 Drivers/STM32F7xx_HAL_Driver/stm32f7xx_hal_sdram.o
 .ARM.attributes
                0x00000479       0x39 Drivers/STM32F7xx_HAL_Driver/stm32f7xx_ll_fmc.o
 .ARM.attributes
                0x000004b2       0x22 /home/chibbol/Ac6/SystemWorkbench/plugins/fr.ac6.mcu.externaltools.arm-none.linux64_1.13.1.201707031232/tools/compiler/bin/../lib/gcc/arm-none-eabi/5.4.1/armv7e-m/fpu/fpv5-sp-d16/libgcc.a(_arm_addsubdf3.o)
 .ARM.attributes
                0x000004d4       0x34 /home/chibbol/Ac6/SystemWorkbench/plugins/fr.ac6.mcu.externaltools.arm-none.linux64_1.13.1.201707031232/tools/compiler/bin/../lib/gcc/arm-none-eabi/5.4.1/../../../../arm-none-eabi/lib/armv7e-m/fpu/fpv5-sp-d16/libc_nano.a(lib_a-impure.o)
 .ARM.attributes
                0x00000508       0x34 /home/chibbol/Ac6/SystemWorkbench/plugins/fr.ac6.mcu.externaltools.arm-none.linux64_1.13.1.201707031232/tools/compiler/bin/../lib/gcc/arm-none-eabi/5.4.1/../../../../arm-none-eabi/lib/armv7e-m/fpu/fpv5-sp-d16/libc_nano.a(lib_a-init.o)
 .ARM.attributes
                0x0000053c       0x34 /home/chibbol/Ac6/SystemWorkbench/plugins/fr.ac6.mcu.externaltools.arm-none.linux64_1.13.1.201707031232/tools/compiler/bin/../lib/gcc/arm-none-eabi/5.4.1/../../../../arm-none-eabi/lib/armv7e-m/fpu/fpv5-sp-d16/libc_nano.a(lib_a-memset.o)
 .ARM.attributes
                0x00000570       0x34 /home/chibbol/Ac6/SystemWorkbench/plugins/fr.ac6.mcu.externaltools.arm-none.linux64_1.13.1.201707031232/tools/compiler/bin/../lib/gcc/arm-none-eabi/5.4.1/../../../../arm-none-eabi/lib/armv7e-m/fpu/fpv5-sp-d16/libc_nano.a(lib_a-nano-vfprintf_float.o)
 .ARM.attributes
                0x000005a4       0x34 /home/chibbol/Ac6/SystemWorkbench/plugins/fr.ac6.mcu.externaltools.arm-none.linux64_1.13.1.201707031232/tools/compiler/bin/../lib/gcc/arm-none-eabi/5.4.1/../../../../arm-none-eabi/lib/armv7e-m/fpu/fpv5-sp-d16/libc_nano.a(lib_a-nano-vfprintf_i.o)
 .ARM.attributes
                0x000005d8       0x34 /home/chibbol/Ac6/SystemWorkbench/plugins/fr.ac6.mcu.externaltools.arm-none.linux64_1.13.1.201707031232/tools/compiler/bin/../lib/gcc/arm-none-eabi/5.4.1/../../../../arm-none-eabi/lib/armv7e-m/fpu/fpv5-sp-d16/libc_nano.a(lib_a-sprintf.o)
 .ARM.attributes
                0x0000060c       0x1b /home/chibbol/Ac6/SystemWorkbench/plugins/fr.ac6.mcu.externaltools.arm-none.linux64_1.13.1.201707031232/tools/compiler/bin/../lib/gcc/arm-none-eabi/5.4.1/../../../../arm-none-eabi/lib/armv7e-m/fpu/fpv5-sp-d16/libc_nano.a(lib_a-strlen.o)
 .ARM.attributes
                0x00000627       0x34 /home/chibbol/Ac6/SystemWorkbench/plugins/fr.ac6.mcu.externaltools.arm-none.linux64_1.13.1.201707031232/tools/compiler/bin/../lib/gcc/arm-none-eabi/5.4.1/../../../../arm-none-eabi/lib/armv7e-m/fpu/fpv5-sp-d16/libc_nano.a(lib_a-dtoa.o)
 .ARM.attributes
                0x0000065b       0x34 /home/chibbol/Ac6/SystemWorkbench/plugins/fr.ac6.mcu.externaltools.arm-none.linux64_1.13.1.201707031232/tools/compiler/bin/../lib/gcc/arm-none-eabi/5.4.1/../../../../arm-none-eabi/lib/armv7e-m/fpu/fpv5-sp-d16/libc_nano.a(lib_a-localeconv.o)
 .ARM.attributes
                0x0000068f       0x34 /home/chibbol/Ac6/SystemWorkbench/plugins/fr.ac6.mcu.externaltools.arm-none.linux64_1.13.1.201707031232/tools/compiler/bin/../lib/gcc/arm-none-eabi/5.4.1/../../../../arm-none-eabi/lib/armv7e-m/fpu/fpv5-sp-d16/libc_nano.a(lib_a-malloc.o)
 .ARM.attributes
                0x000006c3       0x20 /home/chibbol/Ac6/SystemWorkbench/plugins/fr.ac6.mcu.externaltools.arm-none.linux64_1.13.1.201707031232/tools/compiler/bin/../lib/gcc/arm-none-eabi/5.4.1/../../../../arm-none-eabi/lib/armv7e-m/fpu/fpv5-sp-d16/libc_nano.a(lib_a-memchr.o)
 .ARM.attributes
                0x000006e3       0x34 /home/chibbol/Ac6/SystemWorkbench/plugins/fr.ac6.mcu.externaltools.arm-none.linux64_1.13.1.201707031232/tools/compiler/bin/../lib/gcc/arm-none-eabi/5.4.1/../../../../arm-none-eabi/lib/armv7e-m/fpu/fpv5-sp-d16/libc_nano.a(lib_a-memcpy-stub.o)
 .ARM.attributes
                0x00000717       0x34 /home/chibbol/Ac6/SystemWorkbench/plugins/fr.ac6.mcu.externaltools.arm-none.linux64_1.13.1.201707031232/tools/compiler/bin/../lib/gcc/arm-none-eabi/5.4.1/../../../../arm-none-eabi/lib/armv7e-m/fpu/fpv5-sp-d16/libc_nano.a(lib_a-mprec.o)
 .ARM.attributes
                0x0000074b       0x34 /home/chibbol/Ac6/SystemWorkbench/plugins/fr.ac6.mcu.externaltools.arm-none.linux64_1.13.1.201707031232/tools/compiler/bin/../lib/gcc/arm-none-eabi/5.4.1/../../../../arm-none-eabi/lib/armv7e-m/fpu/fpv5-sp-d16/libc_nano.a(lib_a-nano-callocr.o)
 .ARM.attributes
                0x0000077f       0x34 /home/chibbol/Ac6/SystemWorkbench/plugins/fr.ac6.mcu.externaltools.arm-none.linux64_1.13.1.201707031232/tools/compiler/bin/../lib/gcc/arm-none-eabi/5.4.1/../../../../arm-none-eabi/lib/armv7e-m/fpu/fpv5-sp-d16/libc_nano.a(lib_a-nano-freer.o)
 .ARM.attributes
                0x000007b3       0x34 /home/chibbol/Ac6/SystemWorkbench/plugins/fr.ac6.mcu.externaltools.arm-none.linux64_1.13.1.201707031232/tools/compiler/bin/../lib/gcc/arm-none-eabi/5.4.1/../../../../arm-none-eabi/lib/armv7e-m/fpu/fpv5-sp-d16/libc_nano.a(lib_a-nano-mallocr.o)
 .ARM.attributes
                0x000007e7       0x34 /home/chibbol/Ac6/SystemWorkbench/plugins/fr.ac6.mcu.externaltools.arm-none.linux64_1.13.1.201707031232/tools/compiler/bin/../lib/gcc/arm-none-eabi/5.4.1/../../../../arm-none-eabi/lib/armv7e-m/fpu/fpv5-sp-d16/libc_nano.a(lib_a-nano-svfprintf.o)
 .ARM.attributes
                0x0000081b       0x34 /home/chibbol/Ac6/SystemWorkbench/plugins/fr.ac6.mcu.externaltools.arm-none.linux64_1.13.1.201707031232/tools/compiler/bin/../lib/gcc/arm-none-eabi/5.4.1/../../../../arm-none-eabi/lib/armv7e-m/fpu/fpv5-sp-d16/libc_nano.a(lib_a-sbrkr.o)
 .ARM.attributes
                0x0000084f       0x34 /home/chibbol/Ac6/SystemWorkbench/plugins/fr.ac6.mcu.externaltools.arm-none.linux64_1.13.1.201707031232/tools/compiler/bin/../lib/gcc/arm-none-eabi/5.4.1/../../../../arm-none-eabi/lib/armv7e-m/fpu/fpv5-sp-d16/libc_nano.a(lib_a-locale.o)
 .ARM.attributes
                0x00000883       0x34 /home/chibbol/Ac6/SystemWorkbench/plugins/fr.ac6.mcu.externaltools.arm-none.linux64_1.13.1.201707031232/tools/compiler/bin/../lib/gcc/arm-none-eabi/5.4.1/../../../../arm-none-eabi/lib/armv7e-m/fpu/fpv5-sp-d16/libc_nano.a(lib_a-mbtowc_r.o)
 .ARM.attributes
                0x000008b7       0x34 /home/chibbol/Ac6/SystemWorkbench/plugins/fr.ac6.mcu.externaltools.arm-none.linux64_1.13.1.201707031232/tools/compiler/bin/../lib/gcc/arm-none-eabi/5.4.1/../../../../arm-none-eabi/lib/armv7e-m/fpu/fpv5-sp-d16/libc_nano.a(lib_a-memmove.o)
 .ARM.attributes
                0x000008eb       0x34 /home/chibbol/Ac6/SystemWorkbench/plugins/fr.ac6.mcu.externaltools.arm-none.linux64_1.13.1.201707031232/tools/compiler/bin/../lib/gcc/arm-none-eabi/5.4.1/../../../../arm-none-eabi/lib/armv7e-m/fpu/fpv5-sp-d16/libc_nano.a(lib_a-mlock.o)
 .ARM.attributes
                0x0000091f       0x34 /home/chibbol/Ac6/SystemWorkbench/plugins/fr.ac6.mcu.externaltools.arm-none.linux64_1.13.1.201707031232/tools/compiler/bin/../lib/gcc/arm-none-eabi/5.4.1/../../../../arm-none-eabi/lib/armv7e-m/fpu/fpv5-sp-d16/libc_nano.a(lib_a-nano-reallocr.o)
 .ARM.attributes
                0x00000953       0x34 /home/chibbol/Ac6/SystemWorkbench/plugins/fr.ac6.mcu.externaltools.arm-none.linux64_1.13.1.201707031232/tools/compiler/bin/../lib/gcc/arm-none-eabi/5.4.1/../../../../arm-none-eabi/lib/armv7e-m/fpu/fpv5-sp-d16/libc_nano.a(lib_a-reent.o)
 .ARM.attributes
                0x00000987       0x34 /home/chibbol/Ac6/SystemWorkbench/plugins/fr.ac6.mcu.externaltools.arm-none.linux64_1.13.1.201707031232/tools/compiler/bin/../lib/gcc/arm-none-eabi/5.4.1/../../../../arm-none-eabi/lib/armv7e-m/fpu/fpv5-sp-d16/libc_nano.a(lib_a-wctomb_r.o)
 .ARM.attributes
                0x000009bb       0x34 /home/chibbol/Ac6/SystemWorkbench/plugins/fr.ac6.mcu.externaltools.arm-none.linux64_1.13.1.201707031232/tools/compiler/bin/../lib/gcc/arm-none-eabi/5.4.1/../../../../arm-none-eabi/lib/armv7e-m/fpu/fpv5-sp-d16/libc_nano.a(lib_a-ctype_.o)
 .ARM.attributes
                0x000009ef       0x34 /home/chibbol/Ac6/SystemWorkbench/plugins/fr.ac6.mcu.externaltools.arm-none.linux64_1.13.1.201707031232/tools/compiler/bin/../lib/gcc/arm-none-eabi/5.4.1/../../../../arm-none-eabi/lib/armv7e-m/fpu/fpv5-sp-d16/libc_nano.a(lib_a-nano-msizer.o)
 .ARM.attributes
                0x00000a23       0x22 /home/chibbol/Ac6/SystemWorkbench/plugins/fr.ac6.mcu.externaltools.arm-none.linux64_1.13.1.201707031232/tools/compiler/bin/../lib/gcc/arm-none-eabi/5.4.1/armv7e-m/fpu/fpv5-sp-d16/libgcc.a(_arm_muldivdf3.o)
 .ARM.attributes
                0x00000a45       0x22 /home/chibbol/Ac6/SystemWorkbench/plugins/fr.ac6.mcu.externaltools.arm-none.linux64_1.13.1.201707031232/tools/compiler/bin/../lib/gcc/arm-none-eabi/5.4.1/armv7e-m/fpu/fpv5-sp-d16/libgcc.a(_arm_cmpdf2.o)
 .ARM.attributes
                0x00000a67       0x22 /home/chibbol/Ac6/SystemWorkbench/plugins/fr.ac6.mcu.externaltools.arm-none.linux64_1.13.1.201707031232/tools/compiler/bin/../lib/gcc/arm-none-eabi/5.4.1/armv7e-m/fpu/fpv5-sp-d16/libgcc.a(_arm_unorddf2.o)
 .ARM.attributes
                0x00000a89       0x22 /home/chibbol/Ac6/SystemWorkbench/plugins/fr.ac6.mcu.externaltools.arm-none.linux64_1.13.1.201707031232/tools/compiler/bin/../lib/gcc/arm-none-eabi/5.4.1/armv7e-m/fpu/fpv5-sp-d16/libgcc.a(_arm_fixdfsi.o)
 .ARM.attributes
                0x00000aab       0x34 /home/chibbol/Ac6/SystemWorkbench/plugins/fr.ac6.mcu.externaltools.arm-none.linux64_1.13.1.201707031232/tools/compiler/bin/../lib/gcc/arm-none-eabi/5.4.1/../../../../arm-none-eabi/lib/armv7e-m/fpu/fpv5-sp-d16/libnosys.a(sbrk.o)
 .ARM.attributes
                0x00000adf       0x22 /home/chibbol/Ac6/SystemWorkbench/plugins/fr.ac6.mcu.externaltools.arm-none.linux64_1.13.1.201707031232/tools/compiler/bin/../lib/gcc/arm-none-eabi/5.4.1/armv7e-m/fpu/fpv5-sp-d16/crtn.o
OUTPUT(STM32746G_Discovery_ctrl_loop.elf elf32-littlearm)

.debug_line     0x00000000     0xea1f
 .debug_line    0x00000000       0xdb CtrlLoop/SW4STM32/startup_stm32f746xx.o
 .debug_line    0x000000db      0xc17 CtrlLoop/User/main.o
 .debug_line    0x00000cf2      0x972 CtrlLoop/User/stm32f7xx_hal_msp.o
 .debug_line    0x00001664      0xb6f CtrlLoop/User/stm32f7xx_it.o
 .debug_line    0x000021d3      0xc25 Drivers/BSP/STM32746G_Discovery/stm32746g_discovery.o
 .debug_line    0x00002df8     0x111e Drivers/BSP/STM32746G_Discovery/stm32746g_discovery_lcd.o
 .debug_line    0x00003f16      0xa3c Drivers/BSP/STM32746G_Discovery/stm32746g_discovery_sdram.o
 .debug_line    0x00004952      0x939 Drivers/CMSIS/system_stm32f7xx.o
 .debug_line    0x0000528b      0xaac Drivers/STM32F7xx_HAL_Driver/stm32f7xx_hal.o
 .debug_line    0x00005d37      0xd1e Drivers/STM32F7xx_HAL_Driver/stm32f7xx_hal_adc.o
 .debug_line    0x00006a55      0xc18 Drivers/STM32F7xx_HAL_Driver/stm32f7xx_hal_cortex.o
 .debug_line    0x0000766d      0xbcd Drivers/STM32F7xx_HAL_Driver/stm32f7xx_hal_dma.o
 .debug_line    0x0000823a      0xf26 Drivers/STM32F7xx_HAL_Driver/stm32f7xx_hal_dma2d.o
 .debug_line    0x00009160      0xb09 Drivers/STM32F7xx_HAL_Driver/stm32f7xx_hal_gpio.o
 .debug_line    0x00009c69     0x11d7 Drivers/STM32F7xx_HAL_Driver/stm32f7xx_hal_ltdc.o
 .debug_line    0x0000ae40      0xa52 Drivers/STM32F7xx_HAL_Driver/stm32f7xx_hal_pwr_ex.o
 .debug_line    0x0000b892      0xc30 Drivers/STM32F7xx_HAL_Driver/stm32f7xx_hal_rcc.o
 .debug_line    0x0000c4c2      0xd45 Drivers/STM32F7xx_HAL_Driver/stm32f7xx_hal_rcc_ex.o
 .debug_line    0x0000d207      0xc57 Drivers/STM32F7xx_HAL_Driver/stm32f7xx_hal_sdram.o
 .debug_line    0x0000de5e      0xbc1 Drivers/STM32F7xx_HAL_Driver/stm32f7xx_ll_fmc.o

.debug_info     0x00000000     0xffb5
 .debug_info    0x00000000      0x12c CtrlLoop/SW4STM32/startup_stm32f746xx.o
 .debug_info    0x0000012c      0xd37 CtrlLoop/User/main.o
 .debug_info    0x00000e63      0xbcf CtrlLoop/User/stm32f7xx_hal_msp.o
 .debug_info    0x00001a32      0x153 CtrlLoop/User/stm32f7xx_it.o
 .debug_info    0x00001b85     0x193c Drivers/BSP/STM32746G_Discovery/stm32746g_discovery.o
 .debug_info    0x000034c1     0x21ad Drivers/BSP/STM32746G_Discovery/stm32746g_discovery_lcd.o
 .debug_info    0x0000566e      0xe93 Drivers/BSP/STM32746G_Discovery/stm32746g_discovery_sdram.o
 .debug_info    0x00006501      0x6e4 Drivers/CMSIS/system_stm32f7xx.o
 .debug_info    0x00006be5      0x8c6 Drivers/STM32F7xx_HAL_Driver/stm32f7xx_hal.o
 .debug_info    0x000074ab      0xc5d Drivers/STM32F7xx_HAL_Driver/stm32f7xx_hal_adc.o
 .debug_info    0x00008108      0xfc1 Drivers/STM32F7xx_HAL_Driver/stm32f7xx_hal_cortex.o
 .debug_info    0x000090c9      0x8f7 Drivers/STM32F7xx_HAL_Driver/stm32f7xx_hal_dma.o
 .debug_info    0x000099c0     0x1139 Drivers/STM32F7xx_HAL_Driver/stm32f7xx_hal_dma2d.o
 .debug_info    0x0000aaf9      0x746 Drivers/STM32F7xx_HAL_Driver/stm32f7xx_hal_gpio.o
 .debug_info    0x0000b23f     0x106a Drivers/STM32F7xx_HAL_Driver/stm32f7xx_hal_ltdc.o
 .debug_info    0x0000c2a9      0x910 Drivers/STM32F7xx_HAL_Driver/stm32f7xx_hal_pwr_ex.o
 .debug_info    0x0000cbb9      0xb99 Drivers/STM32F7xx_HAL_Driver/stm32f7xx_hal_rcc.o
 .debug_info    0x0000d752     0x1021 Drivers/STM32F7xx_HAL_Driver/stm32f7xx_hal_rcc_ex.o
 .debug_info    0x0000e773      0xc08 Drivers/STM32F7xx_HAL_Driver/stm32f7xx_hal_sdram.o
 .debug_info    0x0000f37b      0xc3a Drivers/STM32F7xx_HAL_Driver/stm32f7xx_ll_fmc.o

.debug_abbrev   0x00000000     0x24a7
 .debug_abbrev  0x00000000       0x12 CtrlLoop/SW4STM32/startup_stm32f746xx.o
 .debug_abbrev  0x00000012      0x23c CtrlLoop/User/main.o
 .debug_abbrev  0x0000024e      0x19b CtrlLoop/User/stm32f7xx_hal_msp.o
 .debug_abbrev  0x000003e9       0x82 CtrlLoop/User/stm32f7xx_it.o
 .debug_abbrev  0x0000046b      0x274 Drivers/BSP/STM32746G_Discovery/stm32746g_discovery.o
 .debug_abbrev  0x000006df      0x2b2 Drivers/BSP/STM32746G_Discovery/stm32746g_discovery_lcd.o
 .debug_abbrev  0x00000991      0x1e4 Drivers/BSP/STM32746G_Discovery/stm32746g_discovery_sdram.o
 .debug_abbrev  0x00000b75      0x120 Drivers/CMSIS/system_stm32f7xx.o
 .debug_abbrev  0x00000c95      0x1ad Drivers/STM32F7xx_HAL_Driver/stm32f7xx_hal.o
 .debug_abbrev  0x00000e42      0x227 Drivers/STM32F7xx_HAL_Driver/stm32f7xx_hal_adc.o
 .debug_abbrev  0x00001069      0x2cc Drivers/STM32F7xx_HAL_Driver/stm32f7xx_hal_cortex.o
 .debug_abbrev  0x00001335      0x229 Drivers/STM32F7xx_HAL_Driver/stm32f7xx_hal_dma.o
 .debug_abbrev  0x0000155e      0x261 Drivers/STM32F7xx_HAL_Driver/stm32f7xx_hal_dma2d.o
 .debug_abbrev  0x000017bf      0x1af Drivers/STM32F7xx_HAL_Driver/stm32f7xx_hal_gpio.o
 .debug_abbrev  0x0000196e      0x1fa Drivers/STM32F7xx_HAL_Driver/stm32f7xx_hal_ltdc.o
 .debug_abbrev  0x00001b68      0x1c1 Drivers/STM32F7xx_HAL_Driver/stm32f7xx_hal_pwr_ex.o
 .debug_abbrev  0x00001d29      0x268 Drivers/STM32F7xx_HAL_Driver/stm32f7xx_hal_rcc.o
 .debug_abbrev  0x00001f91      0x1e3 Drivers/STM32F7xx_HAL_Driver/stm32f7xx_hal_rcc_ex.o
 .debug_abbrev  0x00002174      0x1dd Drivers/STM32F7xx_HAL_Driver/stm32f7xx_hal_sdram.o
 .debug_abbrev  0x00002351      0x156 Drivers/STM32F7xx_HAL_Driver/stm32f7xx_ll_fmc.o

.debug_aranges  0x00000000      0xda0
 .debug_aranges
                0x00000000       0x28 CtrlLoop/SW4STM32/startup_stm32f746xx.o
 .debug_aranges
                0x00000028       0x60 CtrlLoop/User/main.o
 .debug_aranges
                0x00000088       0x40 CtrlLoop/User/stm32f7xx_hal_msp.o
 .debug_aranges
                0x000000c8       0x60 CtrlLoop/User/stm32f7xx_it.o
 .debug_aranges
                0x00000128      0x128 Drivers/BSP/STM32746G_Discovery/stm32746g_discovery.o
 .debug_aranges
                0x00000250      0x1d8 Drivers/BSP/STM32746G_Discovery/stm32746g_discovery_lcd.o
 .debug_aranges
                0x00000428       0x68 Drivers/BSP/STM32746G_Discovery/stm32746g_discovery_sdram.o
 .debug_aranges
                0x00000490       0x28 Drivers/CMSIS/system_stm32f7xx.o
 .debug_aranges
                0x000004b8       0xd0 Drivers/STM32F7xx_HAL_Driver/stm32f7xx_hal.o
 .debug_aranges
                0x00000588       0xe8 Drivers/STM32F7xx_HAL_Driver/stm32f7xx_hal_adc.o
 .debug_aranges
                0x00000670      0x118 Drivers/STM32F7xx_HAL_Driver/stm32f7xx_hal_cortex.o
 .debug_aranges
                0x00000788       0x90 Drivers/STM32F7xx_HAL_Driver/stm32f7xx_hal_dma.o
 .debug_aranges
                0x00000818      0x108 Drivers/STM32F7xx_HAL_Driver/stm32f7xx_hal_dma2d.o
 .debug_aranges
                0x00000920       0x58 Drivers/STM32F7xx_HAL_Driver/stm32f7xx_hal_gpio.o
 .debug_aranges
                0x00000978      0x158 Drivers/STM32F7xx_HAL_Driver/stm32f7xx_hal_ltdc.o
 .debug_aranges
                0x00000ad0       0x80 Drivers/STM32F7xx_HAL_Driver/stm32f7xx_hal_pwr_ex.o
 .debug_aranges
                0x00000b50       0x88 Drivers/STM32F7xx_HAL_Driver/stm32f7xx_hal_rcc.o
 .debug_aranges
                0x00000bd8       0x30 Drivers/STM32F7xx_HAL_Driver/stm32f7xx_hal_rcc_ex.o
 .debug_aranges
                0x00000c08       0xd0 Drivers/STM32F7xx_HAL_Driver/stm32f7xx_hal_sdram.o
 .debug_aranges
                0x00000cd8       0xc8 Drivers/STM32F7xx_HAL_Driver/stm32f7xx_ll_fmc.o

.debug_ranges   0x00000000      0xc68
 .debug_ranges  0x00000000       0x20 CtrlLoop/SW4STM32/startup_stm32f746xx.o
 .debug_ranges  0x00000020       0x50 CtrlLoop/User/main.o
 .debug_ranges  0x00000070       0x30 CtrlLoop/User/stm32f7xx_hal_msp.o
 .debug_ranges  0x000000a0       0x50 CtrlLoop/User/stm32f7xx_it.o
 .debug_ranges  0x000000f0      0x118 Drivers/BSP/STM32746G_Discovery/stm32746g_discovery.o
 .debug_ranges  0x00000208      0x1c8 Drivers/BSP/STM32746G_Discovery/stm32746g_discovery_lcd.o
 .debug_ranges  0x000003d0       0x58 Drivers/BSP/STM32746G_Discovery/stm32746g_discovery_sdram.o
 .debug_ranges  0x00000428       0x18 Drivers/CMSIS/system_stm32f7xx.o
 .debug_ranges  0x00000440       0xc0 Drivers/STM32F7xx_HAL_Driver/stm32f7xx_hal.o
 .debug_ranges  0x00000500       0xd8 Drivers/STM32F7xx_HAL_Driver/stm32f7xx_hal_adc.o
 .debug_ranges  0x000005d8      0x108 Drivers/STM32F7xx_HAL_Driver/stm32f7xx_hal_cortex.o
 .debug_ranges  0x000006e0       0x80 Drivers/STM32F7xx_HAL_Driver/stm32f7xx_hal_dma.o
 .debug_ranges  0x00000760       0xf8 Drivers/STM32F7xx_HAL_Driver/stm32f7xx_hal_dma2d.o
 .debug_ranges  0x00000858       0x48 Drivers/STM32F7xx_HAL_Driver/stm32f7xx_hal_gpio.o
 .debug_ranges  0x000008a0      0x148 Drivers/STM32F7xx_HAL_Driver/stm32f7xx_hal_ltdc.o
 .debug_ranges  0x000009e8       0x70 Drivers/STM32F7xx_HAL_Driver/stm32f7xx_hal_pwr_ex.o
 .debug_ranges  0x00000a58       0x78 Drivers/STM32F7xx_HAL_Driver/stm32f7xx_hal_rcc.o
 .debug_ranges  0x00000ad0       0x20 Drivers/STM32F7xx_HAL_Driver/stm32f7xx_hal_rcc_ex.o
 .debug_ranges  0x00000af0       0xc0 Drivers/STM32F7xx_HAL_Driver/stm32f7xx_hal_sdram.o
 .debug_ranges  0x00000bb0       0xb8 Drivers/STM32F7xx_HAL_Driver/stm32f7xx_ll_fmc.o

.debug_macro    0x00000000    0x27284
 .debug_macro   0x00000000      0x3bb CtrlLoop/User/main.o
 .debug_macro   0x000003bb      0x1a3 CtrlLoop/User/main.o
 .debug_macro   0x0000055e       0x2e CtrlLoop/User/main.o
 .debug_macro   0x0000058c       0x3b CtrlLoop/User/main.o
 .debug_macro   0x000005c7       0x87 CtrlLoop/User/main.o
 .debug_macro   0x0000064e       0x44 CtrlLoop/User/main.o
 .debug_macro   0x00000692       0xfd CtrlLoop/User/main.o
 .debug_macro   0x0000078f      0x1df CtrlLoop/User/main.o
 .debug_macro   0x0000096e       0x35 CtrlLoop/User/main.o
 .debug_macro   0x000009a3       0x50 CtrlLoop/User/main.o
 .debug_macro   0x000009f3     0x1114 CtrlLoop/User/main.o
 .debug_macro   0x00001b07    0x1875c CtrlLoop/User/main.o
 .debug_macro   0x0001a263       0x43 CtrlLoop/User/main.o
 .debug_macro   0x0001a2a6     0x35c8 CtrlLoop/User/main.o
 .debug_macro   0x0001d86e       0x52 CtrlLoop/User/main.o
 .debug_macro   0x0001d8c0       0x57 CtrlLoop/User/main.o
 .debug_macro   0x0001d917     0x18ad CtrlLoop/User/main.o
 .debug_macro   0x0001f1c4      0x6a2 CtrlLoop/User/main.o
 .debug_macro   0x0001f866      0x11e CtrlLoop/User/main.o
 .debug_macro   0x0001f984      0x204 CtrlLoop/User/main.o
 .debug_macro   0x0001fb88       0x27 CtrlLoop/User/main.o
 .debug_macro   0x0001fbaf      0x24f CtrlLoop/User/main.o
 .debug_macro   0x0001fdfe       0x41 CtrlLoop/User/main.o
 .debug_macro   0x0001fe3f       0x58 CtrlLoop/User/main.o
 .debug_macro   0x0001fe97      0x23a CtrlLoop/User/main.o
 .debug_macro   0x000200d1      0x408 CtrlLoop/User/main.o
 .debug_macro   0x000204d9      0x161 CtrlLoop/User/main.o
 .debug_macro   0x0002063a      0x100 CtrlLoop/User/main.o
 .debug_macro   0x0002073a      0x20f CtrlLoop/User/main.o
 .debug_macro   0x00020949      0x156 CtrlLoop/User/main.o
 .debug_macro   0x00020a9f      0x25d CtrlLoop/User/main.o
 .debug_macro   0x00020cfc       0x12 CtrlLoop/User/main.o
 .debug_macro   0x00020d0e      0x516 CtrlLoop/User/main.o
 .debug_macro   0x00021224      0x202 CtrlLoop/User/main.o
 .debug_macro   0x00021426       0x5a CtrlLoop/User/main.o
 .debug_macro   0x00021480       0x90 CtrlLoop/User/main.o
 .debug_macro   0x00021510      0x255 CtrlLoop/User/main.o
 .debug_macro   0x00021765      0x133 CtrlLoop/User/main.o
 .debug_macro   0x00021898      0x10c CtrlLoop/User/main.o
 .debug_macro   0x000219a4       0x35 CtrlLoop/User/main.o
 .debug_macro   0x000219d9      0x685 CtrlLoop/User/main.o
 .debug_macro   0x0002205e      0x256 CtrlLoop/User/main.o
 .debug_macro   0x000222b4      0x13f CtrlLoop/User/main.o
 .debug_macro   0x000223f3      0x4e8 CtrlLoop/User/main.o
 .debug_macro   0x000228db       0x47 CtrlLoop/User/main.o
 .debug_macro   0x00022922      0x14a CtrlLoop/User/main.o
 .debug_macro   0x00022a6c      0x26a CtrlLoop/User/main.o
 .debug_macro   0x00022cd6       0x40 CtrlLoop/User/main.o
 .debug_macro   0x00022d16       0xa0 CtrlLoop/User/main.o
 .debug_macro   0x00022db6       0x10 CtrlLoop/User/main.o
 .debug_macro   0x00022dc6      0x12c CtrlLoop/User/main.o
 .debug_macro   0x00022ef2      0x1e1 CtrlLoop/User/main.o
 .debug_macro   0x000230d3      0x35d CtrlLoop/User/stm32f7xx_hal_msp.o
 .debug_macro   0x00023430      0x3c5 CtrlLoop/User/stm32f7xx_it.o
 .debug_macro   0x000237f5      0x38a Drivers/BSP/STM32746G_Discovery/stm32746g_discovery.o
 .debug_macro   0x00023b7f      0x264 Drivers/BSP/STM32746G_Discovery/stm32746g_discovery.o
 .debug_macro   0x00023de3      0x3c0 Drivers/BSP/STM32746G_Discovery/stm32746g_discovery_lcd.o
 .debug_macro   0x000241a3       0x9a Drivers/BSP/STM32746G_Discovery/stm32746g_discovery_lcd.o
 .debug_macro   0x0002423d      0x36c Drivers/BSP/STM32746G_Discovery/stm32746g_discovery_sdram.o
 .debug_macro   0x000245a9      0x354 Drivers/CMSIS/system_stm32f7xx.o
 .debug_macro   0x000248fd      0x381 Drivers/STM32F7xx_HAL_Driver/stm32f7xx_hal.o
 .debug_macro   0x00024c7e      0x35e Drivers/STM32F7xx_HAL_Driver/stm32f7xx_hal_adc.o
 .debug_macro   0x00024fdc      0x35d Drivers/STM32F7xx_HAL_Driver/stm32f7xx_hal_cortex.o
 .debug_macro   0x00025339      0x364 Drivers/STM32F7xx_HAL_Driver/stm32f7xx_hal_dma.o
 .debug_macro   0x0002569d      0x3dc Drivers/STM32F7xx_HAL_Driver/stm32f7xx_hal_dma2d.o
 .debug_macro   0x00025a79      0x395 Drivers/STM32F7xx_HAL_Driver/stm32f7xx_hal_gpio.o
 .debug_macro   0x00025e0e      0x35d Drivers/STM32F7xx_HAL_Driver/stm32f7xx_hal_ltdc.o
 .debug_macro   0x0002616b      0x375 Drivers/STM32F7xx_HAL_Driver/stm32f7xx_hal_pwr_ex.o
 .debug_macro   0x000264e0      0x381 Drivers/STM32F7xx_HAL_Driver/stm32f7xx_hal_rcc.o
 .debug_macro   0x00026861      0x369 Drivers/STM32F7xx_HAL_Driver/stm32f7xx_hal_rcc_ex.o
 .debug_macro   0x00026bca      0x35d Drivers/STM32F7xx_HAL_Driver/stm32f7xx_hal_sdram.o
 .debug_macro   0x00026f27      0x35d Drivers/STM32F7xx_HAL_Driver/stm32f7xx_ll_fmc.o

.debug_str      0x00000000    0xf35cd
 .debug_str     0x00000000    0xee56d CtrlLoop/User/main.o
                              0xee904 (size before relaxing)
 .debug_str     0x000ee56d      0x39b CtrlLoop/User/stm32f7xx_hal_msp.o
                              0xec1aa (size before relaxing)
 .debug_str     0x000ee908      0x113 CtrlLoop/User/stm32f7xx_it.o
                              0xee184 (size before relaxing)
 .debug_str     0x000eea1b      0xf71 Drivers/BSP/STM32746G_Discovery/stm32746g_discovery.o
                              0xedfa7 (size before relaxing)
 .debug_str     0x000ef98c      0xec6 Drivers/BSP/STM32746G_Discovery/stm32746g_discovery_lcd.o
                              0xeea3c (size before relaxing)
 .debug_str     0x000f0852      0x3e2 Drivers/BSP/STM32746G_Discovery/stm32746g_discovery_sdram.o
                              0xecbe8 (size before relaxing)
 .debug_str     0x000f0c34       0xf2 Drivers/CMSIS/system_stm32f7xx.o
                              0xeabba (size before relaxing)
 .debug_str     0x000f0d26      0x35c Drivers/STM32F7xx_HAL_Driver/stm32f7xx_hal.o
                              0xec4e7 (size before relaxing)
 .debug_str     0x000f1082      0x2db Drivers/STM32F7xx_HAL_Driver/stm32f7xx_hal_adc.o
                              0xec134 (size before relaxing)
 .debug_str     0x000f135d      0x32b Drivers/STM32F7xx_HAL_Driver/stm32f7xx_hal_cortex.o
                              0xec5c6 (size before relaxing)
 .debug_str     0x000f1688      0x353 Drivers/STM32F7xx_HAL_Driver/stm32f7xx_hal_dma.o
                              0xebfc7 (size before relaxing)
 .debug_str     0x000f19db      0x7f8 Drivers/STM32F7xx_HAL_Driver/stm32f7xx_hal_dma2d.o
                              0xec5aa (size before relaxing)
 .debug_str     0x000f21d3      0x273 Drivers/STM32F7xx_HAL_Driver/stm32f7xx_hal_gpio.o
                              0xebe53 (size before relaxing)
 .debug_str     0x000f2446      0x463 Drivers/STM32F7xx_HAL_Driver/stm32f7xx_hal_ltdc.o
                              0xec1dd (size before relaxing)
 .debug_str     0x000f28a9      0x21d Drivers/STM32F7xx_HAL_Driver/stm32f7xx_hal_pwr_ex.o
                              0xebf03 (size before relaxing)
 .debug_str     0x000f2ac6      0x279 Drivers/STM32F7xx_HAL_Driver/stm32f7xx_hal_rcc.o
                              0xebfb9 (size before relaxing)
 .debug_str     0x000f2d3f      0x149 Drivers/STM32F7xx_HAL_Driver/stm32f7xx_hal_rcc_ex.o
                              0xebef4 (size before relaxing)
 .debug_str     0x000f2e88      0x2a4 Drivers/STM32F7xx_HAL_Driver/stm32f7xx_hal_sdram.o
                              0xec18b (size before relaxing)
 .debug_str     0x000f312c      0x4a1 Drivers/STM32F7xx_HAL_Driver/stm32f7xx_ll_fmc.o
                              0xec0c9 (size before relaxing)

.comment        0x00000000       0x6e
 .comment       0x00000000       0x6e CtrlLoop/User/main.o
                                 0x6f (size before relaxing)
 .comment       0x0000006e       0x6f CtrlLoop/User/stm32f7xx_hal_msp.o
 .comment       0x0000006e       0x6f CtrlLoop/User/stm32f7xx_it.o
 .comment       0x0000006e       0x6f Drivers/BSP/STM32746G_Discovery/stm32746g_discovery.o
 .comment       0x0000006e       0x6f Drivers/BSP/STM32746G_Discovery/stm32746g_discovery_lcd.o
 .comment       0x0000006e       0x6f Drivers/BSP/STM32746G_Discovery/stm32746g_discovery_sdram.o
 .comment       0x0000006e       0x6f Drivers/CMSIS/system_stm32f7xx.o
 .comment       0x0000006e       0x6f Drivers/STM32F7xx_HAL_Driver/stm32f7xx_hal.o
 .comment       0x0000006e       0x6f Drivers/STM32F7xx_HAL_Driver/stm32f7xx_hal_adc.o
 .comment       0x0000006e       0x6f Drivers/STM32F7xx_HAL_Driver/stm32f7xx_hal_cortex.o
 .comment       0x0000006e       0x6f Drivers/STM32F7xx_HAL_Driver/stm32f7xx_hal_dma.o
 .comment       0x0000006e       0x6f Drivers/STM32F7xx_HAL_Driver/stm32f7xx_hal_dma2d.o
 .comment       0x0000006e       0x6f Drivers/STM32F7xx_HAL_Driver/stm32f7xx_hal_gpio.o
 .comment       0x0000006e       0x6f Drivers/STM32F7xx_HAL_Driver/stm32f7xx_hal_ltdc.o
 .comment       0x0000006e       0x6f Drivers/STM32F7xx_HAL_Driver/stm32f7xx_hal_pwr_ex.o
 .comment       0x0000006e       0x6f Drivers/STM32F7xx_HAL_Driver/stm32f7xx_hal_rcc.o
 .comment       0x0000006e       0x6f Drivers/STM32F7xx_HAL_Driver/stm32f7xx_hal_rcc_ex.o
 .comment       0x0000006e       0x6f Drivers/STM32F7xx_HAL_Driver/stm32f7xx_hal_sdram.o
 .comment       0x0000006e       0x6f Drivers/STM32F7xx_HAL_Driver/stm32f7xx_ll_fmc.o

.debug_frame    0x00000000     0x3f28
 .debug_frame   0x00000000      0x12c CtrlLoop/User/main.o
 .debug_frame   0x0000012c       0xc0 CtrlLoop/User/stm32f7xx_hal_msp.o
 .debug_frame   0x000001ec      0x10c CtrlLoop/User/stm32f7xx_it.o
 .debug_frame   0x000002f8      0x4b0 Drivers/BSP/STM32746G_Discovery/stm32746g_discovery.o
 .debug_frame   0x000007a8      0x840 Drivers/BSP/STM32746G_Discovery/stm32746g_discovery_lcd.o
 .debug_frame   0x00000fe8      0x168 Drivers/BSP/STM32746G_Discovery/stm32746g_discovery_sdram.o
 .debug_frame   0x00001150       0x58 Drivers/CMSIS/system_stm32f7xx.o
 .debug_frame   0x000011a8      0x2f0 Drivers/STM32F7xx_HAL_Driver/stm32f7xx_hal.o
 .debug_frame   0x00001498      0x400 Drivers/STM32F7xx_HAL_Driver/stm32f7xx_hal_adc.o
 .debug_frame   0x00001898      0x498 Drivers/STM32F7xx_HAL_Driver/stm32f7xx_hal_cortex.o
 .debug_frame   0x00001d30      0x250 Drivers/STM32F7xx_HAL_Driver/stm32f7xx_hal_dma.o
 .debug_frame   0x00001f80      0x49c Drivers/STM32F7xx_HAL_Driver/stm32f7xx_hal_dma2d.o
 .debug_frame   0x0000241c      0x14c Drivers/STM32F7xx_HAL_Driver/stm32f7xx_hal_gpio.o
 .debug_frame   0x00002568      0x61c Drivers/STM32F7xx_HAL_Driver/stm32f7xx_hal_ltdc.o
 .debug_frame   0x00002b84      0x1c8 Drivers/STM32F7xx_HAL_Driver/stm32f7xx_hal_pwr_ex.o
 .debug_frame   0x00002d4c      0x1fc Drivers/STM32F7xx_HAL_Driver/stm32f7xx_hal_rcc.o
 .debug_frame   0x00002f48       0x88 Drivers/STM32F7xx_HAL_Driver/stm32f7xx_hal_rcc_ex.o
 .debug_frame   0x00002fd0      0x37c Drivers/STM32F7xx_HAL_Driver/stm32f7xx_hal_sdram.o
 .debug_frame   0x0000334c      0x378 Drivers/STM32F7xx_HAL_Driver/stm32f7xx_ll_fmc.o
 .debug_frame   0x000036c4       0x2c /home/chibbol/Ac6/SystemWorkbench/plugins/fr.ac6.mcu.externaltools.arm-none.linux64_1.13.1.201707031232/tools/compiler/bin/../lib/gcc/arm-none-eabi/5.4.1/../../../../arm-none-eabi/lib/armv7e-m/fpu/fpv5-sp-d16/libc_nano.a(lib_a-init.o)
 .debug_frame   0x000036f0       0x20 /home/chibbol/Ac6/SystemWorkbench/plugins/fr.ac6.mcu.externaltools.arm-none.linux64_1.13.1.201707031232/tools/compiler/bin/../lib/gcc/arm-none-eabi/5.4.1/../../../../arm-none-eabi/lib/armv7e-m/fpu/fpv5-sp-d16/libc_nano.a(lib_a-memset.o)
 .debug_frame   0x00003710       0x88 /home/chibbol/Ac6/SystemWorkbench/plugins/fr.ac6.mcu.externaltools.arm-none.linux64_1.13.1.201707031232/tools/compiler/bin/../lib/gcc/arm-none-eabi/5.4.1/../../../../arm-none-eabi/lib/armv7e-m/fpu/fpv5-sp-d16/libc_nano.a(lib_a-nano-vfprintf_float.o)
 .debug_frame   0x00003798       0x60 /home/chibbol/Ac6/SystemWorkbench/plugins/fr.ac6.mcu.externaltools.arm-none.linux64_1.13.1.201707031232/tools/compiler/bin/../lib/gcc/arm-none-eabi/5.4.1/../../../../arm-none-eabi/lib/armv7e-m/fpu/fpv5-sp-d16/libc_nano.a(lib_a-nano-vfprintf_i.o)
 .debug_frame   0x000037f8       0x70 /home/chibbol/Ac6/SystemWorkbench/plugins/fr.ac6.mcu.externaltools.arm-none.linux64_1.13.1.201707031232/tools/compiler/bin/../lib/gcc/arm-none-eabi/5.4.1/../../../../arm-none-eabi/lib/armv7e-m/fpu/fpv5-sp-d16/libc_nano.a(lib_a-sprintf.o)
 .debug_frame   0x00003868       0x6c /home/chibbol/Ac6/SystemWorkbench/plugins/fr.ac6.mcu.externaltools.arm-none.linux64_1.13.1.201707031232/tools/compiler/bin/../lib/gcc/arm-none-eabi/5.4.1/../../../../arm-none-eabi/lib/armv7e-m/fpu/fpv5-sp-d16/libc_nano.a(lib_a-dtoa.o)
 .debug_frame   0x000038d4       0x40 /home/chibbol/Ac6/SystemWorkbench/plugins/fr.ac6.mcu.externaltools.arm-none.linux64_1.13.1.201707031232/tools/compiler/bin/../lib/gcc/arm-none-eabi/5.4.1/../../../../arm-none-eabi/lib/armv7e-m/fpu/fpv5-sp-d16/libc_nano.a(lib_a-localeconv.o)
 .debug_frame   0x00003914       0x30 /home/chibbol/Ac6/SystemWorkbench/plugins/fr.ac6.mcu.externaltools.arm-none.linux64_1.13.1.201707031232/tools/compiler/bin/../lib/gcc/arm-none-eabi/5.4.1/../../../../arm-none-eabi/lib/armv7e-m/fpu/fpv5-sp-d16/libc_nano.a(lib_a-malloc.o)
 .debug_frame   0x00003944       0x28 /home/chibbol/Ac6/SystemWorkbench/plugins/fr.ac6.mcu.externaltools.arm-none.linux64_1.13.1.201707031232/tools/compiler/bin/../lib/gcc/arm-none-eabi/5.4.1/../../../../arm-none-eabi/lib/armv7e-m/fpu/fpv5-sp-d16/libc_nano.a(lib_a-memcpy-stub.o)
 .debug_frame   0x0000396c      0x238 /home/chibbol/Ac6/SystemWorkbench/plugins/fr.ac6.mcu.externaltools.arm-none.linux64_1.13.1.201707031232/tools/compiler/bin/../lib/gcc/arm-none-eabi/5.4.1/../../../../arm-none-eabi/lib/armv7e-m/fpu/fpv5-sp-d16/libc_nano.a(lib_a-mprec.o)
 .debug_frame   0x00003ba4       0x2c /home/chibbol/Ac6/SystemWorkbench/plugins/fr.ac6.mcu.externaltools.arm-none.linux64_1.13.1.201707031232/tools/compiler/bin/../lib/gcc/arm-none-eabi/5.4.1/../../../../arm-none-eabi/lib/armv7e-m/fpu/fpv5-sp-d16/libc_nano.a(lib_a-nano-callocr.o)
 .debug_frame   0x00003bd0       0x38 /home/chibbol/Ac6/SystemWorkbench/plugins/fr.ac6.mcu.externaltools.arm-none.linux64_1.13.1.201707031232/tools/compiler/bin/../lib/gcc/arm-none-eabi/5.4.1/../../../../arm-none-eabi/lib/armv7e-m/fpu/fpv5-sp-d16/libc_nano.a(lib_a-nano-freer.o)
 .debug_frame   0x00003c08       0x2c /home/chibbol/Ac6/SystemWorkbench/plugins/fr.ac6.mcu.externaltools.arm-none.linux64_1.13.1.201707031232/tools/compiler/bin/../lib/gcc/arm-none-eabi/5.4.1/../../../../arm-none-eabi/lib/armv7e-m/fpu/fpv5-sp-d16/libc_nano.a(lib_a-nano-mallocr.o)