Archive member included to satisfy reference by file (symbol)

/home/chibbol/Ac6/SystemWorkbench/plugins/fr.ac6.mcu.externaltools.arm-none.linux64_1.13.1.201707031232/tools/compiler/bin/../lib/gcc/arm-none-eabi/5.4.1/../../../../arm-none-eabi/lib/armv7e-m/fpu/fpv5-sp-d16/libc_nano.a(lib_a-exit.o)
                              /home/chibbol/Ac6/SystemWorkbench/plugins/fr.ac6.mcu.externaltools.arm-none.linux64_1.13.1.201707031232/tools/compiler/bin/../lib/gcc/arm-none-eabi/5.4.1/../../../../arm-none-eabi/lib/armv7e-m/fpu/fpv5-sp-d16/crt0.o (exit)
/home/chibbol/Ac6/SystemWorkbench/plugins/fr.ac6.mcu.externaltools.arm-none.linux64_1.13.1.201707031232/tools/compiler/bin/../lib/gcc/arm-none-eabi/5.4.1/../../../../arm-none-eabi/lib/armv7e-m/fpu/fpv5-sp-d16/libc_nano.a(lib_a-impure.o)
                              /home/chibbol/Ac6/SystemWorkbench/plugins/fr.ac6.mcu.externaltools.arm-none.linux64_1.13.1.201707031232/tools/compiler/bin/../lib/gcc/arm-none-eabi/5.4.1/../../../../arm-none-eabi/lib/armv7e-m/fpu/fpv5-sp-d16/libc_nano.a(lib_a-exit.o) (_global_impure_ptr)
/home/chibbol/Ac6/SystemWorkbench/plugins/fr.ac6.mcu.externaltools.arm-none.linux64_1.13.1.201707031232/tools/compiler/bin/../lib/gcc/arm-none-eabi/5.4.1/../../../../arm-none-eabi/lib/armv7e-m/fpu/fpv5-sp-d16/libc_nano.a(lib_a-init.o)
                              /home/chibbol/Ac6/SystemWorkbench/plugins/fr.ac6.mcu.externaltools.arm-none.linux64_1.13.1.201707031232/tools/compiler/bin/../lib/gcc/arm-none-eabi/5.4.1/../../../../arm-none-eabi/lib/armv7e-m/fpu/fpv5-sp-d16/crt0.o (__libc_init_array)
/home/chibbol/Ac6/SystemWorkbench/plugins/fr.ac6.mcu.externaltools.arm-none.linux64_1.13.1.201707031232/tools/compiler/bin/../lib/gcc/arm-none-eabi/5.4.1/../../../../arm-none-eabi/lib/armv7e-m/fpu/fpv5-sp-d16/libc_nano.a(lib_a-malloc.o)
                              Middlewares/STM32_USBD_Library/Class/HID/usbd_hid.o (malloc)
/home/chibbol/Ac6/SystemWorkbench/plugins/fr.ac6.mcu.externaltools.arm-none.linux64_1.13.1.201707031232/tools/compiler/bin/../lib/gcc/arm-none-eabi/5.4.1/../../../../arm-none-eabi/lib/armv7e-m/fpu/fpv5-sp-d16/libc_nano.a(lib_a-memset.o)
                              /home/chibbol/Ac6/SystemWorkbench/plugins/fr.ac6.mcu.externaltools.arm-none.linux64_1.13.1.201707031232/tools/compiler/bin/../lib/gcc/arm-none-eabi/5.4.1/../../../../arm-none-eabi/lib/armv7e-m/fpu/fpv5-sp-d16/crt0.o (memset)
/home/chibbol/Ac6/SystemWorkbench/plugins/fr.ac6.mcu.externaltools.arm-none.linux64_1.13.1.201707031232/tools/compiler/bin/../lib/gcc/arm-none-eabi/5.4.1/../../../../arm-none-eabi/lib/armv7e-m/fpu/fpv5-sp-d16/libc_nano.a(lib_a-nano-freer.o)
                              /home/chibbol/Ac6/SystemWorkbench/plugins/fr.ac6.mcu.externaltools.arm-none.linux64_1.13.1.201707031232/tools/compiler/bin/../lib/gcc/arm-none-eabi/5.4.1/../../../../arm-none-eabi/lib/armv7e-m/fpu/fpv5-sp-d16/libc_nano.a(lib_a-malloc.o) (_free_r)
/home/chibbol/Ac6/SystemWorkbench/plugins/fr.ac6.mcu.externaltools.arm-none.linux64_1.13.1.201707031232/tools/compiler/bin/../lib/gcc/arm-none-eabi/5.4.1/../../../../arm-none-eabi/lib/armv7e-m/fpu/fpv5-sp-d16/libc_nano.a(lib_a-nano-mallocr.o)
                              /home/chibbol/Ac6/SystemWorkbench/plugins/fr.ac6.mcu.externaltools.arm-none.linux64_1.13.1.201707031232/tools/compiler/bin/../lib/gcc/arm-none-eabi/5.4.1/../../../../arm-none-eabi/lib/armv7e-m/fpu/fpv5-sp-d16/libc_nano.a(lib_a-malloc.o) (_malloc_r)
/home/chibbol/Ac6/SystemWorkbench/plugins/fr.ac6.mcu.externaltools.arm-none.linux64_1.13.1.201707031232/tools/compiler/bin/../lib/gcc/arm-none-eabi/5.4.1/../../../../arm-none-eabi/lib/armv7e-m/fpu/fpv5-sp-d16/libc_nano.a(lib_a-sbrkr.o)
                              /home/chibbol/Ac6/SystemWorkbench/plugins/fr.ac6.mcu.externaltools.arm-none.linux64_1.13.1.201707031232/tools/compiler/bin/../lib/gcc/arm-none-eabi/5.4.1/../../../../arm-none-eabi/lib/armv7e-m/fpu/fpv5-sp-d16/libc_nano.a(lib_a-nano-mallocr.o) (_sbrk_r)
/home/chibbol/Ac6/SystemWorkbench/plugins/fr.ac6.mcu.externaltools.arm-none.linux64_1.13.1.201707031232/tools/compiler/bin/../lib/gcc/arm-none-eabi/5.4.1/../../../../arm-none-eabi/lib/armv7e-m/fpu/fpv5-sp-d16/libc_nano.a(lib_a-mlock.o)
                              /home/chibbol/Ac6/SystemWorkbench/plugins/fr.ac6.mcu.externaltools.arm-none.linux64_1.13.1.201707031232/tools/compiler/bin/../lib/gcc/arm-none-eabi/5.4.1/../../../../arm-none-eabi/lib/armv7e-m/fpu/fpv5-sp-d16/libc_nano.a(lib_a-nano-freer.o) (__malloc_lock)
/home/chibbol/Ac6/SystemWorkbench/plugins/fr.ac6.mcu.externaltools.arm-none.linux64_1.13.1.201707031232/tools/compiler/bin/../lib/gcc/arm-none-eabi/5.4.1/../../../../arm-none-eabi/lib/armv7e-m/fpu/fpv5-sp-d16/libc_nano.a(lib_a-reent.o)
                              /home/chibbol/Ac6/SystemWorkbench/plugins/fr.ac6.mcu.externaltools.arm-none.linux64_1.13.1.201707031232/tools/compiler/bin/../lib/gcc/arm-none-eabi/5.4.1/../../../../arm-none-eabi/lib/armv7e-m/fpu/fpv5-sp-d16/libc_nano.a(lib_a-sbrkr.o) (errno)
[...]
Memory Configuration

Name             Origin             Length             Attributes
FLASH            0x08000000         0x00100000         xr
RAM              0x20000000         0x00050000         xrw
*default*        0x00000000         0xffffffff

Linker script and memory map

LOAD /home/chibbol/Ac6/SystemWorkbench/plugins/fr.ac6.mcu.externaltools.arm-none.linux64_1.13.1.201707031232/tools/compiler/bin/../lib/gcc/arm-none-eabi/5.4.1/armv7e-m/fpu/fpv5-sp-d16/crti.o
LOAD /home/chibbol/Ac6/SystemWorkbench/plugins/fr.ac6.mcu.externaltools.arm-none.linux64_1.13.1.201707031232/tools/compiler/bin/../lib/gcc/arm-none-eabi/5.4.1/armv7e-m/fpu/fpv5-sp-d16/crtbegin.o
LOAD /home/chibbol/Ac6/SystemWorkbench/plugins/fr.ac6.mcu.externaltools.arm-none.linux64_1.13.1.201707031232/tools/compiler/bin/../lib/gcc/arm-none-eabi/5.4.1/../../../../arm-none-eabi/lib/armv7e-m/fpu/fpv5-sp-d16/crt0.o
LOAD Drivers/BSP/Components/ft5336/ft5336.o
LOAD Drivers/BSP/STM32746G_DISCOVERY/stm32746g_discovery.o
LOAD Drivers/BSP/STM32746G_DISCOVERY/stm32746g_discovery_lcd.o
LOAD Drivers/BSP/STM32746G_DISCOVERY/stm32746g_discovery_sdram.o
LOAD Drivers/BSP/STM32746G_DISCOVERY/stm32746g_discovery_ts.o
LOAD Drivers/CMSIS/system_stm32f7xx.o
LOAD Drivers/STM32F7xx_HAL_Driver/stm32f7xx_hal.o
LOAD Drivers/STM32F7xx_HAL_Driver/stm32f7xx_hal_cortex.o
LOAD Drivers/STM32F7xx_HAL_Driver/stm32f7xx_hal_dma.o
LOAD Drivers/STM32F7xx_HAL_Driver/stm32f7xx_hal_dma2d.o
LOAD Drivers/STM32F7xx_HAL_Driver/stm32f7xx_hal_flash.o
LOAD Drivers/STM32F7xx_HAL_Driver/stm32f7xx_hal_flash_ex.o
LOAD Drivers/STM32F7xx_HAL_Driver/stm32f7xx_hal_gpio.o
LOAD Drivers/STM32F7xx_HAL_Driver/stm32f7xx_hal_i2c.o
LOAD Drivers/STM32F7xx_HAL_Driver/stm32f7xx_hal_i2c_ex.o
LOAD Drivers/STM32F7xx_HAL_Driver/stm32f7xx_hal_ltdc.o
LOAD Drivers/STM32F7xx_HAL_Driver/stm32f7xx_hal_pcd.o
LOAD Drivers/STM32F7xx_HAL_Driver/stm32f7xx_hal_pcd_ex.o
LOAD Drivers/STM32F7xx_HAL_Driver/stm32f7xx_hal_pwr.o
LOAD Drivers/STM32F7xx_HAL_Driver/stm32f7xx_hal_pwr_ex.o
LOAD Drivers/STM32F7xx_HAL_Driver/stm32f7xx_hal_rcc.o
LOAD Drivers/STM32F7xx_HAL_Driver/stm32f7xx_hal_rcc_ex.o
LOAD Drivers/STM32F7xx_HAL_Driver/stm32f7xx_hal_sdram.o
LOAD Drivers/STM32F7xx_HAL_Driver/stm32f7xx_hal_uart.o
LOAD Drivers/STM32F7xx_HAL_Driver/stm32f7xx_ll_fmc.o
LOAD Drivers/STM32F7xx_HAL_Driver/stm32f7xx_ll_usb.o
LOAD Middlewares/STM32_USBD_Library/Class/HID/usbd_hid.o
LOAD Middlewares/STM32_USBD_Library/Core/usbd_core.o
LOAD Middlewares/STM32_USBD_Library/Core/usbd_ctlreq.o
LOAD Middlewares/STM32_USBD_Library/Core/usbd_ioreq.o
LOAD Mouse/SW4STM32/startup_stm32f746xx.o
LOAD Mouse/User/main.o
LOAD Mouse/User/stm32f7xx_it.o
LOAD Mouse/User/usbd_conf.o
LOAD Mouse/User/usbd_desc.o
LOAD /home/chibbol/Ac6/SystemWorkbench/plugins/fr.ac6.mcu.externaltools.arm-none.linux64_1.13.1.201707031232/tools/compiler/bin/../lib/gcc/arm-none-eabi/5.4.1/../../../../arm-none-eabi/lib/armv7e-m/fpu/fpv5-sp-d16/libm.a
START GROUP
LOAD /home/chibbol/Ac6/SystemWorkbench/plugins/fr.ac6.mcu.externaltools.arm-none.linux64_1.13.1.201707031232/tools/compiler/bin/../lib/gcc/arm-none-eabi/5.4.1/armv7e-m/fpu/fpv5-sp-d16/libgcc.a
LOAD /home/chibbol/Ac6/SystemWorkbench/plugins/fr.ac6.mcu.externaltools.arm-none.linux64_1.13.1.201707031232/tools/compiler/bin/../lib/gcc/arm-none-eabi/5.4.1/../../../../arm-none-eabi/lib/armv7e-m/fpu/fpv5-sp-d16/libc_nano.a
END GROUP
START GROUP
LOAD /home/chibbol/Ac6/SystemWorkbench/plugins/fr.ac6.mcu.externaltools.arm-none.linux64_1.13.1.201707031232/tools/compiler/bin/../lib/gcc/arm-none-eabi/5.4.1/armv7e-m/fpu/fpv5-sp-d16/libgcc.a
LOAD /home/chibbol/Ac6/SystemWorkbench/plugins/fr.ac6.mcu.externaltools.arm-none.linux64_1.13.1.201707031232/tools/compiler/bin/../lib/gcc/arm-none-eabi/5.4.1/../../../../arm-none-eabi/lib/armv7e-m/fpu/fpv5-sp-d16/libc_nano.a
LOAD /home/chibbol/Ac6/SystemWorkbench/plugins/fr.ac6.mcu.externaltools.arm-none.linux64_1.13.1.201707031232/tools/compiler/bin/../lib/gcc/arm-none-eabi/5.4.1/../../../../arm-none-eabi/lib/armv7e-m/fpu/fpv5-sp-d16/libnosys.a
END GROUP
START GROUP
LOAD /home/chibbol/Ac6/SystemWorkbench/plugins/fr.ac6.mcu.externaltools.arm-none.linux64_1.13.1.201707031232/tools/compiler/bin/../lib/gcc/arm-none-eabi/5.4.1/armv7e-m/fpu/fpv5-sp-d16/libgcc.a
LOAD /home/chibbol/Ac6/SystemWorkbench/plugins/fr.ac6.mcu.externaltools.arm-none.linux64_1.13.1.201707031232/tools/compiler/bin/../lib/gcc/arm-none-eabi/5.4.1/../../../../arm-none-eabi/lib/armv7e-m/fpu/fpv5-sp-d16/libc_nano.a
LOAD /home/chibbol/Ac6/SystemWorkbench/plugins/fr.ac6.mcu.externaltools.arm-none.linux64_1.13.1.201707031232/tools/compiler/bin/../lib/gcc/arm-none-eabi/5.4.1/../../../../arm-none-eabi/lib/armv7e-m/fpu/fpv5-sp-d16/libnosys.a
END GROUP
LOAD /home/chibbol/Ac6/SystemWorkbench/plugins/fr.ac6.mcu.externaltools.arm-none.linux64_1.13.1.201707031232/tools/compiler/bin/../lib/gcc/arm-none-eabi/5.4.1/armv7e-m/fpu/fpv5-sp-d16/crtend.o
LOAD /home/chibbol/Ac6/SystemWorkbench/plugins/fr.ac6.mcu.externaltools.arm-none.linux64_1.13.1.201707031232/tools/compiler/bin/../lib/gcc/arm-none-eabi/5.4.1/armv7e-m/fpu/fpv5-sp-d16/crtn.o
                0x20050000                _estack = 0x20050000
                0x00000200                _Min_Heap_Size = 0x200
                0x00000400                _Min_Stack_Size = 0x400

.isr_vector     0x08000000      0x1c8
                0x08000000                . = ALIGN (0x4)
 *(.isr_vector)
 .isr_vector    0x08000000      0x1c8 Mouse/SW4STM32/startup_stm32f746xx.o
                0x08000000                g_pfnVectors
                0x080001c8                . = ALIGN (0x4)

.text           0x080001c8     0x9ccc
                0x080001c8                . = ALIGN (0x4)
 *(.text)
 .text          0x080001c8       0x5c /home/chibbol/Ac6/SystemWorkbench/plugins/fr.ac6.mcu.externaltools.arm-none.linux64_1.13.1.201707031232/tools/compiler/bin/../lib/gcc/arm-none-eabi/5.4.1/armv7e-m/fpu/fpv5-sp-d16/crtbegin.o
 *(.text*)
 .text.ft5336_Init
                0x08000224       0x1c Drivers/BSP/Components/ft5336/ft5336.o
                0x08000224                ft5336_Init
 .text.ft5336_Reset
                0x08000240       0x18 Drivers/BSP/Components/ft5336/ft5336.o
                0x08000240                ft5336_Reset
 .text.ft5336_ReadID
                0x08000258       0x5c Drivers/BSP/Components/ft5336/ft5336.o
                0x08000258                ft5336_ReadID
 .text.ft5336_TS_Start
                0x080002b4       0x24 Drivers/BSP/Components/ft5336/ft5336.o
                0x080002b4                ft5336_TS_Start
 .text.ft5336_TS_DetectTouch
                0x080002d8       0x54 Drivers/BSP/Components/ft5336/ft5336.o
                0x080002d8                ft5336_TS_DetectTouch
 .text.ft5336_TS_GetXY
                0x0800032c      0x1e0 Drivers/BSP/Components/ft5336/ft5336.o
                0x0800032c                ft5336_TS_GetXY
 .text.ft5336_TS_EnableIT
                0x0800050c       0x28 Drivers/BSP/Components/ft5336/ft5336.o
                0x0800050c                ft5336_TS_EnableIT
 .text.ft5336_TS_DisableIT
                0x08000534       0x28 Drivers/BSP/Components/ft5336/ft5336.o
                0x08000534                ft5336_TS_DisableIT
 .text.ft5336_TS_ITStatus
                0x0800055c       0x18 Drivers/BSP/Components/ft5336/ft5336.o
                0x0800055c                ft5336_TS_ITStatus
 .text.ft5336_TS_ClearIT
                0x08000574       0x18 Drivers/BSP/Components/ft5336/ft5336.o
                0x08000574                ft5336_TS_ClearIT
 .text.ft5336_TS_GetGestureID
                0x0800058c       0x34 Drivers/BSP/Components/ft5336/ft5336.o
                0x0800058c                ft5336_TS_GetGestureID
 .text.ft5336_TS_GetTouchInfo
                0x080005c0      0x160 Drivers/BSP/Components/ft5336/ft5336.o
                0x080005c0                ft5336_TS_GetTouchInfo
 .text.ft5336_Get_I2C_InitializedStatus
                0x08000720       0x18 Drivers/BSP/Components/ft5336/ft5336.o
 .text.ft5336_I2C_InitializeIfRequired
                0x08000738       0x20 Drivers/BSP/Components/ft5336/ft5336.o
 .text.ft5336_TS_Configure
                0x08000758       0x1c Drivers/BSP/Components/ft5336/ft5336.o
 .text.BSP_LED_Init
                0x08000774       0x68 Drivers/BSP/STM32746G_DISCOVERY/stm32746g_discovery.o
                0x08000774                BSP_LED_Init
 .text.BSP_LED_On
                0x080007dc       0x30 Drivers/BSP/STM32746G_DISCOVERY/stm32746g_discovery.o
                0x080007dc                BSP_LED_On
 .text.BSP_LED_Off
                0x0800080c       0x30 Drivers/BSP/STM32746G_DISCOVERY/stm32746g_discovery.o
                0x0800080c                BSP_LED_Off
 .text.I2Cx_MspInit
                0x0800083c      0x160 Drivers/BSP/STM32746G_DISCOVERY/stm32746g_discovery.o
 .text.I2Cx_Init
                0x0800099c       0x78 Drivers/BSP/STM32746G_DISCOVERY/stm32746g_discovery.o
 .text.I2Cx_ReadMultiple
                0x08000a14       0x5c Drivers/BSP/STM32746G_DISCOVERY/stm32746g_discovery.o
 .text.I2Cx_WriteMultiple
                0x08000a70       0x5c Drivers/BSP/STM32746G_DISCOVERY/stm32746g_discovery.o
 .text.I2Cx_Error
                0x08000acc       0x20 Drivers/BSP/STM32746G_DISCOVERY/stm32746g_discovery.o
 .text.TS_IO_Init
                0x08000aec       0x14 Drivers/BSP/STM32746G_DISCOVERY/stm32746g_discovery.o
                0x08000aec                TS_IO_Init
 .text.TS_IO_Write
                0x08000b00       0x34 Drivers/BSP/STM32746G_DISCOVERY/stm32746g_discovery.o
                0x08000b00                TS_IO_Write
 .text.TS_IO_Read
                0x08000b34       0x3c Drivers/BSP/STM32746G_DISCOVERY/stm32746g_discovery.o
                0x08000b34                TS_IO_Read
 .text.TS_IO_Delay
                0x08000b70       0x18 Drivers/BSP/STM32746G_DISCOVERY/stm32746g_discovery.o
                0x08000b70                TS_IO_Delay
 .text.BSP_LCD_Init
                0x08000b88       0xe0 Drivers/BSP/STM32746G_DISCOVERY/stm32746g_discovery_lcd.o
                0x08000b88                BSP_LCD_Init
 .text.BSP_LCD_GetXSize
                0x08000c68       0x28 Drivers/BSP/STM32746G_DISCOVERY/stm32746g_discovery_lcd.o
                0x08000c68                BSP_LCD_GetXSize
 .text.BSP_LCD_GetYSize
                0x08000c90       0x28 Drivers/BSP/STM32746G_DISCOVERY/stm32746g_discovery_lcd.o
                0x08000c90                BSP_LCD_GetYSize
 .text.BSP_LCD_LayerDefaultInit
                0x08000cb8       0xc0 Drivers/BSP/STM32746G_DISCOVERY/stm32746g_discovery_lcd.o
                0x08000cb8                BSP_LCD_LayerDefaultInit
 .text.BSP_LCD_SelectLayer
                0x08000d78       0x20 Drivers/BSP/STM32746G_DISCOVERY/stm32746g_discovery_lcd.o
                0x08000d78                BSP_LCD_SelectLayer
 .text.BSP_LCD_SetLayerVisible
                0x08000d98       0x80 Drivers/BSP/STM32746G_DISCOVERY/stm32746g_discovery_lcd.o
                0x08000d98                BSP_LCD_SetLayerVisible
 .text.BSP_LCD_SetTextColor
                0x08000e18       0x30 Drivers/BSP/STM32746G_DISCOVERY/stm32746g_discovery_lcd.o
                0x08000e18                BSP_LCD_SetTextColor
 .text.BSP_LCD_SetBackColor
                0x08000e48       0x34 Drivers/BSP/STM32746G_DISCOVERY/stm32746g_discovery_lcd.o
                0x08000e48                BSP_LCD_SetBackColor
 .text.BSP_LCD_SetFont
                0x08000e7c       0x34 Drivers/BSP/STM32746G_DISCOVERY/stm32746g_discovery_lcd.o
                0x08000e7c                BSP_LCD_SetFont
 .text.BSP_LCD_Clear
                0x08000eb0       0x50 Drivers/BSP/STM32746G_DISCOVERY/stm32746g_discovery_lcd.o
                0x08000eb0                BSP_LCD_Clear
 .text.BSP_LCD_DrawCircle
                0x08000f00      0x1e0 Drivers/BSP/STM32746G_DISCOVERY/stm32746g_discovery_lcd.o
                0x08000f00                BSP_LCD_DrawCircle
 .text.BSP_LCD_DrawPixel
                0x080010e0       0x90 Drivers/BSP/STM32746G_DISCOVERY/stm32746g_discovery_lcd.o
                0x080010e0                BSP_LCD_DrawPixel
 .text.BSP_LCD_DisplayOn
                0x08001170       0x3c Drivers/BSP/STM32746G_DISCOVERY/stm32746g_discovery_lcd.o
                0x08001170                BSP_LCD_DisplayOn
 .text.BSP_LCD_MspInit
                0x080011ac      0x1b4 Drivers/BSP/STM32746G_DISCOVERY/stm32746g_discovery_lcd.o
                0x080011ac                BSP_LCD_MspInit
 .text.BSP_LCD_ClockConfig
                0x08001360       0x38 Drivers/BSP/STM32746G_DISCOVERY/stm32746g_discovery_lcd.o
                0x08001360                BSP_LCD_ClockConfig
 .text.LL_FillBuffer
                0x08001398       0x98 Drivers/BSP/STM32746G_DISCOVERY/stm32746g_discovery_lcd.o
 .text.BSP_SDRAM_Init
                0x08001430       0xbc Drivers/BSP/STM32746G_DISCOVERY/stm32746g_discovery_sdram.o
                0x08001430                BSP_SDRAM_Init
 .text.BSP_SDRAM_Initialization_sequence
                0x080014ec       0xc0 Drivers/BSP/STM32746G_DISCOVERY/stm32746g_discovery_sdram.o
                0x080014ec                BSP_SDRAM_Initialization_sequence
 .text.BSP_SDRAM_MspInit
                0x080015ac      0x1f0 Drivers/BSP/STM32746G_DISCOVERY/stm32746g_discovery_sdram.o
                0x080015ac                BSP_SDRAM_MspInit
 .text.BSP_TS_Init
                0x0800179c       0x80 Drivers/BSP/STM32746G_DISCOVERY/stm32746g_discovery_ts.o
                0x0800179c                BSP_TS_Init
 .text.BSP_TS_GetState
                0x0800181c      0x3ac Drivers/BSP/STM32746G_DISCOVERY/stm32746g_discovery_ts.o
                0x0800181c                BSP_TS_GetState
 .text.BSP_TS_Get_GestureId
                0x08001bc8       0x94 Drivers/BSP/STM32746G_DISCOVERY/stm32746g_discovery_ts.o
                0x08001bc8                BSP_TS_Get_GestureId
 .text.SystemInit
                0x08001c5c       0x6c Drivers/CMSIS/system_stm32f7xx.o
                0x08001c5c                SystemInit
 .text.HAL_Init
                0x08001cc8       0x2c Drivers/STM32F7xx_HAL_Driver/stm32f7xx_hal.o
                0x08001cc8                HAL_Init
 .text.HAL_MspInit
                0x08001cf4       0x10 Drivers/STM32F7xx_HAL_Driver/stm32f7xx_hal.o
                0x08001cf4                HAL_MspInit
 .text.HAL_InitTick
                0x08001d04       0x38 Drivers/STM32F7xx_HAL_Driver/stm32f7xx_hal.o
                0x08001d04                HAL_InitTick
 .text.HAL_IncTick
                0x08001d3c       0x1c Drivers/STM32F7xx_HAL_Driver/stm32f7xx_hal.o
                0x08001d3c                HAL_IncTick
 .text.HAL_GetTick
                0x08001d58       0x18 Drivers/STM32F7xx_HAL_Driver/stm32f7xx_hal.o
                0x08001d58                HAL_GetTick
 .text.NVIC_SetPriorityGrouping
                0x08001d70       0x48 Drivers/STM32F7xx_HAL_Driver/stm32f7xx_hal_cortex.o
 .text.NVIC_GetPriorityGrouping
                0x08001db8       0x1c Drivers/STM32F7xx_HAL_Driver/stm32f7xx_hal_cortex.o
 .text.NVIC_EnableIRQ
                0x08001dd4       0x34 Drivers/STM32F7xx_HAL_Driver/stm32f7xx_hal_cortex.o
 .text.NVIC_SetPriority
                0x08001e08       0x54 Drivers/STM32F7xx_HAL_Driver/stm32f7xx_hal_cortex.o
 .text.NVIC_EncodePriority
                0x08001e5c       0x64 Drivers/STM32F7xx_HAL_Driver/stm32f7xx_hal_cortex.o
 .text.SysTick_Config
                0x08001ec0       0x44 Drivers/STM32F7xx_HAL_Driver/stm32f7xx_hal_cortex.o
 .text.HAL_NVIC_SetPriorityGrouping
                0x08001f04       0x18 Drivers/STM32F7xx_HAL_Driver/stm32f7xx_hal_cortex.o
                0x08001f04                HAL_NVIC_SetPriorityGrouping
 .text.HAL_NVIC_SetPriority
                0x08001f1c       0x38 Drivers/STM32F7xx_HAL_Driver/stm32f7xx_hal_cortex.o
                0x08001f1c                HAL_NVIC_SetPriority
 .text.HAL_NVIC_EnableIRQ
                0x08001f54       0x1c Drivers/STM32F7xx_HAL_Driver/stm32f7xx_hal_cortex.o
                0x08001f54                HAL_NVIC_EnableIRQ
 .text.HAL_SYSTICK_Config
                0x08001f70       0x18 Drivers/STM32F7xx_HAL_Driver/stm32f7xx_hal_cortex.o
                0x08001f70                HAL_SYSTICK_Config
 .text.HAL_DMA_Init
                0x08001f88      0x15c Drivers/STM32F7xx_HAL_Driver/stm32f7xx_hal_dma.o
                0x08001f88                HAL_DMA_Init
 .text.HAL_DMA_DeInit
                0x080020e4       0x98 Drivers/STM32F7xx_HAL_Driver/stm32f7xx_hal_dma.o
                0x080020e4                HAL_DMA_DeInit
 .text.DMA_CalcBaseAndBitshift
                0x0800217c       0x6c Drivers/STM32F7xx_HAL_Driver/stm32f7xx_hal_dma.o
 .text.DMA_CheckFifoParam
                0x080021e8       0xf4 Drivers/STM32F7xx_HAL_Driver/stm32f7xx_hal_dma.o
 .text.HAL_DMA2D_Init
                0x080022dc       0x94 Drivers/STM32F7xx_HAL_Driver/stm32f7xx_hal_dma2d.o
                0x080022dc                HAL_DMA2D_Init
 .text.HAL_DMA2D_MspInit
                0x08002370       0x14 Drivers/STM32F7xx_HAL_Driver/stm32f7xx_hal_dma2d.o
                0x08002370                HAL_DMA2D_MspInit
 .text.HAL_DMA2D_Start
                0x08002384       0x58 Drivers/STM32F7xx_HAL_Driver/stm32f7xx_hal_dma2d.o
                0x08002384                HAL_DMA2D_Start
 .text.HAL_DMA2D_PollForTransfer
                0x080023dc      0x1d0 Drivers/STM32F7xx_HAL_Driver/stm32f7xx_hal_dma2d.o
                0x080023dc                HAL_DMA2D_PollForTransfer
 .text.HAL_DMA2D_ConfigLayer
                0x080025ac      0x150 Drivers/STM32F7xx_HAL_Driver/stm32f7xx_hal_dma2d.o
                0x080025ac                HAL_DMA2D_ConfigLayer
 .text.DMA2D_SetConfig
                0x080026fc      0x168 Drivers/STM32F7xx_HAL_Driver/stm32f7xx_hal_dma2d.o
 .text.HAL_GPIO_Init
                0x08002864      0x354 Drivers/STM32F7xx_HAL_Driver/stm32f7xx_hal_gpio.o
                0x08002864                HAL_GPIO_Init
 .text.HAL_GPIO_WritePin
                0x08002bb8       0x34 Drivers/STM32F7xx_HAL_Driver/stm32f7xx_hal_gpio.o
                0x08002bb8                HAL_GPIO_WritePin
 .text.HAL_GPIO_EXTI_IRQHandler
                0x08002bec       0x30 Drivers/STM32F7xx_HAL_Driver/stm32f7xx_hal_gpio.o
                0x08002bec                HAL_GPIO_EXTI_IRQHandler
 .text.HAL_GPIO_EXTI_Callback
                0x08002c1c       0x18 Drivers/STM32F7xx_HAL_Driver/stm32f7xx_hal_gpio.o
                0x08002c1c                HAL_GPIO_EXTI_Callback
 .text.HAL_I2C_Init
                0x08002c34      0x11c Drivers/STM32F7xx_HAL_Driver/stm32f7xx_hal_i2c.o
                0x08002c34                HAL_I2C_Init
 .text.HAL_I2C_DeInit
                0x08002d50       0x60 Drivers/STM32F7xx_HAL_Driver/stm32f7xx_hal_i2c.o
                0x08002d50                HAL_I2C_DeInit
 .text.HAL_I2C_MspInit
                0x08002db0       0x14 Drivers/STM32F7xx_HAL_Driver/stm32f7xx_hal_i2c.o
                0x08002db0                HAL_I2C_MspInit
 .text.HAL_I2C_MspDeInit
                0x08002dc4       0x14 Drivers/STM32F7xx_HAL_Driver/stm32f7xx_hal_i2c.o
                0x08002dc4                HAL_I2C_MspDeInit
 .text.HAL_I2C_Mem_Write
                0x08002dd8      0x24c Drivers/STM32F7xx_HAL_Driver/stm32f7xx_hal_i2c.o
                0x08002dd8                HAL_I2C_Mem_Write
 .text.HAL_I2C_Mem_Read
                0x08003024      0x24c Drivers/STM32F7xx_HAL_Driver/stm32f7xx_hal_i2c.o
                0x08003024                HAL_I2C_Mem_Read
 .text.HAL_I2C_GetState
                0x08003270       0x1c Drivers/STM32F7xx_HAL_Driver/stm32f7xx_hal_i2c.o
                0x08003270                HAL_I2C_GetState
 .text.I2C_RequestMemoryWrite
                0x0800328c       0xc0 Drivers/STM32F7xx_HAL_Driver/stm32f7xx_hal_i2c.o
 .text.I2C_RequestMemoryRead
                0x0800334c       0xbc Drivers/STM32F7xx_HAL_Driver/stm32f7xx_hal_i2c.o
 .text.I2C_Flush_TXDR
                0x08003408       0x48 Drivers/STM32F7xx_HAL_Driver/stm32f7xx_hal_i2c.o
 .text.I2C_WaitOnFlagUntilTimeout
                0x08003450       0x74 Drivers/STM32F7xx_HAL_Driver/stm32f7xx_hal_i2c.o
 .text.I2C_WaitOnTXISFlagUntilTimeout
                0x080034c4       0x80 Drivers/STM32F7xx_HAL_Driver/stm32f7xx_hal_i2c.o
 .text.I2C_WaitOnSTOPFlagUntilTimeout
                0x08003544       0x78 Drivers/STM32F7xx_HAL_Driver/stm32f7xx_hal_i2c.o
 .text.I2C_IsAcknowledgeFailed
                0x080035bc       0xbc Drivers/STM32F7xx_HAL_Driver/stm32f7xx_hal_i2c.o
 .text.I2C_TransferConfig
                0x08003678       0x5c Drivers/STM32F7xx_HAL_Driver/stm32f7xx_hal_i2c.o
 .text.HAL_LTDC_Init
                0x080036d4      0x1b8 Drivers/STM32F7xx_HAL_Driver/stm32f7xx_hal_ltdc.o
                0x080036d4                HAL_LTDC_Init
 .text.HAL_LTDC_MspInit
                0x0800388c       0x14 Drivers/STM32F7xx_HAL_Driver/stm32f7xx_hal_ltdc.o
                0x0800388c                HAL_LTDC_MspInit
 .text.HAL_LTDC_ConfigLayer
                0x080038a0       0x7c Drivers/STM32F7xx_HAL_Driver/stm32f7xx_hal_ltdc.o
                0x080038a0                HAL_LTDC_ConfigLayer
 .text.HAL_LTDC_GetState
                0x0800391c       0x1c Drivers/STM32F7xx_HAL_Driver/stm32f7xx_hal_ltdc.o
                0x0800391c                HAL_LTDC_GetState
 .text.LTDC_SetConfig
                0x08003938      0x354 Drivers/STM32F7xx_HAL_Driver/stm32f7xx_hal_ltdc.o
 .text.HAL_PCD_Init
                0x08003c8c      0x21c Drivers/STM32F7xx_HAL_Driver/stm32f7xx_hal_pcd.o
                0x08003c8c                HAL_PCD_Init
 .text.HAL_PCD_Start
                0x08003ea8       0x44 Drivers/STM32F7xx_HAL_Driver/stm32f7xx_hal_pcd.o
                0x08003ea8                HAL_PCD_Start
 .text.HAL_PCD_IRQHandler
                0x08003eec      0x954 Drivers/STM32F7xx_HAL_Driver/stm32f7xx_hal_pcd.o
                0x08003eec                HAL_PCD_IRQHandler
 .text.HAL_PCD_SetAddress
                0x08004840       0x44 Drivers/STM32F7xx_HAL_Driver/stm32f7xx_hal_pcd.o
                0x08004840                HAL_PCD_SetAddress
 .text.HAL_PCD_EP_Open
                0x08004884       0xd0 Drivers/STM32F7xx_HAL_Driver/stm32f7xx_hal_pcd.o
                0x08004884                HAL_PCD_EP_Open
 .text.HAL_PCD_EP_Close
                0x08004954       0x94 Drivers/STM32F7xx_HAL_Driver/stm32f7xx_hal_pcd.o
                0x08004954                HAL_PCD_EP_Close
 .text.HAL_PCD_EP_Receive
                0x080049e8       0x94 Drivers/STM32F7xx_HAL_Driver/stm32f7xx_hal_pcd.o
                0x080049e8                HAL_PCD_EP_Receive
 .text.HAL_PCD_EP_Transmit
                0x08004a7c       0x94 Drivers/STM32F7xx_HAL_Driver/stm32f7xx_hal_pcd.o
                0x08004a7c                HAL_PCD_EP_Transmit
 .text.HAL_PCD_EP_SetStall
                0x08004b10       0xb8 Drivers/STM32F7xx_HAL_Driver/stm32f7xx_hal_pcd.o
                0x08004b10                HAL_PCD_EP_SetStall
 .text.HAL_PCD_EP_ClrStall
                0x08004bc8       0x98 Drivers/STM32F7xx_HAL_Driver/stm32f7xx_hal_pcd.o
                0x08004bc8                HAL_PCD_EP_ClrStall
 .text.PCD_WriteEmptyTxFifo
                0x08004c60      0x110 Drivers/STM32F7xx_HAL_Driver/stm32f7xx_hal_pcd.o
 .text.HAL_PCDEx_SetTxFiFo
                0x08004d70       0x98 Drivers/STM32F7xx_HAL_Driver/stm32f7xx_hal_pcd_ex.o
                0x08004d70                HAL_PCDEx_SetTxFiFo
 .text.HAL_PCDEx_SetRxFiFo
                0x08004e08       0x24 Drivers/STM32F7xx_HAL_Driver/stm32f7xx_hal_pcd_ex.o
                0x08004e08                HAL_PCDEx_SetRxFiFo
 .text.HAL_PCDEx_ActivateLPM
                0x08004e2c       0x48 Drivers/STM32F7xx_HAL_Driver/stm32f7xx_hal_pcd_ex.o
                0x08004e2c                HAL_PCDEx_ActivateLPM
 .text.HAL_PCDEx_LPM_Callback
                0x08004e74       0x18 Drivers/STM32F7xx_HAL_Driver/stm32f7xx_hal_pcd_ex.o
                0x08004e74                HAL_PCDEx_LPM_Callback
 .text.HAL_PWREx_EnableOverDrive
                0x08004e8c       0x9c Drivers/STM32F7xx_HAL_Driver/stm32f7xx_hal_pwr_ex.o
                0x08004e8c                HAL_PWREx_EnableOverDrive
 .text.HAL_RCC_OscConfig
                0x08004f28      0x550 Drivers/STM32F7xx_HAL_Driver/stm32f7xx_hal_rcc.o
                0x08004f28                HAL_RCC_OscConfig
 .text.HAL_RCC_ClockConfig
                0x08005478      0x1fc Drivers/STM32F7xx_HAL_Driver/stm32f7xx_hal_rcc.o
                0x08005478                HAL_RCC_ClockConfig
 .text.HAL_RCC_GetSysClockFreq
                0x08005674       0xfc Drivers/STM32F7xx_HAL_Driver/stm32f7xx_hal_rcc.o
                0x08005674                HAL_RCC_GetSysClockFreq
 .text.HAL_RCC_GetHCLKFreq
                0x08005770       0x18 Drivers/STM32F7xx_HAL_Driver/stm32f7xx_hal_rcc.o
                0x08005770                HAL_RCC_GetHCLKFreq
 .text.HAL_RCCEx_PeriphCLKConfig
                0x08005788      0xe10 Drivers/STM32F7xx_HAL_Driver/stm32f7xx_hal_rcc_ex.o
                0x08005788                HAL_RCCEx_PeriphCLKConfig
 .text.HAL_SDRAM_Init
                0x08006598       0x68 Drivers/STM32F7xx_HAL_Driver/stm32f7xx_hal_sdram.o
                0x08006598                HAL_SDRAM_Init
 .text.HAL_SDRAM_MspInit
                0x08006600       0x14 Drivers/STM32F7xx_HAL_Driver/stm32f7xx_hal_sdram.o
                0x08006600                HAL_SDRAM_MspInit
 .text.HAL_SDRAM_SendCommand
                0x08006614       0x58 Drivers/STM32F7xx_HAL_Driver/stm32f7xx_hal_sdram.o
                0x08006614                HAL_SDRAM_SendCommand
 .text.HAL_SDRAM_ProgramRefreshRate
                0x0800666c       0x40 Drivers/STM32F7xx_HAL_Driver/stm32f7xx_hal_sdram.o
                0x0800666c                HAL_SDRAM_ProgramRefreshRate
 .text.FMC_SDRAM_Init
                0x080066ac       0xe4 Drivers/STM32F7xx_HAL_Driver/stm32f7xx_ll_fmc.o
                0x080066ac                FMC_SDRAM_Init
 .text.FMC_SDRAM_Timing_Init
                0x08006790      0x100 Drivers/STM32F7xx_HAL_Driver/stm32f7xx_ll_fmc.o
                0x08006790                FMC_SDRAM_Timing_Init
 .text.FMC_SDRAM_SendCommand
                0x08006890       0x78 Drivers/STM32F7xx_HAL_Driver/stm32f7xx_ll_fmc.o
                0x08006890                FMC_SDRAM_SendCommand
 .text.FMC_SDRAM_ProgramRefreshRate
                0x08006908       0x28 Drivers/STM32F7xx_HAL_Driver/stm32f7xx_ll_fmc.o
                0x08006908                FMC_SDRAM_ProgramRefreshRate
 .text.USB_CoreInit
                0x08006930       0xa4 Drivers/STM32F7xx_HAL_Driver/stm32f7xx_ll_usb.o
                0x08006930                USB_CoreInit
 .text.USB_EnableGlobalInt
                0x080069d4       0x24 Drivers/STM32F7xx_HAL_Driver/stm32f7xx_ll_usb.o
                0x080069d4                USB_EnableGlobalInt
 .text.USB_DisableGlobalInt
                0x080069f8       0x24 Drivers/STM32F7xx_HAL_Driver/stm32f7xx_ll_usb.o
                0x080069f8                USB_DisableGlobalInt
 .text.USB_SetCurrentMode
                0x08006a1c       0x50 Drivers/STM32F7xx_HAL_Driver/stm32f7xx_ll_usb.o
                0x08006a1c                USB_SetCurrentMode
 .text.USB_DevInit
                0x08006a6c      0x290 Drivers/STM32F7xx_HAL_Driver/stm32f7xx_ll_usb.o
                0x08006a6c                USB_DevInit
 .text.USB_FlushTxFifo
                0x08006cfc       0x4c Drivers/STM32F7xx_HAL_Driver/stm32f7xx_ll_usb.o
                0x08006cfc                USB_FlushTxFifo
 .text.USB_FlushRxFifo
                0x08006d48       0x44 Drivers/STM32F7xx_HAL_Driver/stm32f7xx_ll_usb.o
                0x08006d48                USB_FlushRxFifo
 .text.USB_SetDevSpeed
                0x08006d8c       0x30 Drivers/STM32F7xx_HAL_Driver/stm32f7xx_ll_usb.o
                0x08006d8c                USB_SetDevSpeed
 .text.USB_GetDevSpeed
                0x08006dbc       0x6c Drivers/STM32F7xx_HAL_Driver/stm32f7xx_ll_usb.o
                0x08006dbc                USB_GetDevSpeed
 .text.USB_ActivateEndpoint
                0x08006e28      0x110 Drivers/STM32F7xx_HAL_Driver/stm32f7xx_ll_usb.o
                0x08006e28                USB_ActivateEndpoint
 .text.USB_DeactivateEndpoint
                0x08006f38       0xf8 Drivers/STM32F7xx_HAL_Driver/stm32f7xx_ll_usb.o
                0x08006f38                USB_DeactivateEndpoint
 .text.USB_EPStartXfer
                0x08007030      0x488 Drivers/STM32F7xx_HAL_Driver/stm32f7xx_ll_usb.o
                0x08007030                USB_EPStartXfer
 .text.USB_EP0StartXfer
                0x080074b8      0x2bc Drivers/STM32F7xx_HAL_Driver/stm32f7xx_ll_usb.o
                0x080074b8                USB_EP0StartXfer
 .text.USB_WritePacket
                0x08007774       0x70 Drivers/STM32F7xx_HAL_Driver/stm32f7xx_ll_usb.o
                0x08007774                USB_WritePacket
 .text.USB_ReadPacket
                0x080077e4       0x54 Drivers/STM32F7xx_HAL_Driver/stm32f7xx_ll_usb.o
                0x080077e4                USB_ReadPacket
 .text.USB_EPSetStall
                0x08007838       0xe4 Drivers/STM32F7xx_HAL_Driver/stm32f7xx_ll_usb.o
                0x08007838                USB_EPSetStall
 .text.USB_EPClearStall
                0x0800791c       0xdc Drivers/STM32F7xx_HAL_Driver/stm32f7xx_ll_usb.o
                0x0800791c                USB_EPClearStall
 .text.USB_SetDevAddress
                0x080079f8       0x4c Drivers/STM32F7xx_HAL_Driver/stm32f7xx_ll_usb.o
                0x080079f8                USB_SetDevAddress
 .text.USB_DevConnect
                0x08007a44       0x30 Drivers/STM32F7xx_HAL_Driver/stm32f7xx_ll_usb.o
                0x08007a44                USB_DevConnect
 .text.USB_DevDisconnect
                0x08007a74       0x30 Drivers/STM32F7xx_HAL_Driver/stm32f7xx_ll_usb.o
                0x08007a74                USB_DevDisconnect
 .text.USB_ReadInterrupts
                0x08007aa4       0x2c Drivers/STM32F7xx_HAL_Driver/stm32f7xx_ll_usb.o
                0x08007aa4                USB_ReadInterrupts
 .text.USB_ReadDevAllOutEpInterrupt
                0x08007ad0       0x30 Drivers/STM32F7xx_HAL_Driver/stm32f7xx_ll_usb.o
                0x08007ad0                USB_ReadDevAllOutEpInterrupt
 .text.USB_ReadDevAllInEpInterrupt
                0x08007b00       0x30 Drivers/STM32F7xx_HAL_Driver/stm32f7xx_ll_usb.o
                0x08007b00                USB_ReadDevAllInEpInterrupt
 .text.USB_ReadDevOutEPInterrupt
                0x08007b30       0x38 Drivers/STM32F7xx_HAL_Driver/stm32f7xx_ll_usb.o
                0x08007b30                USB_ReadDevOutEPInterrupt
 .text.USB_ReadDevInEPInterrupt
                0x08007b68       0x54 Drivers/STM32F7xx_HAL_Driver/stm32f7xx_ll_usb.o
                0x08007b68                USB_ReadDevInEPInterrupt
 .text.USB_GetMode
                0x08007bbc       0x1c Drivers/STM32F7xx_HAL_Driver/stm32f7xx_ll_usb.o
                0x08007bbc                USB_GetMode
 .text.USB_ActivateSetup
                0x08007bd8       0x6c Drivers/STM32F7xx_HAL_Driver/stm32f7xx_ll_usb.o
                0x08007bd8                USB_ActivateSetup
 .text.USB_EP0_OutStart
                0x08007c44       0x8c Drivers/STM32F7xx_HAL_Driver/stm32f7xx_ll_usb.o
                0x08007c44                USB_EP0_OutStart
 .text.USB_CoreReset
                0x08007cd0       0x68 Drivers/STM32F7xx_HAL_Driver/stm32f7xx_ll_usb.o
 .text.USBD_HID_Init
                0x08007d38       0x50 Middlewares/STM32_USBD_Library/Class/HID/usbd_hid.o
 .text.USBD_HID_DeInit
                0x08007d88       0x3c Middlewares/STM32_USBD_Library/Class/HID/usbd_hid.o
 .text.USBD_HID_Setup
                0x08007dc4      0x138 Middlewares/STM32_USBD_Library/Class/HID/usbd_hid.o
 .text.USBD_HID_SendReport
                0x08007efc       0x44 Middlewares/STM32_USBD_Library/Class/HID/usbd_hid.o
                0x08007efc                USBD_HID_SendReport
 .text.USBD_HID_GetCfgDesc
                0x08007f40       0x20 Middlewares/STM32_USBD_Library/Class/HID/usbd_hid.o
 .text.USBD_HID_DataIn
                0x08007f60       0x24 Middlewares/STM32_USBD_Library/Class/HID/usbd_hid.o
 .text.USBD_HID_GetDeviceQualifierDesc
                0x08007f84       0x20 Middlewares/STM32_USBD_Library/Class/HID/usbd_hid.o
 .text.USBD_Init
                0x08007fa4       0x58 Middlewares/STM32_USBD_Library/Core/usbd_core.o
                0x08007fa4                USBD_Init
 .text.USBD_RegisterClass
                0x08007ffc       0x34 Middlewares/STM32_USBD_Library/Core/usbd_core.o
                0x08007ffc                USBD_RegisterClass
 .text.USBD_Start
                0x08008030       0x18 Middlewares/STM32_USBD_Library/Core/usbd_core.o
                0x08008030                USBD_Start
 .text.USBD_RunTestMode
                0x08008048       0x18 Middlewares/STM32_USBD_Library/Core/usbd_core.o
                0x08008048                USBD_RunTestMode
 .text.USBD_SetClassConfig
                0x08008060       0x40 Middlewares/STM32_USBD_Library/Core/usbd_core.o
                0x08008060                USBD_SetClassConfig
 .text.USBD_ClrClassConfig
                0x080080a0       0x28 Middlewares/STM32_USBD_Library/Core/usbd_core.o
                0x080080a0                USBD_ClrClassConfig
 .text.USBD_LL_SetupStage
                0x080080c8       0x94 Middlewares/STM32_USBD_Library/Core/usbd_core.o
                0x080080c8                USBD_LL_SetupStage
 .text.USBD_LL_DataOutStage
                0x0800815c       0xb8 Middlewares/STM32_USBD_Library/Core/usbd_core.o
                0x0800815c                USBD_LL_DataOutStage
 .text.USBD_LL_DataInStage
                0x08008214      0x120 Middlewares/STM32_USBD_Library/Core/usbd_core.o
                0x08008214                USBD_LL_DataInStage
 .text.USBD_LL_Reset
                0x08008334       0x60 Middlewares/STM32_USBD_Library/Core/usbd_core.o
                0x08008334                USBD_LL_Reset
 .text.USBD_LL_SetSpeed
                0x08008394       0x20 Middlewares/STM32_USBD_Library/Core/usbd_core.o
                0x08008394                USBD_LL_SetSpeed
 .text.USBD_LL_Suspend
                0x080083b4       0x2c Middlewares/STM32_USBD_Library/Core/usbd_core.o
                0x080083b4                USBD_LL_Suspend
 .text.USBD_LL_Resume
                0x080083e0       0x24 Middlewares/STM32_USBD_Library/Core/usbd_core.o
                0x080083e0                USBD_LL_Resume
 .text.USBD_LL_SOF
                0x08008404       0x34 Middlewares/STM32_USBD_Library/Core/usbd_core.o
                0x08008404                USBD_LL_SOF
 .text.USBD_LL_IsoINIncomplete
                0x08008438       0x1c Middlewares/STM32_USBD_Library/Core/usbd_core.o
                0x08008438                USBD_LL_IsoINIncomplete
 .text.USBD_LL_IsoOUTIncomplete
                0x08008454       0x1c Middlewares/STM32_USBD_Library/Core/usbd_core.o
                0x08008454                USBD_LL_IsoOUTIncomplete
 .text.USBD_LL_DevConnected
                0x08008470       0x18 Middlewares/STM32_USBD_Library/Core/usbd_core.o
                0x08008470                USBD_LL_DevConnected
 .text.USBD_LL_DevDisconnected
                0x08008488       0x30 Middlewares/STM32_USBD_Library/Core/usbd_core.o
                0x08008488                USBD_LL_DevDisconnected
 .text.USBD_StdDevReq
                0x080084b8       0xa0 Middlewares/STM32_USBD_Library/Core/usbd_ctlreq.o
                0x080084b8                USBD_StdDevReq
 .text.USBD_StdItfReq
                0x08008558       0x68 Middlewares/STM32_USBD_Library/Core/usbd_ctlreq.o
                0x08008558                USBD_StdItfReq
 .text.USBD_StdEPReq
                0x080085c0      0x1b0 Middlewares/STM32_USBD_Library/Core/usbd_ctlreq.o
                0x080085c0                USBD_StdEPReq
 .text.USBD_GetDescriptor
                0x08008770      0x1e8 Middlewares/STM32_USBD_Library/Core/usbd_ctlreq.o
 .text.USBD_SetAddress
                0x08008958       0x7c Middlewares/STM32_USBD_Library/Core/usbd_ctlreq.o
 .text.USBD_SetConfig
                0x080089d4      0x110 Middlewares/STM32_USBD_Library/Core/usbd_ctlreq.o
 .text.USBD_GetConfig
                0x08008ae4       0x64 Middlewares/STM32_USBD_Library/Core/usbd_ctlreq.o
 .text.USBD_GetStatus
                0x08008b48       0x54 Middlewares/STM32_USBD_Library/Core/usbd_ctlreq.o
 .text.USBD_SetFeature
                0x08008b9c       0x38 Middlewares/STM32_USBD_Library/Core/usbd_ctlreq.o
 .text.USBD_ClrFeature
                0x08008bd4       0x50 Middlewares/STM32_USBD_Library/Core/usbd_ctlreq.o
 .text.USBD_ParseSetupRequest
                0x08008c24       0x7c Middlewares/STM32_USBD_Library/Core/usbd_ctlreq.o
                0x08008c24                USBD_ParseSetupRequest
 .text.USBD_CtlError
                0x08008ca0       0x24 Middlewares/STM32_USBD_Library/Core/usbd_ctlreq.o
                0x08008ca0                USBD_CtlError
 .text.USBD_GetString
                0x08008cc4       0x88 Middlewares/STM32_USBD_Library/Core/usbd_ctlreq.o
                0x08008cc4                USBD_GetString
 .text.USBD_GetLen
                0x08008d4c       0x30 Middlewares/STM32_USBD_Library/Core/usbd_ctlreq.o
 .text.USBD_CtlSendData
                0x08008d7c       0x38 Middlewares/STM32_USBD_Library/Core/usbd_ioreq.o
                0x08008d7c                USBD_CtlSendData
 .text.USBD_CtlContinueSendData
                0x08008db4       0x24 Middlewares/STM32_USBD_Library/Core/usbd_ioreq.o
                0x08008db4                USBD_CtlContinueSendData
 .text.USBD_CtlContinueRx
                0x08008dd8       0x24 Middlewares/STM32_USBD_Library/Core/usbd_ioreq.o
                0x08008dd8                USBD_CtlContinueRx
 .text.USBD_CtlSendStatus
                0x08008dfc       0x28 Middlewares/STM32_USBD_Library/Core/usbd_ioreq.o
                0x08008dfc                USBD_CtlSendStatus
 .text.USBD_CtlReceiveStatus
                0x08008e24       0x28 Middlewares/STM32_USBD_Library/Core/usbd_ioreq.o
                0x08008e24                USBD_CtlReceiveStatus
 .text.Reset_Handler
                0x08008e4c       0x50 Mouse/SW4STM32/startup_stm32f746xx.o
                0x08008e4c                Reset_Handler
 .text.Default_Handler
                0x08008e9c        0x2 Mouse/SW4STM32/startup_stm32f746xx.o
                0x08008e9c                RTC_Alarm_IRQHandler
                0x08008e9c                EXTI2_IRQHandler
                0x08008e9c                TIM8_CC_IRQHandler
                0x08008e9c                UART8_IRQHandler
                0x08008e9c                SPI4_IRQHandler
                0x08008e9c                TIM1_CC_IRQHandler
                0x08008e9c                DMA2_Stream5_IRQHandler
                0x08008e9c                DMA1_Stream5_IRQHandler
                0x08008e9c                PVD_IRQHandler
                0x08008e9c                TAMP_STAMP_IRQHandler
                0x08008e9c                CAN2_RX1_IRQHandler
                0x08008e9c                EXTI3_IRQHandler
                0x08008e9c                TIM8_TRG_COM_TIM14_IRQHandler
                0x08008e9c                TIM1_UP_TIM10_IRQHandler
                0x08008e9c                TIM8_UP_TIM13_IRQHandler
                0x08008e9c                I2C3_ER_IRQHandler
                0x08008e9c                EXTI0_IRQHandler
                0x08008e9c                I2C2_EV_IRQHandler
                0x08008e9c                DMA1_Stream2_IRQHandler
                0x08008e9c                CAN1_RX0_IRQHandler
                0x08008e9c                FPU_IRQHandler
                0x08008e9c                OTG_HS_WKUP_IRQHandler
                0x08008e9c                LTDC_ER_IRQHandler
                0x08008e9c                CAN2_SCE_IRQHandler
                0x08008e9c                DMA2_Stream2_IRQHandler
                0x08008e9c                SPI1_IRQHandler
                0x08008e9c                TIM6_DAC_IRQHandler
                0x08008e9c                TIM1_BRK_TIM9_IRQHandler
                0x08008e9c                DCMI_IRQHandler
                0x08008e9c                CAN2_RX0_IRQHandler
                0x08008e9c                DMA2_Stream3_IRQHandler
                0x08008e9c                SAI2_IRQHandler
                0x08008e9c                USART6_IRQHandler
                0x08008e9c                USART3_IRQHandler
                0x08008e9c                CAN1_RX1_IRQHandler
                0x08008e9c                UART5_IRQHandler
                0x08008e9c                DMA2_Stream0_IRQHandler
                0x08008e9c                TIM4_IRQHandler
                0x08008e9c                QUADSPI_IRQHandler
                0x08008e9c                I2C1_EV_IRQHandler
                0x08008e9c                DMA1_Stream6_IRQHandler
                0x08008e9c                DMA1_Stream1_IRQHandler
                0x08008e9c                UART4_IRQHandler
                0x08008e9c                TIM3_IRQHandler
                0x08008e9c                RCC_IRQHandler
                0x08008e9c                TIM8_BRK_TIM12_IRQHandler
                0x08008e9c                Default_Handler
                0x08008e9c                CEC_IRQHandler
                0x08008e9c                ADC_IRQHandler
                0x08008e9c                DMA1_Stream7_IRQHandler
                0x08008e9c                SPI5_IRQHandler
                0x08008e9c                TIM7_IRQHandler
                0x08008e9c                SDMMC1_IRQHandler
                0x08008e9c                CAN2_TX_IRQHandler
                0x08008e9c                TIM5_IRQHandler
                0x08008e9c                DMA2_Stream7_IRQHandler
                0x08008e9c                I2C3_EV_IRQHandler
                0x08008e9c                EXTI9_5_IRQHandler
                0x08008e9c                RTC_WKUP_IRQHandler
                0x08008e9c                LTDC_IRQHandler
                0x08008e9c                ETH_WKUP_IRQHandler
                0x08008e9c                SPDIF_RX_IRQHandler
                0x08008e9c                SPI2_IRQHandler
                0x08008e9c                OTG_HS_EP1_IN_IRQHandler
                0x08008e9c                DMA1_Stream0_IRQHandler
                0x08008e9c                CAN1_TX_IRQHandler
                0x08008e9c                EXTI4_IRQHandler
                0x08008e9c                RNG_IRQHandler
                0x08008e9c                ETH_IRQHandler
                0x08008e9c                OTG_HS_EP1_OUT_IRQHandler
                0x08008e9c                WWDG_IRQHandler
                0x08008e9c                SPI6_IRQHandler
                0x08008e9c                I2C4_EV_IRQHandler
                0x08008e9c                TIM2_IRQHandler
                0x08008e9c                TIM1_TRG_COM_TIM11_IRQHandler
                0x08008e9c                OTG_HS_IRQHandler
                0x08008e9c                DMA2D_IRQHandler
                0x08008e9c                EXTI1_IRQHandler
                0x08008e9c                UART7_IRQHandler
                0x08008e9c                USART2_IRQHandler
                0x08008e9c                I2C2_ER_IRQHandler
                0x08008e9c                DMA2_Stream1_IRQHandler
                0x08008e9c                CAN1_SCE_IRQHandler
                0x08008e9c                FLASH_IRQHandler
                0x08008e9c                DMA2_Stream4_IRQHandler
                0x08008e9c                USART1_IRQHandler
                0x08008e9c                SPI3_IRQHandler
                0x08008e9c                DMA1_Stream4_IRQHandler
                0x08008e9c                I2C1_ER_IRQHandler
                0x08008e9c                FMC_IRQHandler
                0x08008e9c                LPTIM1_IRQHandler
                0x08008e9c                I2C4_ER_IRQHandler
                0x08008e9c                DMA2_Stream6_IRQHandler
                0x08008e9c                SAI1_IRQHandler
                0x08008e9c                DMA1_Stream3_IRQHandler
 *fill*         0x08008e9e        0x2 
 .text.SCB_EnableICache
                0x08008ea0       0x38 Mouse/User/main.o
 .text.SCB_EnableDCache
                0x08008ed8       0x80 Mouse/User/main.o
 .text.main     0x08008f58      0x1e0 Mouse/User/main.o
                0x08008f58                main
 .text.HAL_Delay
                0x08009138       0x34 Mouse/User/main.o
                0x08009138                HAL_Delay
 .text.SystemClock_Config
                0x0800916c       0x88 Mouse/User/main.o
 .text.Error_Handler
                0x080091f4        0x8 Mouse/User/main.o
 .text.CPU_CACHE_Enable
                0x080091fc       0x10 Mouse/User/main.o
 .text.NMI_Handler
                0x0800920c       0x10 Mouse/User/stm32f7xx_it.o
                0x0800920c                NMI_Handler
 .text.HardFault_Handler
                0x0800921c        0x8 Mouse/User/stm32f7xx_it.o
                0x0800921c                HardFault_Handler
 .text.MemManage_Handler
                0x08009224        0x8 Mouse/User/stm32f7xx_it.o
                0x08009224                MemManage_Handler
 .text.BusFault_Handler
                0x0800922c        0x8 Mouse/User/stm32f7xx_it.o
                0x0800922c                BusFault_Handler
 .text.UsageFault_Handler
                0x08009234        0x8 Mouse/User/stm32f7xx_it.o
                0x08009234                UsageFault_Handler
 .text.SVC_Handler
                0x0800923c       0x10 Mouse/User/stm32f7xx_it.o
                0x0800923c                SVC_Handler
 .text.DebugMon_Handler
                0x0800924c       0x10 Mouse/User/stm32f7xx_it.o
                0x0800924c                DebugMon_Handler
 .text.PendSV_Handler
                0x0800925c       0x10 Mouse/User/stm32f7xx_it.o
                0x0800925c                PendSV_Handler
 .text.SysTick_Handler
                0x0800926c        0xc Mouse/User/stm32f7xx_it.o
                0x0800926c                SysTick_Handler
 .text.OTG_FS_IRQHandler
                0x08009278       0x14 Mouse/User/stm32f7xx_it.o
                0x08009278                OTG_FS_IRQHandler
 .text.OTG_FS_WKUP_IRQHandler
                0x0800928c       0x50 Mouse/User/stm32f7xx_it.o
                0x0800928c                OTG_FS_WKUP_IRQHandler
 .text.EXTI15_10_IRQHandler
                0x080092dc       0x10 Mouse/User/stm32f7xx_it.o
                0x080092dc                EXTI15_10_IRQHandler
 .text.HAL_PCD_MspInit
                0x080092ec      0x29c Mouse/User/usbd_conf.o
                0x080092ec                HAL_PCD_MspInit
 .text.HAL_PCD_SetupStageCallback
                0x08009588       0x24 Mouse/User/usbd_conf.o
                0x08009588                HAL_PCD_SetupStageCallback
 .text.HAL_PCD_DataOutStageCallback
                0x080095ac       0x38 Mouse/User/usbd_conf.o
                0x080095ac                HAL_PCD_DataOutStageCallback
 .text.HAL_PCD_DataInStageCallback
                0x080095e4       0x34 Mouse/User/usbd_conf.o
                0x080095e4                HAL_PCD_DataInStageCallback
 .text.HAL_PCD_SOFCallback
                0x08009618       0x1c Mouse/User/usbd_conf.o
                0x08009618                HAL_PCD_SOFCallback
 .text.HAL_PCD_ResetCallback
                0x08009634       0x50 Mouse/User/usbd_conf.o
                0x08009634                HAL_PCD_ResetCallback
 .text.HAL_PCD_SuspendCallback
                0x08009684       0x50 Mouse/User/usbd_conf.o
                0x08009684                HAL_PCD_SuspendCallback
 .text.HAL_PCD_ResumeCallback
                0x080096d4       0x64 Mouse/User/usbd_conf.o
                0x080096d4                HAL_PCD_ResumeCallback
 .text.HAL_PCD_ISOOUTIncompleteCallback
                0x08009738       0x24 Mouse/User/usbd_conf.o
                0x08009738                HAL_PCD_ISOOUTIncompleteCallback
 .text.HAL_PCD_ISOINIncompleteCallback
                0x0800975c       0x24 Mouse/User/usbd_conf.o
                0x0800975c                HAL_PCD_ISOINIncompleteCallback
 .text.HAL_PCD_ConnectCallback
                0x08009780       0x1c Mouse/User/usbd_conf.o
                0x08009780                HAL_PCD_ConnectCallback
 .text.HAL_PCD_DisconnectCallback
                0x0800979c       0x1c Mouse/User/usbd_conf.o
                0x0800979c                HAL_PCD_DisconnectCallback
 .text.USBD_LL_Init
                0x080097b8       0x8c Mouse/User/usbd_conf.o
                0x080097b8                USBD_LL_Init
 .text.USBD_LL_Start
                0x08009844       0x20 Mouse/User/usbd_conf.o
                0x08009844                USBD_LL_Start
 .text.USBD_LL_OpenEP
                0x08009864       0x34 Mouse/User/usbd_conf.o
                0x08009864                USBD_LL_OpenEP
 .text.USBD_LL_CloseEP
                0x08009898       0x28 Mouse/User/usbd_conf.o
                0x08009898                USBD_LL_CloseEP
 .text.USBD_LL_StallEP
                0x080098c0       0x28 Mouse/User/usbd_conf.o
                0x080098c0                USBD_LL_StallEP
 .text.USBD_LL_ClearStallEP
                0x080098e8       0x28 Mouse/User/usbd_conf.o
                0x080098e8                USBD_LL_ClearStallEP
 .text.USBD_LL_IsStallEP
                0x08009910       0x58 Mouse/User/usbd_conf.o
                0x08009910                USBD_LL_IsStallEP
 .text.USBD_LL_SetUSBAddress
                0x08009968       0x28 Mouse/User/usbd_conf.o
                0x08009968                USBD_LL_SetUSBAddress
 .text.USBD_LL_Transmit
                0x08009990       0x30 Mouse/User/usbd_conf.o
                0x08009990                USBD_LL_Transmit
 .text.USBD_LL_PrepareReceive
                0x080099c0       0x30 Mouse/User/usbd_conf.o
                0x080099c0                USBD_LL_PrepareReceive
 .text.SystemClockConfig_STOP
                0x080099f0       0x68 Mouse/User/usbd_conf.o
                0x080099f0                SystemClockConfig_STOP
 .text.USBD_HID_DeviceDescriptor
                0x08009a58       0x24 Mouse/User/usbd_desc.o
                0x08009a58                USBD_HID_DeviceDescriptor
 .text.USBD_HID_LangIDStrDescriptor
                0x08009a7c       0x24 Mouse/User/usbd_desc.o
                0x08009a7c                USBD_HID_LangIDStrDescriptor
 .text.USBD_HID_ProductStrDescriptor
                0x08009aa0       0x40 Mouse/User/usbd_desc.o
                0x08009aa0                USBD_HID_ProductStrDescriptor
 .text.USBD_HID_ManufacturerStrDescriptor
                0x08009ae0       0x28 Mouse/User/usbd_desc.o
                0x08009ae0                USBD_HID_ManufacturerStrDescriptor
 .text.USBD_HID_SerialStrDescriptor
                0x08009b08       0x24 Mouse/User/usbd_desc.o
                0x08009b08                USBD_HID_SerialStrDescriptor
 .text.USBD_HID_ConfigStrDescriptor
                0x08009b2c       0x3c Mouse/User/usbd_desc.o
                0x08009b2c                USBD_HID_ConfigStrDescriptor
 .text.USBD_HID_InterfaceStrDescriptor
                0x08009b68       0x3c Mouse/User/usbd_desc.o
                0x08009b68                USBD_HID_InterfaceStrDescriptor
 .text.Get_SerialNum
                0x08009ba4       0x58 Mouse/User/usbd_desc.o
 .text.IntToUnicode
                0x08009bfc       0x7c Mouse/User/usbd_desc.o
 .text.__libc_init_array
                0x08009c78       0x4c /home/chibbol/Ac6/SystemWorkbench/plugins/fr.ac6.mcu.externaltools.arm-none.linux64_1.13.1.201707031232/tools/compiler/bin/../lib/gcc/arm-none-eabi/5.4.1/../../../../arm-none-eabi/lib/armv7e-m/fpu/fpv5-sp-d16/libc_nano.a(lib_a-init.o)
                0x08009c78                __libc_init_array
 .text.malloc   0x08009cc4       0x10 /home/chibbol/Ac6/SystemWorkbench/plugins/fr.ac6.mcu.externaltools.arm-none.linux64_1.13.1.201707031232/tools/compiler/bin/../lib/gcc/arm-none-eabi/5.4.1/../../../../arm-none-eabi/lib/armv7e-m/fpu/fpv5-sp-d16/libc_nano.a(lib_a-malloc.o)
                0x08009cc4                malloc
 .text.free     0x08009cd4       0x10 /home/chibbol/Ac6/SystemWorkbench/plugins/fr.ac6.mcu.externaltools.arm-none.linux64_1.13.1.201707031232/tools/compiler/bin/../lib/gcc/arm-none-eabi/5.4.1/../../../../arm-none-eabi/lib/armv7e-m/fpu/fpv5-sp-d16/libc_nano.a(lib_a-malloc.o)
                0x08009cd4                free
 .text._free_r  0x08009ce4       0x9c /home/chibbol/Ac6/SystemWorkbench/plugins/fr.ac6.mcu.externaltools.arm-none.linux64_1.13.1.201707031232/tools/compiler/bin/../lib/gcc/arm-none-eabi/5.4.1/../../../../arm-none-eabi/lib/armv7e-m/fpu/fpv5-sp-d16/libc_nano.a(lib_a-nano-freer.o)
                0x08009ce4                _free_r
 .text._malloc_r
                0x08009d80       0xbc /home/chibbol/Ac6/SystemWorkbench/plugins/fr.ac6.mcu.externaltools.arm-none.linux64_1.13.1.201707031232/tools/compiler/bin/../lib/gcc/arm-none-eabi/5.4.1/../../../../arm-none-eabi/lib/armv7e-m/fpu/fpv5-sp-d16/libc_nano.a(lib_a-nano-mallocr.o)
                0x08009d80                _malloc_r
 .text._sbrk_r  0x08009e3c       0x20 /home/chibbol/Ac6/SystemWorkbench/plugins/fr.ac6.mcu.externaltools.arm-none.linux64_1.13.1.201707031232/tools/compiler/bin/../lib/gcc/arm-none-eabi/5.4.1/../../../../arm-none-eabi/lib/armv7e-m/fpu/fpv5-sp-d16/libc_nano.a(lib_a-sbrkr.o)
                0x08009e3c                _sbrk_r
 .text.__malloc_lock
                0x08009e5c        0x2 /home/chibbol/Ac6/SystemWorkbench/plugins/fr.ac6.mcu.externaltools.arm-none.linux64_1.13.1.201707031232/tools/compiler/bin/../lib/gcc/arm-none-eabi/5.4.1/../../../../arm-none-eabi/lib/armv7e-m/fpu/fpv5-sp-d16/libc_nano.a(lib_a-mlock.o)
                0x08009e5c                __malloc_lock
 .text.__malloc_unlock
                0x08009e5e        0x2 /home/chibbol/Ac6/SystemWorkbench/plugins/fr.ac6.mcu.externaltools.arm-none.linux64_1.13.1.201707031232/tools/compiler/bin/../lib/gcc/arm-none-eabi/5.4.1/../../../../arm-none-eabi/lib/armv7e-m/fpu/fpv5-sp-d16/libc_nano.a(lib_a-mlock.o)
                0x08009e5e                __malloc_unlock
 .text._sbrk    0x08009e60       0x1c /home/chibbol/Ac6/SystemWorkbench/plugins/fr.ac6.mcu.externaltools.arm-none.linux64_1.13.1.201707031232/tools/compiler/bin/../lib/gcc/arm-none-eabi/5.4.1/../../../../arm-none-eabi/lib/armv7e-m/fpu/fpv5-sp-d16/libnosys.a(sbrk.o)
                0x08009e60                _sbrk
 *(.glue_7)
 .glue_7        0x08009e7c        0x0 linker stubs
 *(.glue_7t)
 .glue_7t       0x08009e7c        0x0 linker stubs
 *(.eh_frame)
 .eh_frame      0x08009e7c        0x0 /home/chibbol/Ac6/SystemWorkbench/plugins/fr.ac6.mcu.externaltools.arm-none.linux64_1.13.1.201707031232/tools/compiler/bin/../lib/gcc/arm-none-eabi/5.4.1/armv7e-m/fpu/fpv5-sp-d16/crtbegin.o
 *(.init)
 .init          0x08009e7c        0x4 /home/chibbol/Ac6/SystemWorkbench/plugins/fr.ac6.mcu.externaltools.arm-none.linux64_1.13.1.201707031232/tools/compiler/bin/../lib/gcc/arm-none-eabi/5.4.1/armv7e-m/fpu/fpv5-sp-d16/crti.o
                0x08009e7c                _init
 .init          0x08009e80        0x8 /home/chibbol/Ac6/SystemWorkbench/plugins/fr.ac6.mcu.externaltools.arm-none.linux64_1.13.1.201707031232/tools/compiler/bin/../lib/gcc/arm-none-eabi/5.4.1/armv7e-m/fpu/fpv5-sp-d16/crtn.o
 *(.fini)
 .fini          0x08009e88        0x4 /home/chibbol/Ac6/SystemWorkbench/plugins/fr.ac6.mcu.externaltools.arm-none.linux64_1.13.1.201707031232/tools/compiler/bin/../lib/gcc/arm-none-eabi/5.4.1/armv7e-m/fpu/fpv5-sp-d16/crti.o
                0x08009e88                _fini
 .fini          0x08009e8c        0x8 /home/chibbol/Ac6/SystemWorkbench/plugins/fr.ac6.mcu.externaltools.arm-none.linux64_1.13.1.201707031232/tools/compiler/bin/../lib/gcc/arm-none-eabi/5.4.1/armv7e-m/fpu/fpv5-sp-d16/crtn.o
                0x08009e94                . = ALIGN (0x4)
                0x08009e94                _etext = .

.vfp11_veneer   0x08009e94        0x0
 .vfp11_veneer  0x08009e94        0x0 linker stubs

.v4_bx          0x08009e94        0x0
 .v4_bx         0x08009e94        0x0 linker stubs

.iplt           0x08009e94        0x0
 .iplt          0x08009e94        0x0 /home/chibbol/Ac6/SystemWorkbench/plugins/fr.ac6.mcu.externaltools.arm-none.linux64_1.13.1.201707031232/tools/compiler/bin/../lib/gcc/arm-none-eabi/5.4.1/armv7e-m/fpu/fpv5-sp-d16/crtbegin.o

.rodata         0x08009e94     0x3d5c
                0x08009e94                . = ALIGN (0x4)
 *(.rodata)
 .rodata        0x08009e94     0x3cdc Drivers/BSP/STM32746G_DISCOVERY/stm32746g_discovery_lcd.o
                0x08009e94                Font24_Table
                0x0800b94c                Font20_Table
                0x0800c824                Font16_Table
                0x0800d404                Font12_Table
                0x0800d878                Font8_Table
 .rodata        0x0800db70       0x18 Drivers/CMSIS/system_stm32f7xx.o
                0x0800db70                AHBPrescTable
                0x0800db80                APBPrescTable
 .rodata        0x0800db88        0x8 Drivers/STM32F7xx_HAL_Driver/stm32f7xx_hal_dma.o
 .rodata        0x0800db90       0x5e Mouse/User/usbd_desc.o
 *(.rodata*)
                0x0800dbf0                . = ALIGN (0x4)
 *fill*         0x0800dbee        0x2 

.rel.dyn        0x0800dbf0        0x0
 .rel.iplt      0x0800dbf0        0x0 /home/chibbol/Ac6/SystemWorkbench/plugins/fr.ac6.mcu.externaltools.arm-none.linux64_1.13.1.201707031232/tools/compiler/bin/../lib/gcc/arm-none-eabi/5.4.1/armv7e-m/fpu/fpv5-sp-d16/crtbegin.o

.ARM.extab
 *(.ARM.extab* .gnu.linkonce.armextab.*)

.ARM            0x0800dbf0        0x0
                0x0800dbf0                __exidx_start = .
 *(.ARM.exidx*)
                0x0800dbf0                __exidx_end = .

.preinit_array  0x0800dbf0        0x0
                0x0800dbf0                PROVIDE (__preinit_array_start, .)
 *(.preinit_array*)
                0x0800dbf0                PROVIDE (__preinit_array_end, .)

.init_array     0x0800dbf0        0x4
                0x0800dbf0                PROVIDE (__init_array_start, .)
 *(SORT(.init_array.*))
 *(.init_array*)
 .init_array    0x0800dbf0        0x4 /home/chibbol/Ac6/SystemWorkbench/plugins/fr.ac6.mcu.externaltools.arm-none.linux64_1.13.1.201707031232/tools/compiler/bin/../lib/gcc/arm-none-eabi/5.4.1/armv7e-m/fpu/fpv5-sp-d16/crtbegin.o
                0x0800dbf4                PROVIDE (__init_array_end, .)

.fini_array     0x0800dbf4        0x4
                [!provide]                PROVIDE (__fini_array_start, .)
 *(SORT(.fini_array.*))
 *(.fini_array*)
 .fini_array    0x0800dbf4        0x4 /home/chibbol/Ac6/SystemWorkbench/plugins/fr.ac6.mcu.externaltools.arm-none.linux64_1.13.1.201707031232/tools/compiler/bin/../lib/gcc/arm-none-eabi/5.4.1/armv7e-m/fpu/fpv5-sp-d16/crtbegin.o
                [!provide]                PROVIDE (__fini_array_end, .)
                0x0800dbf8                _sidata = LOADADDR (.data)

.data           0x20000000      0x1cc load address 0x0800dbf8
                0x20000000                . = ALIGN (0x4)
                0x20000000                _sdata = .
 *(.data)
 .data          0x20000000       0x28 Drivers/BSP/Components/ft5336/ft5336.o
                0x20000000                ft5336_ts_drv
 .data          0x20000028       0x28 Drivers/BSP/STM32746G_DISCOVERY/stm32746g_discovery_lcd.o
                0x20000028                Font24
                0x20000030                Font20
                0x20000038                Font16
                0x20000040                Font12
                0x20000048                Font8
 .data          0x20000050        0x2 Drivers/BSP/STM32746G_DISCOVERY/stm32746g_discovery_sdram.o
 *fill*         0x20000052        0x2 
 .data          0x20000054        0x4 Drivers/CMSIS/system_stm32f7xx.o
                0x20000054                SystemCoreClock
 .data          0x20000058       0xbe Middlewares/STM32_USBD_Library/Class/HID/usbd_hid.o
                0x20000058                USBD_HID
 *fill*         0x20000116        0x2 
 .data          0x20000118       0x4e Mouse/User/usbd_desc.o
                0x20000118                HID_Desc
                0x20000134                USBD_DeviceDesc
                0x20000148                USBD_LangIDDesc
                0x2000014c                USBD_StringSerial
 *(.data*)
 *fill*         0x20000166        0x2 
 .data.impure_data
                0x20000168       0x60 /home/chibbol/Ac6/SystemWorkbench/plugins/fr.ac6.mcu.externaltools.arm-none.linux64_1.13.1.201707031232/tools/compiler/bin/../lib/gcc/arm-none-eabi/5.4.1/../../../../arm-none-eabi/lib/armv7e-m/fpu/fpv5-sp-d16/libc_nano.a(lib_a-impure.o)
 .data._impure_ptr
                0x200001c8        0x4 /home/chibbol/Ac6/SystemWorkbench/plugins/fr.ac6.mcu.externaltools.arm-none.linux64_1.13.1.201707031232/tools/compiler/bin/../lib/gcc/arm-none-eabi/5.4.1/../../../../arm-none-eabi/lib/armv7e-m/fpu/fpv5-sp-d16/libc_nano.a(lib_a-impure.o)
                0x200001c8                _impure_ptr
                0x200001cc                . = ALIGN (0x4)
                0x200001cc                _edata = .

.jcr            0x200001cc        0x0 load address 0x0800ddc4
 .jcr           0x200001cc        0x0 /home/chibbol/Ac6/SystemWorkbench/plugins/fr.ac6.mcu.externaltools.arm-none.linux64_1.13.1.201707031232/tools/compiler/bin/../lib/gcc/arm-none-eabi/5.4.1/armv7e-m/fpu/fpv5-sp-d16/crtbegin.o

.igot.plt       0x200001cc        0x0 load address 0x0800ddc4
 .igot.plt      0x200001cc        0x0 /home/chibbol/Ac6/SystemWorkbench/plugins/fr.ac6.mcu.externaltools.arm-none.linux64_1.13.1.201707031232/tools/compiler/bin/../lib/gcc/arm-none-eabi/5.4.1/armv7e-m/fpu/fpv5-sp-d16/crtbegin.o
                0x200001cc                . = ALIGN (0x4)

.bss            0x200001cc      0xadc load address 0x0800ddc4
                0x200001cc                _sbss = .
                0x200001cc                __bss_start__ = _sbss
 *(.bss)
 .bss           0x200001cc       0x1c /home/chibbol/Ac6/SystemWorkbench/plugins/fr.ac6.mcu.externaltools.arm-none.linux64_1.13.1.201707031232/tools/compiler/bin/../lib/gcc/arm-none-eabi/5.4.1/armv7e-m/fpu/fpv5-sp-d16/crtbegin.o
 .bss           0x200001e8        0x6 Drivers/BSP/Components/ft5336/ft5336.o
 *fill*         0x200001ee        0x2 
 .bss           0x200001f0       0x98 Drivers/BSP/STM32746G_DISCOVERY/stm32746g_discovery.o
 .bss           0x20000288       0xe0 Drivers/BSP/STM32746G_DISCOVERY/stm32746g_discovery_lcd.o
 .bss           0x20000368       0xec Drivers/BSP/STM32746G_DISCOVERY/stm32746g_discovery_sdram.o
 .bss           0x20000454       0x34 Drivers/BSP/STM32746G_DISCOVERY/stm32746g_discovery_ts.o
 .bss           0x20000488        0x1 Middlewares/STM32_USBD_Library/Core/usbd_ctlreq.o
 *fill*         0x20000489        0x3 
 .bss           0x2000048c        0x4 Mouse/User/usbd_conf.o
                0x2000048c                remotewakeupon
 *(.bss*)
 .bss.__malloc_sbrk_start
                0x20000490        0x4 /home/chibbol/Ac6/SystemWorkbench/plugins/fr.ac6.mcu.externaltools.arm-none.linux64_1.13.1.201707031232/tools/compiler/bin/../lib/gcc/arm-none-eabi/5.4.1/../../../../arm-none-eabi/lib/armv7e-m/fpu/fpv5-sp-d16/libc_nano.a(lib_a-nano-mallocr.o)
                0x20000490                __malloc_sbrk_start
 .bss.__malloc_free_list
                0x20000494        0x4 /home/chibbol/Ac6/SystemWorkbench/plugins/fr.ac6.mcu.externaltools.arm-none.linux64_1.13.1.201707031232/tools/compiler/bin/../lib/gcc/arm-none-eabi/5.4.1/../../../../arm-none-eabi/lib/armv7e-m/fpu/fpv5-sp-d16/libc_nano.a(lib_a-nano-mallocr.o)
                0x20000494                __malloc_free_list
 .bss.heap_end.4169
                0x20000498        0x4 /home/chibbol/Ac6/SystemWorkbench/plugins/fr.ac6.mcu.externaltools.arm-none.linux64_1.13.1.201707031232/tools/compiler/bin/../lib/gcc/arm-none-eabi/5.4.1/../../../../arm-none-eabi/lib/armv7e-m/fpu/fpv5-sp-d16/libnosys.a(sbrk.o)
 *(COMMON)
 COMMON         0x2000049c       0xa8 Drivers/BSP/STM32746G_DISCOVERY/stm32746g_discovery_lcd.o
                0x2000049c                hLtdcHandler
 COMMON         0x20000544       0x34 Drivers/BSP/STM32746G_DISCOVERY/stm32746g_discovery_sdram.o
                0x20000544                sdramHandle
 COMMON         0x20000578        0x4 Drivers/STM32F7xx_HAL_Driver/stm32f7xx_hal.o
                0x20000578                uwTick
 COMMON         0x2000057c      0x228 Mouse/User/main.o
                0x2000057c                HID_Buffer
                0x20000580                USBD_Device
 COMMON         0x200007a4      0x400 Mouse/User/usbd_conf.o
                0x200007a4                hpcd
 COMMON         0x20000ba4      0x100 Mouse/User/usbd_desc.o
                0x20000ba4                USBD_StrDesc
 COMMON         0x20000ca4        0x4 /home/chibbol/Ac6/SystemWorkbench/plugins/fr.ac6.mcu.externaltools.arm-none.linux64_1.13.1.201707031232/tools/compiler/bin/../lib/gcc/arm-none-eabi/5.4.1/../../../../arm-none-eabi/lib/armv7e-m/fpu/fpv5-sp-d16/libc_nano.a(lib_a-reent.o)
                0x20000ca4                errno
                0x20000ca8                . = ALIGN (0x4)
                0x20000ca8                _ebss = .
                0x20000ca8                __bss_end__ = _ebss

._user_heap_stack
                0x20000ca8      0x600 load address 0x0800ddc4
                0x20000ca8                . = ALIGN (0x8)
                0x20000ca8                PROVIDE (end, .)
                [!provide]                PROVIDE (_end, .)
                0x20000ea8                . = (. + _Min_Heap_Size)
 *fill*         0x20000ca8      0x200 
                0x200012a8                . = (. + _Min_Stack_Size)
 *fill*         0x20000ea8      0x400 
                0x200012a8                . = ALIGN (0x8)

/DISCARD/
 libc.a(*)
 libm.a(*)
 libgcc.a(*)

.ARM.attributes
                0x00000000       0x30
 *(.ARM.attributes)
 .ARM.attributes
                0x00000000       0x22 /home/chibbol/Ac6/SystemWorkbench/plugins/fr.ac6.mcu.externaltools.arm-none.linux64_1.13.1.201707031232/tools/compiler/bin/../lib/gcc/arm-none-eabi/5.4.1/armv7e-m/fpu/fpv5-sp-d16/crti.o
 .ARM.attributes
                0x00000022       0x34 /home/chibbol/Ac6/SystemWorkbench/plugins/fr.ac6.mcu.externaltools.arm-none.linux64_1.13.1.201707031232/tools/compiler/bin/../lib/gcc/arm-none-eabi/5.4.1/armv7e-m/fpu/fpv5-sp-d16/crtbegin.o
 .ARM.attributes
                0x00000056       0x39 Drivers/BSP/Components/ft5336/ft5336.o
 .ARM.attributes
                0x0000008f       0x39 Drivers/BSP/STM32746G_DISCOVERY/stm32746g_discovery.o
 .ARM.attributes
                0x000000c8       0x39 Drivers/BSP/STM32746G_DISCOVERY/stm32746g_discovery_lcd.o
 .ARM.attributes
                0x00000101       0x39 Drivers/BSP/STM32746G_DISCOVERY/stm32746g_discovery_sdram.o
 .ARM.attributes
                0x0000013a       0x39 Drivers/BSP/STM32746G_DISCOVERY/stm32746g_discovery_ts.o
 .ARM.attributes
                0x00000173       0x39 Drivers/CMSIS/system_stm32f7xx.o
 .ARM.attributes
                0x000001ac       0x39 Drivers/STM32F7xx_HAL_Driver/stm32f7xx_hal.o
 .ARM.attributes
                0x000001e5       0x39 Drivers/STM32F7xx_HAL_Driver/stm32f7xx_hal_cortex.o
 .ARM.attributes
                0x0000021e       0x39 Drivers/STM32F7xx_HAL_Driver/stm32f7xx_hal_dma.o
 .ARM.attributes
                0x00000257       0x39 Drivers/STM32F7xx_HAL_Driver/stm32f7xx_hal_dma2d.o
 .ARM.attributes
                0x00000290       0x39 Drivers/STM32F7xx_HAL_Driver/stm32f7xx_hal_gpio.o
 .ARM.attributes
                0x000002c9       0x39 Drivers/STM32F7xx_HAL_Driver/stm32f7xx_hal_i2c.o
 .ARM.attributes
                0x00000302       0x39 Drivers/STM32F7xx_HAL_Driver/stm32f7xx_hal_ltdc.o
 .ARM.attributes
                0x0000033b       0x39 Drivers/STM32F7xx_HAL_Driver/stm32f7xx_hal_pcd.o
 .ARM.attributes
                0x00000374       0x39 Drivers/STM32F7xx_HAL_Driver/stm32f7xx_hal_pcd_ex.o
 .ARM.attributes
                0x000003ad       0x39 Drivers/STM32F7xx_HAL_Driver/stm32f7xx_hal_pwr_ex.o
 .ARM.attributes
                0x000003e6       0x39 Drivers/STM32F7xx_HAL_Driver/stm32f7xx_hal_rcc.o
 .ARM.attributes
                0x0000041f       0x39 Drivers/STM32F7xx_HAL_Driver/stm32f7xx_hal_rcc_ex.o
 .ARM.attributes
                0x00000458       0x39 Drivers/STM32F7xx_HAL_Driver/stm32f7xx_hal_sdram.o
 .ARM.attributes
                0x00000491       0x39 Drivers/STM32F7xx_HAL_Driver/stm32f7xx_ll_fmc.o
 .ARM.attributes
                0x000004ca       0x39 Drivers/STM32F7xx_HAL_Driver/stm32f7xx_ll_usb.o
 .ARM.attributes
                0x00000503       0x39 Middlewares/STM32_USBD_Library/Class/HID/usbd_hid.o
 .ARM.attributes
                0x0000053c       0x39 Middlewares/STM32_USBD_Library/Core/usbd_core.o
 .ARM.attributes
                0x00000575       0x39 Middlewares/STM32_USBD_Library/Core/usbd_ctlreq.o
 .ARM.attributes
                0x000005ae       0x39 Middlewares/STM32_USBD_Library/Core/usbd_ioreq.o
 .ARM.attributes
                0x000005e7       0x21 Mouse/SW4STM32/startup_stm32f746xx.o
 .ARM.attributes
                0x00000608       0x39 Mouse/User/main.o
 .ARM.attributes
                0x00000641       0x39 Mouse/User/stm32f7xx_it.o
 .ARM.attributes
                0x0000067a       0x39 Mouse/User/usbd_conf.o
 .ARM.attributes
                0x000006b3       0x39 Mouse/User/usbd_desc.o
 .ARM.attributes
                0x000006ec       0x34 /home/chibbol/Ac6/SystemWorkbench/plugins/fr.ac6.mcu.externaltools.arm-none.linux64_1.13.1.201707031232/tools/compiler/bin/../lib/gcc/arm-none-eabi/5.4.1/../../../../arm-none-eabi/lib/armv7e-m/fpu/fpv5-sp-d16/libc_nano.a(lib_a-impure.o)
 .ARM.attributes
                0x00000720       0x34 /home/chibbol/Ac6/SystemWorkbench/plugins/fr.ac6.mcu.externaltools.arm-none.linux64_1.13.1.201707031232/tools/compiler/bin/../lib/gcc/arm-none-eabi/5.4.1/../../../../arm-none-eabi/lib/armv7e-m/fpu/fpv5-sp-d16/libc_nano.a(lib_a-init.o)
 .ARM.attributes
                0x00000754       0x34 /home/chibbol/Ac6/SystemWorkbench/plugins/fr.ac6.mcu.externaltools.arm-none.linux64_1.13.1.201707031232/tools/compiler/bin/../lib/gcc/arm-none-eabi/5.4.1/../../../../arm-none-eabi/lib/armv7e-m/fpu/fpv5-sp-d16/libc_nano.a(lib_a-malloc.o)
 .ARM.attributes
                0x00000788       0x34 /home/chibbol/Ac6/SystemWorkbench/plugins/fr.ac6.mcu.externaltools.arm-none.linux64_1.13.1.201707031232/tools/compiler/bin/../lib/gcc/arm-none-eabi/5.4.1/../../../../arm-none-eabi/lib/armv7e-m/fpu/fpv5-sp-d16/libc_nano.a(lib_a-nano-freer.o)
 .ARM.attributes
                0x000007bc       0x34 /home/chibbol/Ac6/SystemWorkbench/plugins/fr.ac6.mcu.externaltools.arm-none.linux64_1.13.1.201707031232/tools/compiler/bin/../lib/gcc/arm-none-eabi/5.4.1/../../../../arm-none-eabi/lib/armv7e-m/fpu/fpv5-sp-d16/libc_nano.a(lib_a-nano-mallocr.o)
 .ARM.attributes
                0x000007f0       0x34 /home/chibbol/Ac6/SystemWorkbench/plugins/fr.ac6.mcu.externaltools.arm-none.linux64_1.13.1.201707031232/tools/compiler/bin/../lib/gcc/arm-none-eabi/5.4.1/../../../../arm-none-eabi/lib/armv7e-m/fpu/fpv5-sp-d16/libc_nano.a(lib_a-sbrkr.o)
 .ARM.attributes
                0x00000824       0x34 /home/chibbol/Ac6/SystemWorkbench/plugins/fr.ac6.mcu.externaltools.arm-none.linux64_1.13.1.201707031232/tools/compiler/bin/../lib/gcc/arm-none-eabi/5.4.1/../../../../arm-none-eabi/lib/armv7e-m/fpu/fpv5-sp-d16/libc_nano.a(lib_a-mlock.o)
 .ARM.attributes
                0x00000858       0x34 /home/chibbol/Ac6/SystemWorkbench/plugins/fr.ac6.mcu.externaltools.arm-none.linux64_1.13.1.201707031232/tools/compiler/bin/../lib/gcc/arm-none-eabi/5.4.1/../../../../arm-none-eabi/lib/armv7e-m/fpu/fpv5-sp-d16/libc_nano.a(lib_a-reent.o)
 .ARM.attributes
                0x0000088c       0x34 /home/chibbol/Ac6/SystemWorkbench/plugins/fr.ac6.mcu.externaltools.arm-none.linux64_1.13.1.201707031232/tools/compiler/bin/../lib/gcc/arm-none-eabi/5.4.1/../../../../arm-none-eabi/lib/armv7e-m/fpu/fpv5-sp-d16/libnosys.a(sbrk.o)
 .ARM.attributes
                0x000008c0       0x22 /home/chibbol/Ac6/SystemWorkbench/plugins/fr.ac6.mcu.externaltools.arm-none.linux64_1.13.1.201707031232/tools/compiler/bin/../lib/gcc/arm-none-eabi/5.4.1/armv7e-m/fpu/fpv5-sp-d16/crtn.o
OUTPUT(STM32746G-DISCOVERY-usb-hid-mouse.elf elf32-littlearm)

.debug_info     0x00000000    0x1851f
 .debug_info    0x00000000      0x589 Drivers/BSP/Components/ft5336/ft5336.o
 .debug_info    0x00000589     0x193c Drivers/BSP/STM32746G_DISCOVERY/stm32746g_discovery.o
 .debug_info    0x00001ec5     0x21ad Drivers/BSP/STM32746G_DISCOVERY/stm32746g_discovery_lcd.o
 .debug_info    0x00004072      0xe93 Drivers/BSP/STM32746G_DISCOVERY/stm32746g_discovery_sdram.o
 .debug_info    0x00004f05      0x906 Drivers/BSP/STM32746G_DISCOVERY/stm32746g_discovery_ts.o
 .debug_info    0x0000580b      0x6e4 Drivers/CMSIS/system_stm32f7xx.o
 .debug_info    0x00005eef      0x8c6 Drivers/STM32F7xx_HAL_Driver/stm32f7xx_hal.o
 .debug_info    0x000067b5      0xfc1 Drivers/STM32F7xx_HAL_Driver/stm32f7xx_hal_cortex.o
 .debug_info    0x00007776      0x8f7 Drivers/STM32F7xx_HAL_Driver/stm32f7xx_hal_dma.o
 .debug_info    0x0000806d     0x1139 Drivers/STM32F7xx_HAL_Driver/stm32f7xx_hal_dma2d.o
 .debug_info    0x000091a6      0x746 Drivers/STM32F7xx_HAL_Driver/stm32f7xx_hal_gpio.o
 .debug_info    0x000098ec     0x1bc9 Drivers/STM32F7xx_HAL_Driver/stm32f7xx_hal_i2c.o
 .debug_info    0x0000b4b5     0x106a Drivers/STM32F7xx_HAL_Driver/stm32f7xx_hal_ltdc.o
 .debug_info    0x0000c51f      0xfbc Drivers/STM32F7xx_HAL_Driver/stm32f7xx_hal_pcd.o
 .debug_info    0x0000d4db      0x724 Drivers/STM32F7xx_HAL_Driver/stm32f7xx_hal_pcd_ex.o
 .debug_info    0x0000dbff      0x910 Drivers/STM32F7xx_HAL_Driver/stm32f7xx_hal_pwr_ex.o
 .debug_info    0x0000e50f      0xb99 Drivers/STM32F7xx_HAL_Driver/stm32f7xx_hal_rcc.o
 .debug_info    0x0000f0a8     0x1021 Drivers/STM32F7xx_HAL_Driver/stm32f7xx_hal_rcc_ex.o
 .debug_info    0x000100c9      0xc08 Drivers/STM32F7xx_HAL_Driver/stm32f7xx_hal_sdram.o
 .debug_info    0x00010cd1      0xc3a Drivers/STM32F7xx_HAL_Driver/stm32f7xx_ll_fmc.o
 .debug_info    0x0001190b     0x1481 Drivers/STM32F7xx_HAL_Driver/stm32f7xx_ll_usb.o
 .debug_info    0x00012d8c      0x7d5 Middlewares/STM32_USBD_Library/Class/HID/usbd_hid.o
 .debug_info    0x00013561      0x90e Middlewares/STM32_USBD_Library/Core/usbd_core.o
 .debug_info    0x00013e6f      0x86f Middlewares/STM32_USBD_Library/Core/usbd_ctlreq.o
 .debug_info    0x000146de      0x66f Middlewares/STM32_USBD_Library/Core/usbd_ioreq.o
 .debug_info    0x00014d4d      0x147 Mouse/SW4STM32/startup_stm32f746xx.o
 .debug_info    0x00014e94      0xd5a Mouse/User/main.o
 .debug_info    0x00015bee      0xa16 Mouse/User/stm32f7xx_it.o
 .debug_info    0x00016604     0x1ad0 Mouse/User/usbd_conf.o
 .debug_info    0x000180d4      0x44b Mouse/User/usbd_desc.o

.debug_abbrev   0x00000000     0x37fa
 .debug_abbrev  0x00000000      0x1c3 Drivers/BSP/Components/ft5336/ft5336.o
 .debug_abbrev  0x000001c3      0x274 Drivers/BSP/STM32746G_DISCOVERY/stm32746g_discovery.o
 .debug_abbrev  0x00000437      0x2b2 Drivers/BSP/STM32746G_DISCOVERY/stm32746g_discovery_lcd.o
 .debug_abbrev  0x000006e9      0x1e4 Drivers/BSP/STM32746G_DISCOVERY/stm32746g_discovery_sdram.o
 .debug_abbrev  0x000008cd      0x1f7 Drivers/BSP/STM32746G_DISCOVERY/stm32746g_discovery_ts.o
 .debug_abbrev  0x00000ac4      0x120 Drivers/CMSIS/system_stm32f7xx.o
 .debug_abbrev  0x00000be4      0x1ad Drivers/STM32F7xx_HAL_Driver/stm32f7xx_hal.o
 .debug_abbrev  0x00000d91      0x2cc Drivers/STM32F7xx_HAL_Driver/stm32f7xx_hal_cortex.o
 .debug_abbrev  0x0000105d      0x229 Drivers/STM32F7xx_HAL_Driver/stm32f7xx_hal_dma.o
 .debug_abbrev  0x00001286      0x261 Drivers/STM32F7xx_HAL_Driver/stm32f7xx_hal_dma2d.o
 .debug_abbrev  0x000014e7      0x1af Drivers/STM32F7xx_HAL_Driver/stm32f7xx_hal_gpio.o
 .debug_abbrev  0x00001696      0x1fe Drivers/STM32F7xx_HAL_Driver/stm32f7xx_hal_i2c.o
 .debug_abbrev  0x00001894      0x1fa Drivers/STM32F7xx_HAL_Driver/stm32f7xx_hal_ltdc.o
 .debug_abbrev  0x00001a8e      0x23d Drivers/STM32F7xx_HAL_Driver/stm32f7xx_hal_pcd.o
 .debug_abbrev  0x00001ccb      0x19b Drivers/STM32F7xx_HAL_Driver/stm32f7xx_hal_pcd_ex.o
 .debug_abbrev  0x00001e66      0x1c1 Drivers/STM32F7xx_HAL_Driver/stm32f7xx_hal_pwr_ex.o
 .debug_abbrev  0x00002027      0x268 Drivers/STM32F7xx_HAL_Driver/stm32f7xx_hal_rcc.o
 .debug_abbrev  0x0000228f      0x1e3 Drivers/STM32F7xx_HAL_Driver/stm32f7xx_hal_rcc_ex.o
 .debug_abbrev  0x00002472      0x1dd Drivers/STM32F7xx_HAL_Driver/stm32f7xx_hal_sdram.o
 .debug_abbrev  0x0000264f      0x156 Drivers/STM32F7xx_HAL_Driver/stm32f7xx_ll_fmc.o
 .debug_abbrev  0x000027a5      0x218 Drivers/STM32F7xx_HAL_Driver/stm32f7xx_ll_usb.o
 .debug_abbrev  0x000029bd      0x1be Middlewares/STM32_USBD_Library/Class/HID/usbd_hid.o
 .debug_abbrev  0x00002b7b      0x1c0 Middlewares/STM32_USBD_Library/Core/usbd_core.o
 .debug_abbrev  0x00002d3b      0x1f0 Middlewares/STM32_USBD_Library/Core/usbd_ctlreq.o
 .debug_abbrev  0x00002f2b      0x130 Middlewares/STM32_USBD_Library/Core/usbd_ioreq.o
 .debug_abbrev  0x0000305b       0x12 Mouse/SW4STM32/startup_stm32f746xx.o
 .debug_abbrev  0x0000306d      0x259 Mouse/User/main.o
 .debug_abbrev  0x000032c6      0x16f Mouse/User/stm32f7xx_it.o
 .debug_abbrev  0x00003435      0x24e Mouse/User/usbd_conf.o
 .debug_abbrev  0x00003683      0x177 Mouse/User/usbd_desc.o

.debug_aranges  0x00000000     0x15f0
 .debug_aranges
                0x00000000       0x90 Drivers/BSP/Components/ft5336/ft5336.o
 .debug_aranges
                0x00000090      0x128 Drivers/BSP/STM32746G_DISCOVERY/stm32746g_discovery.o
 .debug_aranges
                0x000001b8      0x1d8 Drivers/BSP/STM32746G_DISCOVERY/stm32746g_discovery_lcd.o
 .debug_aranges
                0x00000390       0x68 Drivers/BSP/STM32746G_DISCOVERY/stm32746g_discovery_sdram.o
 .debug_aranges
                0x000003f8       0x58 Drivers/BSP/STM32746G_DISCOVERY/stm32746g_discovery_ts.o
 .debug_aranges
                0x00000450       0x28 Drivers/CMSIS/system_stm32f7xx.o
 .debug_aranges
                0x00000478       0xd0 Drivers/STM32F7xx_HAL_Driver/stm32f7xx_hal.o
 .debug_aranges
                0x00000548      0x118 Drivers/STM32F7xx_HAL_Driver/stm32f7xx_hal_cortex.o
 .debug_aranges
                0x00000660       0x90 Drivers/STM32F7xx_HAL_Driver/stm32f7xx_hal_dma.o
 .debug_aranges
                0x000006f0      0x108 Drivers/STM32F7xx_HAL_Driver/stm32f7xx_hal_dma2d.o
 .debug_aranges
                0x000007f8       0x58 Drivers/STM32F7xx_HAL_Driver/stm32f7xx_hal_gpio.o
 .debug_aranges
                0x00000850      0x260 Drivers/STM32F7xx_HAL_Driver/stm32f7xx_hal_i2c.o
 .debug_aranges
                0x00000ab0      0x158 Drivers/STM32F7xx_HAL_Driver/stm32f7xx_hal_ltdc.o
 .debug_aranges
                0x00000c08      0x120 Drivers/STM32F7xx_HAL_Driver/stm32f7xx_hal_pcd.o
 .debug_aranges
                0x00000d28       0x40 Drivers/STM32F7xx_HAL_Driver/stm32f7xx_hal_pcd_ex.o
 .debug_aranges
                0x00000d68       0x80 Drivers/STM32F7xx_HAL_Driver/stm32f7xx_hal_pwr_ex.o
 .debug_aranges
                0x00000de8       0x88 Drivers/STM32F7xx_HAL_Driver/stm32f7xx_hal_rcc.o
 .debug_aranges
                0x00000e70       0x30 Drivers/STM32F7xx_HAL_Driver/stm32f7xx_hal_rcc_ex.o
 .debug_aranges
                0x00000ea0       0xd0 Drivers/STM32F7xx_HAL_Driver/stm32f7xx_hal_sdram.o
 .debug_aranges
                0x00000f70       0xc8 Drivers/STM32F7xx_HAL_Driver/stm32f7xx_ll_fmc.o
 .debug_aranges
                0x00001038      0x180 Drivers/STM32F7xx_HAL_Driver/stm32f7xx_ll_usb.o
 .debug_aranges
                0x000011b8       0x58 Middlewares/STM32_USBD_Library/Class/HID/usbd_hid.o
 .debug_aranges
                0x00001210       0xb8 Middlewares/STM32_USBD_Library/Core/usbd_core.o
 .debug_aranges
                0x000012c8       0x88 Middlewares/STM32_USBD_Library/Core/usbd_ctlreq.o
 .debug_aranges
                0x00001350       0x50 Middlewares/STM32_USBD_Library/Core/usbd_ioreq.o
 .debug_aranges
                0x000013a0       0x28 Mouse/SW4STM32/startup_stm32f746xx.o
 .debug_aranges
                0x000013c8       0x50 Mouse/User/main.o
 .debug_aranges
                0x00001418       0x78 Mouse/User/stm32f7xx_it.o
 .debug_aranges
                0x00001490      0x100 Mouse/User/usbd_conf.o
 .debug_aranges
                0x00001590       0x60 Mouse/User/usbd_desc.o

.debug_ranges   0x00000000     0x1418
 .debug_ranges  0x00000000       0x80 Drivers/BSP/Components/ft5336/ft5336.o
 .debug_ranges  0x00000080      0x118 Drivers/BSP/STM32746G_DISCOVERY/stm32746g_discovery.o
 .debug_ranges  0x00000198      0x1c8 Drivers/BSP/STM32746G_DISCOVERY/stm32746g_discovery_lcd.o
 .debug_ranges  0x00000360       0x58 Drivers/BSP/STM32746G_DISCOVERY/stm32746g_discovery_sdram.o
 .debug_ranges  0x000003b8       0x48 Drivers/BSP/STM32746G_DISCOVERY/stm32746g_discovery_ts.o
 .debug_ranges  0x00000400       0x18 Drivers/CMSIS/system_stm32f7xx.o
 .debug_ranges  0x00000418       0xc0 Drivers/STM32F7xx_HAL_Driver/stm32f7xx_hal.o
 .debug_ranges  0x000004d8      0x108 Drivers/STM32F7xx_HAL_Driver/stm32f7xx_hal_cortex.o
 .debug_ranges  0x000005e0       0x80 Drivers/STM32F7xx_HAL_Driver/stm32f7xx_hal_dma.o
 .debug_ranges  0x00000660       0xf8 Drivers/STM32F7xx_HAL_Driver/stm32f7xx_hal_dma2d.o
 .debug_ranges  0x00000758       0x48 Drivers/STM32F7xx_HAL_Driver/stm32f7xx_hal_gpio.o
 .debug_ranges  0x000007a0      0x250 Drivers/STM32F7xx_HAL_Driver/stm32f7xx_hal_i2c.o
 .debug_ranges  0x000009f0      0x148 Drivers/STM32F7xx_HAL_Driver/stm32f7xx_hal_ltdc.o
 .debug_ranges  0x00000b38      0x110 Drivers/STM32F7xx_HAL_Driver/stm32f7xx_hal_pcd.o
 .debug_ranges  0x00000c48       0x30 Drivers/STM32F7xx_HAL_Driver/stm32f7xx_hal_pcd_ex.o
 .debug_ranges  0x00000c78       0x70 Drivers/STM32F7xx_HAL_Driver/stm32f7xx_hal_pwr_ex.o
 .debug_ranges  0x00000ce8       0x78 Drivers/STM32F7xx_HAL_Driver/stm32f7xx_hal_rcc.o
 .debug_ranges  0x00000d60       0x20 Drivers/STM32F7xx_HAL_Driver/stm32f7xx_hal_rcc_ex.o
 .debug_ranges  0x00000d80       0xc0 Drivers/STM32F7xx_HAL_Driver/stm32f7xx_hal_sdram.o
 .debug_ranges  0x00000e40       0xb8 Drivers/STM32F7xx_HAL_Driver/stm32f7xx_ll_fmc.o
 .debug_ranges  0x00000ef8      0x170 Drivers/STM32F7xx_HAL_Driver/stm32f7xx_ll_usb.o
 .debug_ranges  0x00001068       0x48 Middlewares/STM32_USBD_Library/Class/HID/usbd_hid.o
 .debug_ranges  0x000010b0       0xa8 Middlewares/STM32_USBD_Library/Core/usbd_core.o
 .debug_ranges  0x00001158       0x78 Middlewares/STM32_USBD_Library/Core/usbd_ctlreq.o
 .debug_ranges  0x000011d0       0x40 Middlewares/STM32_USBD_Library/Core/usbd_ioreq.o
 .debug_ranges  0x00001210       0x20 Mouse/SW4STM32/startup_stm32f746xx.o
 .debug_ranges  0x00001230       0x40 Mouse/User/main.o
 .debug_ranges  0x00001270       0x68 Mouse/User/stm32f7xx_it.o
 .debug_ranges  0x000012d8       0xf0 Mouse/User/usbd_conf.o
 .debug_ranges  0x000013c8       0x50 Mouse/User/usbd_desc.o

.debug_macro    0x00000000    0x2a709
 .debug_macro   0x00000000       0x7b Drivers/BSP/Components/ft5336/ft5336.o
 .debug_macro   0x0000007b      0x898 Drivers/BSP/Components/ft5336/ft5336.o
 .debug_macro   0x00000913       0x10 Drivers/BSP/Components/ft5336/ft5336.o
 .debug_macro   0x00000923       0x22 Drivers/BSP/Components/ft5336/ft5336.o
 .debug_macro   0x00000945       0x87 Drivers/BSP/Components/ft5336/ft5336.o
 .debug_macro   0x000009cc       0x44 Drivers/BSP/Components/ft5336/ft5336.o
 .debug_macro   0x00000a10       0xfd Drivers/BSP/Components/ft5336/ft5336.o
 .debug_macro   0x00000b0d       0x5e Drivers/BSP/Components/ft5336/ft5336.o
 .debug_macro   0x00000b6b      0x1df Drivers/BSP/Components/ft5336/ft5336.o
 .debug_macro   0x00000d4a      0x39f Drivers/BSP/Components/ft5336/ft5336.o
 .debug_macro   0x000010e9      0x37b Drivers/BSP/STM32746G_DISCOVERY/stm32746g_discovery.o
 .debug_macro   0x00001464      0x1c8 Drivers/BSP/STM32746G_DISCOVERY/stm32746g_discovery.o
 .debug_macro   0x0000162c       0x2e Drivers/BSP/STM32746G_DISCOVERY/stm32746g_discovery.o
 .debug_macro   0x0000165a       0x3b Drivers/BSP/STM32746G_DISCOVERY/stm32746g_discovery.o
 .debug_macro   0x00001695       0x35 Drivers/BSP/STM32746G_DISCOVERY/stm32746g_discovery.o
 .debug_macro   0x000016ca       0x50 Drivers/BSP/STM32746G_DISCOVERY/stm32746g_discovery.o
 .debug_macro   0x0000171a     0x1114 Drivers/BSP/STM32746G_DISCOVERY/stm32746g_discovery.o
 .debug_macro   0x0000282e    0x1875c Drivers/BSP/STM32746G_DISCOVERY/stm32746g_discovery.o
 .debug_macro   0x0001af8a       0x43 Drivers/BSP/STM32746G_DISCOVERY/stm32746g_discovery.o
 .debug_macro   0x0001afcd     0x35c8 Drivers/BSP/STM32746G_DISCOVERY/stm32746g_discovery.o
 .debug_macro   0x0001e595       0x52 Drivers/BSP/STM32746G_DISCOVERY/stm32746g_discovery.o
 .debug_macro   0x0001e5e7       0x35 Drivers/BSP/STM32746G_DISCOVERY/stm32746g_discovery.o
 .debug_macro   0x0001e61c       0x9c Drivers/BSP/STM32746G_DISCOVERY/stm32746g_discovery.o
 .debug_macro   0x0001e6b8       0x16 Drivers/BSP/STM32746G_DISCOVERY/stm32746g_discovery.o
 .debug_macro   0x0001e6ce       0x97 Drivers/BSP/STM32746G_DISCOVERY/stm32746g_discovery.o
 .debug_macro   0x0001e765      0x30d Drivers/BSP/STM32746G_DISCOVERY/stm32746g_discovery.o
 .debug_macro   0x0001ea72       0xfd Drivers/BSP/STM32746G_DISCOVERY/stm32746g_discovery.o
 .debug_macro   0x0001eb6f       0x10 Drivers/BSP/STM32746G_DISCOVERY/stm32746g_discovery.o
 .debug_macro   0x0001eb7f       0x52 Drivers/BSP/STM32746G_DISCOVERY/stm32746g_discovery.o
 .debug_macro   0x0001ebd1       0x1f Drivers/BSP/STM32746G_DISCOVERY/stm32746g_discovery.o
 .debug_macro   0x0001ebf0       0x43 Drivers/BSP/STM32746G_DISCOVERY/stm32746g_discovery.o
 .debug_macro   0x0001ec33       0x20 Drivers/BSP/STM32746G_DISCOVERY/stm32746g_discovery.o
 .debug_macro   0x0001ec53      0x187 Drivers/BSP/STM32746G_DISCOVERY/stm32746g_discovery.o
 .debug_macro   0x0001edda       0x10 Drivers/BSP/STM32746G_DISCOVERY/stm32746g_discovery.o
 .debug_macro   0x0001edea       0x1c Drivers/BSP/STM32746G_DISCOVERY/stm32746g_discovery.o
 .debug_macro   0x0001ee06       0x52 Drivers/BSP/STM32746G_DISCOVERY/stm32746g_discovery.o
 .debug_macro   0x0001ee58       0x40 Drivers/BSP/STM32746G_DISCOVERY/stm32746g_discovery.o
 .debug_macro   0x0001ee98       0x10 Drivers/BSP/STM32746G_DISCOVERY/stm32746g_discovery.o
 .debug_macro   0x0001eea8       0x40 Drivers/BSP/STM32746G_DISCOVERY/stm32746g_discovery.o
 .debug_macro   0x0001eee8       0xd7 Drivers/BSP/STM32746G_DISCOVERY/stm32746g_discovery.o
 .debug_macro   0x0001efbf       0x16 Drivers/BSP/STM32746G_DISCOVERY/stm32746g_discovery.o
 .debug_macro   0x0001efd5      0x18b Drivers/BSP/STM32746G_DISCOVERY/stm32746g_discovery.o
 .debug_macro   0x0001f160       0x57 Drivers/BSP/STM32746G_DISCOVERY/stm32746g_discovery.o
 .debug_macro   0x0001f1b7     0x18ad Drivers/BSP/STM32746G_DISCOVERY/stm32746g_discovery.o
 .debug_macro   0x00020a64      0x6a2 Drivers/BSP/STM32746G_DISCOVERY/stm32746g_discovery.o
 .debug_macro   0x00021106      0x11e Drivers/BSP/STM32746G_DISCOVERY/stm32746g_discovery.o
 .debug_macro   0x00021224      0x204 Drivers/BSP/STM32746G_DISCOVERY/stm32746g_discovery.o
 .debug_macro   0x00021428       0x27 Drivers/BSP/STM32746G_DISCOVERY/stm32746g_discovery.o
 .debug_macro   0x0002144f      0x24f Drivers/BSP/STM32746G_DISCOVERY/stm32746g_discovery.o
 .debug_macro   0x0002169e       0x41 Drivers/BSP/STM32746G_DISCOVERY/stm32746g_discovery.o
 .debug_macro   0x000216df       0x58 Drivers/BSP/STM32746G_DISCOVERY/stm32746g_discovery.o
 .debug_macro   0x00021737      0x23a Drivers/BSP/STM32746G_DISCOVERY/stm32746g_discovery.o
 .debug_macro   0x00021971      0x20f Drivers/BSP/STM32746G_DISCOVERY/stm32746g_discovery.o
 .debug_macro   0x00021b80      0x156 Drivers/BSP/STM32746G_DISCOVERY/stm32746g_discovery.o
 .debug_macro   0x00021cd6      0x25d Drivers/BSP/STM32746G_DISCOVERY/stm32746g_discovery.o
 .debug_macro   0x00021f33       0x12 Drivers/BSP/STM32746G_DISCOVERY/stm32746g_discovery.o
 .debug_macro   0x00021f45      0x516 Drivers/BSP/STM32746G_DISCOVERY/stm32746g_discovery.o
 .debug_macro   0x0002245b      0x202 Drivers/BSP/STM32746G_DISCOVERY/stm32746g_discovery.o
 .debug_macro   0x0002265d       0x5a Drivers/BSP/STM32746G_DISCOVERY/stm32746g_discovery.o
 .debug_macro   0x000226b7       0x90 Drivers/BSP/STM32746G_DISCOVERY/stm32746g_discovery.o
 .debug_macro   0x00022747      0x255 Drivers/BSP/STM32746G_DISCOVERY/stm32746g_discovery.o
 .debug_macro   0x0002299c      0x133 Drivers/BSP/STM32746G_DISCOVERY/stm32746g_discovery.o
 .debug_macro   0x00022acf      0x10c Drivers/BSP/STM32746G_DISCOVERY/stm32746g_discovery.o
 .debug_macro   0x00022bdb       0x35 Drivers/BSP/STM32746G_DISCOVERY/stm32746g_discovery.o
 .debug_macro   0x00022c10      0x4e8 Drivers/BSP/STM32746G_DISCOVERY/stm32746g_discovery.o
 .debug_macro   0x000230f8       0x47 Drivers/BSP/STM32746G_DISCOVERY/stm32746g_discovery.o
 .debug_macro   0x0002313f      0x1f4 Drivers/BSP/STM32746G_DISCOVERY/stm32746g_discovery.o
 .debug_macro   0x00023333      0x120 Drivers/BSP/STM32746G_DISCOVERY/stm32746g_discovery.o
 .debug_macro   0x00023453      0x14a Drivers/BSP/STM32746G_DISCOVERY/stm32746g_discovery.o
 .debug_macro   0x0002359d      0x25e Drivers/BSP/STM32746G_DISCOVERY/stm32746g_discovery.o
 .debug_macro   0x000237fb      0x3b1 Drivers/BSP/STM32746G_DISCOVERY/stm32746g_discovery_lcd.o
 .debug_macro   0x00023bac       0x40 Drivers/BSP/STM32746G_DISCOVERY/stm32746g_discovery_lcd.o
 .debug_macro   0x00023bec       0x9a Drivers/BSP/STM32746G_DISCOVERY/stm32746g_discovery_lcd.o
 .debug_macro   0x00023c86      0x264 Drivers/BSP/STM32746G_DISCOVERY/stm32746g_discovery_lcd.o
 .debug_macro   0x00023eea       0x10 Drivers/BSP/STM32746G_DISCOVERY/stm32746g_discovery_lcd.o
 .debug_macro   0x00023efa      0x12c Drivers/BSP/STM32746G_DISCOVERY/stm32746g_discovery_lcd.o
 .debug_macro   0x00024026      0x35d Drivers/BSP/STM32746G_DISCOVERY/stm32746g_discovery_sdram.o
 .debug_macro   0x00024383      0x384 Drivers/BSP/STM32746G_DISCOVERY/stm32746g_discovery_ts.o
 .debug_macro   0x00024707       0x2e Drivers/BSP/STM32746G_DISCOVERY/stm32746g_discovery_ts.o
 .debug_macro   0x00024735      0x345 Drivers/CMSIS/system_stm32f7xx.o
 .debug_macro   0x00024a7a      0x372 Drivers/STM32F7xx_HAL_Driver/stm32f7xx_hal.o
 .debug_macro   0x00024dec      0x34e Drivers/STM32F7xx_HAL_Driver/stm32f7xx_hal_cortex.o
 .debug_macro   0x0002513a      0x355 Drivers/STM32F7xx_HAL_Driver/stm32f7xx_hal_dma.o
 .debug_macro   0x0002548f      0x3cd Drivers/STM32F7xx_HAL_Driver/stm32f7xx_hal_dma2d.o
 .debug_macro   0x0002585c      0x386 Drivers/STM32F7xx_HAL_Driver/stm32f7xx_hal_gpio.o
 .debug_macro   0x00025be2      0x41a Drivers/STM32F7xx_HAL_Driver/stm32f7xx_hal_i2c.o
 .debug_macro   0x00025ffc      0x34e Drivers/STM32F7xx_HAL_Driver/stm32f7xx_hal_ltdc.o
 .debug_macro   0x0002634a      0x35a Drivers/STM32F7xx_HAL_Driver/stm32f7xx_hal_pcd.o
 .debug_macro   0x000266a4      0x34e Drivers/STM32F7xx_HAL_Driver/stm32f7xx_hal_pcd_ex.o
 .debug_macro   0x000269f2      0x366 Drivers/STM32F7xx_HAL_Driver/stm32f7xx_hal_pwr_ex.o
 .debug_macro   0x00026d58      0x372 Drivers/STM32F7xx_HAL_Driver/stm32f7xx_hal_rcc.o
 .debug_macro   0x000270ca      0x35a Drivers/STM32F7xx_HAL_Driver/stm32f7xx_hal_rcc_ex.o
 .debug_macro   0x00027424      0x34e Drivers/STM32F7xx_HAL_Driver/stm32f7xx_hal_sdram.o
 .debug_macro   0x00027772      0x34e Drivers/STM32F7xx_HAL_Driver/stm32f7xx_ll_fmc.o
 .debug_macro   0x00027ac0      0x34e Drivers/STM32F7xx_HAL_Driver/stm32f7xx_ll_usb.o
 .debug_macro   0x00027e0e      0x40f Middlewares/STM32_USBD_Library/Class/HID/usbd_hid.o
 .debug_macro   0x0002821d       0x16 Middlewares/STM32_USBD_Library/Class/HID/usbd_hid.o
 .debug_macro   0x00028233       0x35 Middlewares/STM32_USBD_Library/Class/HID/usbd_hid.o
 .debug_macro   0x00028268       0x16 Middlewares/STM32_USBD_Library/Class/HID/usbd_hid.o
 .debug_macro   0x0002827e       0x29 Middlewares/STM32_USBD_Library/Class/HID/usbd_hid.o
 .debug_macro   0x000282a7       0x16 Middlewares/STM32_USBD_Library/Class/HID/usbd_hid.o
 .debug_macro   0x000282bd       0x52 Middlewares/STM32_USBD_Library/Class/HID/usbd_hid.o
 .debug_macro   0x0002830f      0x1c3 Middlewares/STM32_USBD_Library/Class/HID/usbd_hid.o
 .debug_macro   0x000284d2       0x6a Middlewares/STM32_USBD_Library/Class/HID/usbd_hid.o
 .debug_macro   0x0002853c       0x1c Middlewares/STM32_USBD_Library/Class/HID/usbd_hid.o
 .debug_macro   0x00028558      0x3e3 Middlewares/STM32_USBD_Library/Core/usbd_core.o
 .debug_macro   0x0002893b      0x1c9 Middlewares/STM32_USBD_Library/Core/usbd_core.o
 .debug_macro   0x00028b04      0x3ed Middlewares/STM32_USBD_Library/Core/usbd_ctlreq.o
 .debug_macro   0x00028ef1      0x3e9 Middlewares/STM32_USBD_Library/Core/usbd_ioreq.o
 .debug_macro   0x000292da      0x48a Mouse/User/main.o
 .debug_macro   0x00029764       0xa0 Mouse/User/main.o
 .debug_macro   0x00029804      0x1e1 Mouse/User/main.o
 .debug_macro   0x000299e5      0x47b Mouse/User/stm32f7xx_it.o
 .debug_macro   0x00029e60      0x477 Mouse/User/usbd_conf.o
 .debug_macro   0x0002a2d7      0x432 Mouse/User/usbd_desc.o

.debug_line     0x00000000    0x17081
 .debug_line    0x00000000      0x549 Drivers/BSP/Components/ft5336/ft5336.o
 .debug_line    0x00000549      0xc13 Drivers/BSP/STM32746G_DISCOVERY/stm32746g_discovery.o
 .debug_line    0x0000115c     0x110c Drivers/BSP/STM32746G_DISCOVERY/stm32746g_discovery_lcd.o
 .debug_line    0x00002268      0xa2a Drivers/BSP/STM32746G_DISCOVERY/stm32746g_discovery_sdram.o
 .debug_line    0x00002c92      0xb58 Drivers/BSP/STM32746G_DISCOVERY/stm32746g_discovery_ts.o
 .debug_line    0x000037ea      0x92e Drivers/CMSIS/system_stm32f7xx.o
 .debug_line    0x00004118      0xa9a Drivers/STM32F7xx_HAL_Driver/stm32f7xx_hal.o
 .debug_line    0x00004bb2      0xc06 Drivers/STM32F7xx_HAL_Driver/stm32f7xx_hal_cortex.o
 .debug_line    0x000057b8      0xbbb Drivers/STM32F7xx_HAL_Driver/stm32f7xx_hal_dma.o
 .debug_line    0x00006373      0xf14 Drivers/STM32F7xx_HAL_Driver/stm32f7xx_hal_dma2d.o
 .debug_line    0x00007287      0xaf7 Drivers/STM32F7xx_HAL_Driver/stm32f7xx_hal_gpio.o
 .debug_line    0x00007d7e     0x198d Drivers/STM32F7xx_HAL_Driver/stm32f7xx_hal_i2c.o
 .debug_line    0x0000970b     0x11c5 Drivers/STM32F7xx_HAL_Driver/stm32f7xx_hal_ltdc.o
 .debug_line    0x0000a8d0      0xe33 Drivers/STM32F7xx_HAL_Driver/stm32f7xx_hal_pcd.o
 .debug_line    0x0000b703      0x969 Drivers/STM32F7xx_HAL_Driver/stm32f7xx_hal_pcd_ex.o
 .debug_line    0x0000c06c      0xa40 Drivers/STM32F7xx_HAL_Driver/stm32f7xx_hal_pwr_ex.o
 .debug_line    0x0000caac      0xc1e Drivers/STM32F7xx_HAL_Driver/stm32f7xx_hal_rcc.o